Archive member included to satisfy reference by file (symbol)

/home/lmh/SimplicityStudio_v5/developer/toolchains/gnu_arm/12.2.rel1_2023.7/bin/../lib/gcc/arm-none-eabi/12.2.1/thumb/v7e-m+fp/softfp/libgcc.a(_aeabi_ldivmod.o)
                              ./gecko_sdk_4.5.0/platform/emlib/src/em_usart.o (__aeabi_ldivmod)
/home/lmh/SimplicityStudio_v5/developer/toolchains/gnu_arm/12.2.rel1_2023.7/bin/../lib/gcc/arm-none-eabi/12.2.1/thumb/v7e-m+fp/softfp/libgcc.a(_aeabi_uldivmod.o)
                              ./gecko_sdk_4.5.0/platform/emlib/src/em_usart.o (__aeabi_uldivmod)
/home/lmh/SimplicityStudio_v5/developer/toolchains/gnu_arm/12.2.rel1_2023.7/bin/../lib/gcc/arm-none-eabi/12.2.1/thumb/v7e-m+fp/softfp/libgcc.a(_udivmoddi4.o)
                              /home/lmh/SimplicityStudio_v5/developer/toolchains/gnu_arm/12.2.rel1_2023.7/bin/../lib/gcc/arm-none-eabi/12.2.1/thumb/v7e-m+fp/softfp/libgcc.a(_aeabi_ldivmod.o) (__udivmoddi4)
/home/lmh/SimplicityStudio_v5/developer/toolchains/gnu_arm/12.2.rel1_2023.7/bin/../lib/gcc/arm-none-eabi/12.2.1/thumb/v7e-m+fp/softfp/libgcc.a(_dvmd_tls.o)
                              /home/lmh/SimplicityStudio_v5/developer/toolchains/gnu_arm/12.2.rel1_2023.7/bin/../lib/gcc/arm-none-eabi/12.2.1/thumb/v7e-m+fp/softfp/libgcc.a(_aeabi_ldivmod.o) (__aeabi_ldiv0)
/home/lmh/SimplicityStudio_v5/developer/toolchains/gnu_arm/12.2.rel1_2023.7/bin/../lib/gcc/arm-none-eabi/12.2.1/../../../../arm-none-eabi/lib/thumb/v7e-m+fp/softfp/libc_nano.a(libc_a-exit.o)
                              /home/lmh/SimplicityStudio_v5/developer/toolchains/gnu_arm/12.2.rel1_2023.7/bin/../lib/gcc/arm-none-eabi/12.2.1/../../../../arm-none-eabi/lib/thumb/v7e-m+fp/softfp/crt0.o (exit)
/home/lmh/SimplicityStudio_v5/developer/toolchains/gnu_arm/12.2.rel1_2023.7/bin/../lib/gcc/arm-none-eabi/12.2.1/../../../../arm-none-eabi/lib/thumb/v7e-m+fp/softfp/libc_nano.a(libc_a-init.o)
                              /home/lmh/SimplicityStudio_v5/developer/toolchains/gnu_arm/12.2.rel1_2023.7/bin/../lib/gcc/arm-none-eabi/12.2.1/../../../../arm-none-eabi/lib/thumb/v7e-m+fp/softfp/crt0.o (__libc_init_array)
/home/lmh/SimplicityStudio_v5/developer/toolchains/gnu_arm/12.2.rel1_2023.7/bin/../lib/gcc/arm-none-eabi/12.2.1/../../../../arm-none-eabi/lib/thumb/v7e-m+fp/softfp/libc_nano.a(libc_a-memcpy-stub.o)
                              ./gecko_sdk_4.5.0/platform/Device/SiliconLabs/EFR32FG12P/Source/startup_efr32fg12p.o (memcpy)
/home/lmh/SimplicityStudio_v5/developer/toolchains/gnu_arm/12.2.rel1_2023.7/bin/../lib/gcc/arm-none-eabi/12.2.1/../../../../arm-none-eabi/lib/thumb/v7e-m+fp/softfp/libc_nano.a(libc_a-malloc.o)
                              ./gecko_sdk_4.5.0/util/silicon_labs/silabs_core/memory_manager/sl_malloc.o (malloc)
/home/lmh/SimplicityStudio_v5/developer/toolchains/gnu_arm/12.2.rel1_2023.7/bin/../lib/gcc/arm-none-eabi/12.2.1/../../../../arm-none-eabi/lib/thumb/v7e-m+fp/softfp/libc_nano.a(libc_a-mallocr.o)
                              /home/lmh/SimplicityStudio_v5/developer/toolchains/gnu_arm/12.2.rel1_2023.7/bin/../lib/gcc/arm-none-eabi/12.2.1/../../../../arm-none-eabi/lib/thumb/v7e-m+fp/softfp/libc_nano.a(libc_a-malloc.o) (_malloc_r)
/home/lmh/SimplicityStudio_v5/developer/toolchains/gnu_arm/12.2.rel1_2023.7/bin/../lib/gcc/arm-none-eabi/12.2.1/../../../../arm-none-eabi/lib/thumb/v7e-m+fp/softfp/libc_nano.a(libc_a-findfp.o)
                              /home/lmh/SimplicityStudio_v5/developer/toolchains/gnu_arm/12.2.rel1_2023.7/bin/../lib/gcc/arm-none-eabi/12.2.1/../../../../arm-none-eabi/lib/thumb/v7e-m+fp/softfp/libc_nano.a(libc_a-exit.o) (__stdio_exit_handler)
/home/lmh/SimplicityStudio_v5/developer/toolchains/gnu_arm/12.2.rel1_2023.7/bin/../lib/gcc/arm-none-eabi/12.2.1/../../../../arm-none-eabi/lib/thumb/v7e-m+fp/softfp/libc_nano.a(libc_a-stdio.o)
                              /home/lmh/SimplicityStudio_v5/developer/toolchains/gnu_arm/12.2.rel1_2023.7/bin/../lib/gcc/arm-none-eabi/12.2.1/../../../../arm-none-eabi/lib/thumb/v7e-m+fp/softfp/libc_nano.a(libc_a-findfp.o) (__sread)
/home/lmh/SimplicityStudio_v5/developer/toolchains/gnu_arm/12.2.rel1_2023.7/bin/../lib/gcc/arm-none-eabi/12.2.1/../../../../arm-none-eabi/lib/thumb/v7e-m+fp/softfp/libc_nano.a(libc_a-mlock.o)
                              /home/lmh/SimplicityStudio_v5/developer/toolchains/gnu_arm/12.2.rel1_2023.7/bin/../lib/gcc/arm-none-eabi/12.2.1/../../../../arm-none-eabi/lib/thumb/v7e-m+fp/softfp/libc_nano.a(libc_a-mallocr.o) (__malloc_lock)
/home/lmh/SimplicityStudio_v5/developer/toolchains/gnu_arm/12.2.rel1_2023.7/bin/../lib/gcc/arm-none-eabi/12.2.1/../../../../arm-none-eabi/lib/thumb/v7e-m+fp/softfp/libc_nano.a(libc_a-calloc.o)
                              ./gecko_sdk_4.5.0/util/silicon_labs/silabs_core/memory_manager/sl_malloc.o (calloc)
/home/lmh/SimplicityStudio_v5/developer/toolchains/gnu_arm/12.2.rel1_2023.7/bin/../lib/gcc/arm-none-eabi/12.2.1/../../../../arm-none-eabi/lib/thumb/v7e-m+fp/softfp/libc_nano.a(libc_a-callocr.o)
[...]
Memory Configuration

Name             Origin             Length             Attributes
FLASH            0x000000000fe10800 0x0000000000009000 xr
RAM              0x0000000020000004 0x000000000003fffc xrw
BOOTLOADER_RESET_REGION 0x0000000020000000 0x0000000000000004 xrw
*default*        0x0000000000000000 0xffffffffffffffff

Linker script and memory map

LOAD /home/lmh/SimplicityStudio_v5/developer/toolchains/gnu_arm/12.2.rel1_2023.7/bin/../lib/gcc/arm-none-eabi/12.2.1/thumb/v7e-m+fp/softfp/crti.o
LOAD /home/lmh/SimplicityStudio_v5/developer/toolchains/gnu_arm/12.2.rel1_2023.7/bin/../lib/gcc/arm-none-eabi/12.2.1/thumb/v7e-m+fp/softfp/crtbegin.o
LOAD /home/lmh/SimplicityStudio_v5/developer/toolchains/gnu_arm/12.2.rel1_2023.7/bin/../lib/gcc/arm-none-eabi/12.2.1/../../../../arm-none-eabi/lib/thumb/v7e-m+fp/softfp/crt0.o
START GROUP
LOAD ./gecko_sdk_4.5.0/platform/Device/SiliconLabs/EFR32FG12P/Source/startup_efr32fg12p.o
LOAD ./gecko_sdk_4.5.0/platform/Device/SiliconLabs/EFR32FG12P/Source/system_efr32fg12p.o
LOAD ./gecko_sdk_4.5.0/platform/bootloader/core/btl_bootload.o
LOAD ./gecko_sdk_4.5.0/platform/bootloader/core/btl_core.o
LOAD ./gecko_sdk_4.5.0/platform/bootloader/core/btl_main.o
LOAD ./gecko_sdk_4.5.0/platform/bootloader/core/btl_parse.o
LOAD ./gecko_sdk_4.5.0/platform/bootloader/core/btl_reset.o
LOAD ./gecko_sdk_4.5.0/platform/bootloader/core/flash/btl_internal_flash.o
LOAD ./gecko_sdk_4.5.0/platform/bootloader/debug/btl_debug.o
LOAD ./gecko_sdk_4.5.0/platform/bootloader/debug/btl_debug_swo.o
LOAD ./gecko_sdk_4.5.0/platform/bootloader/driver/btl_driver_delay.o
LOAD ./gecko_sdk_4.5.0/platform/bootloader/driver/btl_driver_spi_controller_usart.o
LOAD ./gecko_sdk_4.5.0/platform/bootloader/driver/btl_driver_util.o
LOAD ./gecko_sdk_4.5.0/platform/bootloader/parser/gbl/btl_gbl_custom_tags.o
LOAD ./gecko_sdk_4.5.0/platform/bootloader/parser/gbl/btl_gbl_format.o
LOAD ./gecko_sdk_4.5.0/platform/bootloader/parser/gbl/btl_gbl_parser.o
LOAD ./gecko_sdk_4.5.0/platform/bootloader/security/btl_crc16.o
LOAD ./gecko_sdk_4.5.0/platform/bootloader/security/btl_crc32.o
LOAD ./gecko_sdk_4.5.0/platform/bootloader/security/btl_security_aes.o
LOAD ./gecko_sdk_4.5.0/platform/bootloader/security/btl_security_ecdsa.o
LOAD ./gecko_sdk_4.5.0/platform/bootloader/security/btl_security_sha256.o
LOAD ./gecko_sdk_4.5.0/platform/bootloader/security/btl_security_tokens.o
LOAD ./gecko_sdk_4.5.0/platform/bootloader/security/ecc/ecc.o
LOAD ./gecko_sdk_4.5.0/platform/bootloader/security/sha/btl_sha256.o
LOAD ./gecko_sdk_4.5.0/platform/bootloader/security/sha/crypto_sha.o
LOAD ./gecko_sdk_4.5.0/platform/bootloader/security/sha/cryptoacc_sha.o
LOAD ./gecko_sdk_4.5.0/platform/bootloader/security/sha/se_sha.o
LOAD ./gecko_sdk_4.5.0/platform/bootloader/storage/bootloadinfo/btl_storage_bootloadinfo_single.o
LOAD ./gecko_sdk_4.5.0/platform/bootloader/storage/btl_callbacks_stub.o
LOAD ./gecko_sdk_4.5.0/platform/bootloader/storage/btl_storage.o
LOAD ./gecko_sdk_4.5.0/platform/bootloader/storage/btl_storage_library.o
LOAD ./gecko_sdk_4.5.0/platform/bootloader/storage/spiflash_sfdp/btl_storage_spiflash_sfdp.o
LOAD ./gecko_sdk_4.5.0/platform/common/src/sl_assert.o
LOAD ./gecko_sdk_4.5.0/platform/common/src/sl_syscalls.o
LOAD ./gecko_sdk_4.5.0/platform/common/toolchain/src/sl_memory.o
LOAD ./gecko_sdk_4.5.0/platform/emlib/src/em_acmp.o
LOAD ./gecko_sdk_4.5.0/platform/emlib/src/em_adc.o
LOAD ./gecko_sdk_4.5.0/platform/emlib/src/em_cmu.o
LOAD ./gecko_sdk_4.5.0/platform/emlib/src/em_core.o
LOAD ./gecko_sdk_4.5.0/platform/emlib/src/em_cryotimer.o
LOAD ./gecko_sdk_4.5.0/platform/emlib/src/em_crypto.o
LOAD ./gecko_sdk_4.5.0/platform/emlib/src/em_csen.o
LOAD ./gecko_sdk_4.5.0/platform/emlib/src/em_dbg.o
LOAD ./gecko_sdk_4.5.0/platform/emlib/src/em_emu.o
LOAD ./gecko_sdk_4.5.0/platform/emlib/src/em_gpcrc.o
LOAD ./gecko_sdk_4.5.0/platform/emlib/src/em_gpio.o
LOAD ./gecko_sdk_4.5.0/platform/emlib/src/em_i2c.o
LOAD ./gecko_sdk_4.5.0/platform/emlib/src/em_idac.o
LOAD ./gecko_sdk_4.5.0/platform/emlib/src/em_ldma.o
LOAD ./gecko_sdk_4.5.0/platform/emlib/src/em_lesense.o
LOAD ./gecko_sdk_4.5.0/platform/emlib/src/em_letimer.o
LOAD ./gecko_sdk_4.5.0/platform/emlib/src/em_leuart.o
LOAD ./gecko_sdk_4.5.0/platform/emlib/src/em_msc.o
LOAD ./gecko_sdk_4.5.0/platform/emlib/src/em_opamp.o
LOAD ./gecko_sdk_4.5.0/platform/emlib/src/em_pcnt.o
LOAD ./gecko_sdk_4.5.0/platform/emlib/src/em_prs.o
LOAD ./gecko_sdk_4.5.0/platform/emlib/src/em_rmu.o
LOAD ./gecko_sdk_4.5.0/platform/emlib/src/em_rtcc.o
LOAD ./gecko_sdk_4.5.0/platform/emlib/src/em_system.o
LOAD ./gecko_sdk_4.5.0/platform/emlib/src/em_timer.o
LOAD ./gecko_sdk_4.5.0/platform/emlib/src/em_usart.o
LOAD ./gecko_sdk_4.5.0/platform/emlib/src/em_vdac.o
LOAD ./gecko_sdk_4.5.0/platform/emlib/src/em_wdog.o
LOAD ./gecko_sdk_4.5.0/platform/security/sl_component/sl_mbedtls_support/src/crypto_aes.o
LOAD ./gecko_sdk_4.5.0/platform/security/sl_component/sl_mbedtls_support/src/sl_mbedtls.o
LOAD ./gecko_sdk_4.5.0/platform/security/sl_component/sl_psa_driver/src/crypto_management.o
LOAD ./gecko_sdk_4.5.0/platform/security/sl_component/sl_psa_driver/src/sli_crypto_transparent_driver_aead.o
LOAD ./gecko_sdk_4.5.0/platform/security/sl_component/sl_psa_driver/src/sli_crypto_transparent_driver_cipher.o
LOAD ./gecko_sdk_4.5.0/platform/security/sl_component/sl_psa_driver/src/sli_crypto_transparent_driver_hash.o
LOAD ./gecko_sdk_4.5.0/platform/security/sl_component/sl_psa_driver/src/sli_crypto_transparent_driver_mac.o
LOAD ./gecko_sdk_4.5.0/platform/security/sl_component/sl_psa_driver/src/sli_psa_driver_common.o
LOAD ./gecko_sdk_4.5.0/platform/security/sl_component/sl_psa_driver/src/sli_psa_driver_init.o
LOAD ./gecko_sdk_4.5.0/platform/security/sl_component/sl_psa_driver/src/sli_se_version_dependencies.o
LOAD ./gecko_sdk_4.5.0/platform/service/udelay/src/sl_udelay.o
LOAD ./gecko_sdk_4.5.0/platform/service/udelay/src/sl_udelay_armv6m_gcc.o
LOAD ./gecko_sdk_4.5.0/util/silicon_labs/silabs_core/memory_manager/sl_malloc.o
LOAD ./gecko_sdk_4.5.0/util/third_party/mbedtls/library/aes.o
LOAD ./gecko_sdk_4.5.0/util/third_party/mbedtls/library/constant_time.o
LOAD ./gecko_sdk_4.5.0/util/third_party/mbedtls/library/platform.o
LOAD ./gecko_sdk_4.5.0/util/third_party/mbedtls/library/platform_util.o
LOAD ./gecko_sdk_4.5.0/util/third_party/mbedtls/library/psa_crypto_client.o
LOAD ./gecko_sdk_4.5.0/util/third_party/mbedtls/library/psa_util.o
LOAD ./gecko_sdk_4.5.0/util/third_party/mbedtls/library/threading.o
LOAD /home/lmh/SimplicityStudio_v5/developer/toolchains/gnu_arm/12.2.rel1_2023.7/bin/../lib/gcc/arm-none-eabi/12.2.1/thumb/v7e-m+fp/softfp/libgcc.a
LOAD /home/lmh/SimplicityStudio_v5/developer/toolchains/gnu_arm/12.2.rel1_2023.7/bin/../lib/gcc/arm-none-eabi/12.2.1/../../../../arm-none-eabi/lib/thumb/v7e-m+fp/softfp/libc_nano.a
LOAD /home/lmh/SimplicityStudio_v5/developer/toolchains/gnu_arm/12.2.rel1_2023.7/bin/../lib/gcc/arm-none-eabi/12.2.1/../../../../arm-none-eabi/lib/thumb/v7e-m+fp/softfp/libm.a
LOAD /home/lmh/SimplicityStudio_v5/developer/toolchains/gnu_arm/12.2.rel1_2023.7/bin/../lib/gcc/arm-none-eabi/12.2.1/../../../../arm-none-eabi/lib/thumb/v7e-m+fp/softfp/libnosys.a
END GROUP
START GROUP
LOAD /home/lmh/SimplicityStudio_v5/developer/toolchains/gnu_arm/12.2.rel1_2023.7/bin/../lib/gcc/arm-none-eabi/12.2.1/thumb/v7e-m+fp/softfp/libgcc.a
LOAD /home/lmh/SimplicityStudio_v5/developer/toolchains/gnu_arm/12.2.rel1_2023.7/bin/../lib/gcc/arm-none-eabi/12.2.1/../../../../arm-none-eabi/lib/thumb/v7e-m+fp/softfp/libc_nano.a
LOAD /home/lmh/SimplicityStudio_v5/developer/toolchains/gnu_arm/12.2.rel1_2023.7/bin/../lib/gcc/arm-none-eabi/12.2.1/../../../../arm-none-eabi/lib/thumb/v7e-m+fp/softfp/libnosys.a
END GROUP
START GROUP
LOAD /home/lmh/SimplicityStudio_v5/developer/toolchains/gnu_arm/12.2.rel1_2023.7/bin/../lib/gcc/arm-none-eabi/12.2.1/thumb/v7e-m+fp/softfp/libgcc.a
LOAD /home/lmh/SimplicityStudio_v5/developer/toolchains/gnu_arm/12.2.rel1_2023.7/bin/../lib/gcc/arm-none-eabi/12.2.1/../../../../arm-none-eabi/lib/thumb/v7e-m+fp/softfp/libg_nano.a
LOAD /home/lmh/SimplicityStudio_v5/developer/toolchains/gnu_arm/12.2.rel1_2023.7/bin/../lib/gcc/arm-none-eabi/12.2.1/../../../../arm-none-eabi/lib/thumb/v7e-m+fp/softfp/libc_nano.a
END GROUP
START GROUP
LOAD /home/lmh/SimplicityStudio_v5/developer/toolchains/gnu_arm/12.2.rel1_2023.7/bin/../lib/gcc/arm-none-eabi/12.2.1/thumb/v7e-m+fp/softfp/libgcc.a
LOAD /home/lmh/SimplicityStudio_v5/developer/toolchains/gnu_arm/12.2.rel1_2023.7/bin/../lib/gcc/arm-none-eabi/12.2.1/../../../../arm-none-eabi/lib/thumb/v7e-m+fp/softfp/libc_nano.a
END GROUP
LOAD /home/lmh/SimplicityStudio_v5/developer/toolchains/gnu_arm/12.2.rel1_2023.7/bin/../lib/gcc/arm-none-eabi/12.2.1/thumb/v7e-m+fp/softfp/crtend.o
LOAD /home/lmh/SimplicityStudio_v5/developer/toolchains/gnu_arm/12.2.rel1_2023.7/bin/../lib/gcc/arm-none-eabi/12.2.1/thumb/v7e-m+fp/softfp/crtn.o

.text           0x000000000fe10800     0x31c8
                0x000000000fe10800                linker_vectors_begin = .
 *(.vectors)
 .vectors       0x000000000fe10800      0x10c ./gecko_sdk_4.5.0/platform/Device/SiliconLabs/EFR32FG12P/Source/startup_efr32fg12p.o
                0x000000000fe10800                __Vectors
                0x000000000fe1090c                linker_vectors_end = .
                0x000000000fe1090c                __Vectors_End = .
                0x000000000fe1090c                __Vectors_Size = (__Vectors_End - __Vectors)
                0x000000000fe1090c                linker_code_begin = .
 *(SORT_BY_ALIGNMENT(.text*))
 *fill*         0x000000000fe1090c        0x4 
 .text          0x000000000fe10910        0x8 ./gecko_sdk_4.5.0/platform/service/udelay/src/sl_udelay_armv6m_gcc.o
                0x000000000fe10910                sli_delay_loop
 .text.deregister_tm_clones
                0x000000000fe10918       0x1c /home/lmh/SimplicityStudio_v5/developer/toolchains/gnu_arm/12.2.rel1_2023.7/bin/../lib/gcc/arm-none-eabi/12.2.1/thumb/v7e-m+fp/softfp/crtbegin.o
 .text.register_tm_clones
                0x000000000fe10934       0x24 /home/lmh/SimplicityStudio_v5/developer/toolchains/gnu_arm/12.2.rel1_2023.7/bin/../lib/gcc/arm-none-eabi/12.2.1/thumb/v7e-m+fp/softfp/crtbegin.o
 .text.__do_global_dtors_aux
                0x000000000fe10958       0x28 /home/lmh/SimplicityStudio_v5/developer/toolchains/gnu_arm/12.2.rel1_2023.7/bin/../lib/gcc/arm-none-eabi/12.2.1/thumb/v7e-m+fp/softfp/crtbegin.o
 .text.frame_dummy
                0x000000000fe10980       0x24 /home/lmh/SimplicityStudio_v5/developer/toolchains/gnu_arm/12.2.rel1_2023.7/bin/../lib/gcc/arm-none-eabi/12.2.1/thumb/v7e-m+fp/softfp/crtbegin.o
 .text.Copy_Table
                0x000000000fe109a4       0x28 ./gecko_sdk_4.5.0/platform/Device/SiliconLabs/EFR32FG12P/Source/startup_efr32fg12p.o
                0x000000000fe109a4                Copy_Table
 .text.Zero_Table
                0x000000000fe109cc       0x24 ./gecko_sdk_4.5.0/platform/Device/SiliconLabs/EFR32FG12P/Source/startup_efr32fg12p.o
                0x000000000fe109cc                Zero_Table
 .text.SystemInit
                0x000000000fe109f0       0x1c ./gecko_sdk_4.5.0/platform/Device/SiliconLabs/EFR32FG12P/Source/system_efr32fg12p.o
                0x000000000fe109f0                SystemInit
 .text.bootload_applicationCallback
                0x000000000fe10a0c       0x28 ./gecko_sdk_4.5.0/platform/bootloader/core/btl_bootload.o
                0x000000000fe10a0c                bootload_applicationCallback
 .text.bootload_bootloaderCallback
                0x000000000fe10a34       0x60 ./gecko_sdk_4.5.0/platform/bootloader/core/btl_bootload.o
                0x000000000fe10a34                bootload_bootloaderCallback
 .text.bootload_checkApplicationPropertiesMagic
                0x000000000fe10a94       0x48 ./gecko_sdk_4.5.0/platform/bootloader/core/btl_bootload.o
                0x000000000fe10a94                bootload_checkApplicationPropertiesMagic
 .text.bootload_verifyApplication
                0x000000000fe10adc       0xe0 ./gecko_sdk_4.5.0/platform/bootloader/core/btl_bootload.o
                0x000000000fe10adc                bootload_verifyApplication
 .text.bootload_commitBootloaderUpgrade
                0x000000000fe10bbc       0x20 ./gecko_sdk_4.5.0/platform/bootloader/core/btl_bootload.o
                0x000000000fe10bbc                bootload_commitBootloaderUpgrade
 .text.startup.main
                0x000000000fe10bdc       0xd8 ./gecko_sdk_4.5.0/platform/bootloader/core/btl_main.o
                0x000000000fe10bdc                main
 .text.SystemInit2
                0x000000000fe10cb4       0x90 ./gecko_sdk_4.5.0/platform/bootloader/core/btl_main.o
                0x000000000fe10cb4                SystemInit2
 .text.reset_invalidateResetReason
                0x000000000fe10d44       0x10 ./gecko_sdk_4.5.0/platform/bootloader/core/btl_reset.o
                0x000000000fe10d44                reset_invalidateResetReason
 .text.reset_enableResetCounter
                0x000000000fe10d54       0x10 ./gecko_sdk_4.5.0/platform/bootloader/core/btl_reset.o
                0x000000000fe10d54                reset_enableResetCounter
 .text.reset_disableResetCounter
                0x000000000fe10d64       0x10 ./gecko_sdk_4.5.0/platform/bootloader/core/btl_reset.o
                0x000000000fe10d64                reset_disableResetCounter
 .text.reset_resetCounterEnabled
                0x000000000fe10d74       0x1c ./gecko_sdk_4.5.0/platform/bootloader/core/btl_reset.o
                0x000000000fe10d74                reset_resetCounterEnabled
 .text.reset_setResetReason
                0x000000000fe10d90       0x18 ./gecko_sdk_4.5.0/platform/bootloader/core/btl_reset.o
                0x000000000fe10d90                reset_setResetReason
 .text.reset_getResetCounter
                0x000000000fe10da8       0x18 ./gecko_sdk_4.5.0/platform/bootloader/core/btl_reset.o
                0x000000000fe10da8                reset_getResetCounter
 .text.reset_incrementResetCounter
                0x000000000fe10dc0       0x24 ./gecko_sdk_4.5.0/platform/bootloader/core/btl_reset.o
                0x000000000fe10dc0                reset_incrementResetCounter
 .text.reset_resetWithReason
                0x000000000fe10de4       0x3c ./gecko_sdk_4.5.0/platform/bootloader/core/btl_reset.o
                0x000000000fe10de4                reset_resetWithReason
 .text.reset_classifyReset
                0x000000000fe10e20       0x2c ./gecko_sdk_4.5.0/platform/bootloader/core/btl_reset.o
                0x000000000fe10e20                reset_classifyReset
 .text.delay_microseconds
                0x000000000fe10e4c       0x28 ./gecko_sdk_4.5.0/platform/bootloader/driver/btl_driver_delay.o
                0x000000000fe10e4c                delay_microseconds
 .text.clk_enable
                0x000000000fe10e74       0x20 ./gecko_sdk_4.5.0/platform/bootloader/driver/btl_driver_spi_controller_usart.o
 .text.spi_init
                0x000000000fe10e94       0x84 ./gecko_sdk_4.5.0/platform/bootloader/driver/btl_driver_spi_controller_usart.o
                0x000000000fe10e94                spi_init
 .text.spi_writeByte
                0x000000000fe10f18       0x18 ./gecko_sdk_4.5.0/platform/bootloader/driver/btl_driver_spi_controller_usart.o
                0x000000000fe10f18                spi_writeByte
 .text.spi_write3Byte
                0x000000000fe10f30       0x40 ./gecko_sdk_4.5.0/platform/bootloader/driver/btl_driver_spi_controller_usart.o
                0x000000000fe10f30                spi_write3Byte
 .text.spi_readByte
                0x000000000fe10f70       0x18 ./gecko_sdk_4.5.0/platform/bootloader/driver/btl_driver_spi_controller_usart.o
                0x000000000fe10f70                spi_readByte
 .text.spi_readHalfword
                0x000000000fe10f88       0x34 ./gecko_sdk_4.5.0/platform/bootloader/driver/btl_driver_spi_controller_usart.o
                0x000000000fe10f88                spi_readHalfword
 .text.spi_setCsActive
                0x000000000fe10fbc       0x14 ./gecko_sdk_4.5.0/platform/bootloader/driver/btl_driver_spi_controller_usart.o
                0x000000000fe10fbc                spi_setCsActive
 .text.spi_setCsInactive
                0x000000000fe10fd0       0x14 ./gecko_sdk_4.5.0/platform/bootloader/driver/btl_driver_spi_controller_usart.o
                0x000000000fe10fd0                spi_setCsInactive
 .text.util_getClockFreq
                0x000000000fe10fe4       0x88 ./gecko_sdk_4.5.0/platform/bootloader/driver/btl_driver_util.o
                0x000000000fe10fe4                util_getClockFreq
 .text.gbl_getTagParsingInfoFromTagId
                0x000000000fe1106c       0x24 ./gecko_sdk_4.5.0/platform/bootloader/parser/gbl/btl_gbl_format.o
                0x000000000fe1106c                gbl_getTagParsingInfoFromTagId
 .text.gbl_parseHeader
                0x000000000fe11090       0x7c ./gecko_sdk_4.5.0/platform/bootloader/parser/gbl/btl_gbl_parser.o
 .text.gbl_writeProgData
                0x000000000fe1110c       0xa8 ./gecko_sdk_4.5.0/platform/bootloader/parser/gbl/btl_gbl_parser.o
                0x000000000fe1110c                gbl_writeProgData
 .text.parser_parse
                0x000000000fe111b4      0x5a4 ./gecko_sdk_4.5.0/platform/bootloader/parser/gbl/btl_gbl_parser.o
                0x000000000fe111b4                parser_parse
 .text.btl_crc32Stream
                0x000000000fe11758       0x34 ./gecko_sdk_4.5.0/platform/bootloader/security/btl_crc32.o
                0x000000000fe11758                btl_crc32Stream
 .text.btl_verifyEcdsaP256r1
                0x000000000fe1178c       0x80 ./gecko_sdk_4.5.0/platform/bootloader/security/btl_security_ecdsa.o
                0x000000000fe1178c                btl_verifyEcdsaP256r1
 .text.btl_getSignedBootloaderKeyXPtr
                0x000000000fe1180c        0x8 ./gecko_sdk_4.5.0/platform/bootloader/security/btl_security_tokens.o
                0x000000000fe1180c                btl_getSignedBootloaderKeyXPtr
 .text.btl_getSignedBootloaderKeyYPtr
                0x000000000fe11814        0x8 ./gecko_sdk_4.5.0/platform/bootloader/security/btl_security_tokens.o
                0x000000000fe11814                btl_getSignedBootloaderKeyYPtr
 .text.btl_getImageFileEncryptionKeyPtr
                0x000000000fe1181c        0x8 ./gecko_sdk_4.5.0/platform/bootloader/security/btl_security_tokens.o
                0x000000000fe1181c                btl_getImageFileEncryptionKeyPtr
 .text.ECC_ModularInversePrime
                0x000000000fe11824       0x90 ./gecko_sdk_4.5.0/platform/bootloader/security/ecc/ecc.o
 .text.ECC_AddPrimeMixedProjectiveAffine
                0x000000000fe118b4      0x178 ./gecko_sdk_4.5.0/platform/bootloader/security/ecc/ecc.o
 .text.ECC_ProjectiveToAffine
                0x000000000fe11a2c       0xac ./gecko_sdk_4.5.0/platform/bootloader/security/ecc/ecc.o
 .text.ECC_PointMul
                0x000000000fe11ad8      0x294 ./gecko_sdk_4.5.0/platform/bootloader/security/ecc/ecc.o
 .text.ECC_ECDSA_VerifySignatureP256
                0x000000000fe11d6c      0x280 ./gecko_sdk_4.5.0/platform/bootloader/security/ecc/ecc.o
                0x000000000fe11d6c                ECC_ECDSA_VerifySignatureP256
 .text.sha_x_update
                0x000000000fe11fec       0xbc ./gecko_sdk_4.5.0/platform/bootloader/security/sha/btl_sha256.o
                0x000000000fe11fec                sha_x_update
 .text.sha_x_finish.part.0
                0x000000000fe120a8       0x98 ./gecko_sdk_4.5.0/platform/bootloader/security/sha/btl_sha256.o
 .text.sha_x_process
                0x000000000fe12140      0x124 ./gecko_sdk_4.5.0/platform/bootloader/security/sha/crypto_sha.o
                0x000000000fe12140                sha_x_process
 .text.installImageFromSlot.constprop.0
                0x000000000fe12264       0x7c ./gecko_sdk_4.5.0/platform/bootloader/storage/btl_storage.o
 .text.storage_getSlotInfo
                0x000000000fe122e0       0x30 ./gecko_sdk_4.5.0/platform/bootloader/storage/btl_storage_library.o
                0x000000000fe122e0                storage_getSlotInfo
 .text.storage_readSlot
                0x000000000fe12310       0x44 ./gecko_sdk_4.5.0/platform/bootloader/storage/btl_storage_library.o
                0x000000000fe12310                storage_readSlot
 .text.storage_getSlotMetadata
                0x000000000fe12354       0x84 ./gecko_sdk_4.5.0/platform/bootloader/storage/btl_storage_library.o
                0x000000000fe12354                storage_getSlotMetadata
 .text.storage_writeSlot
                0x000000000fe123d8       0x44 ./gecko_sdk_4.5.0/platform/bootloader/storage/btl_storage_library.o
                0x000000000fe123d8                storage_writeSlot
 .text.storage_eraseSlot
                0x000000000fe1241c       0x24 ./gecko_sdk_4.5.0/platform/bootloader/storage/btl_storage_library.o
                0x000000000fe1241c                storage_eraseSlot
 .text.storage_getInfo
                0x000000000fe12440       0x44 ./gecko_sdk_4.5.0/platform/bootloader/storage/btl_storage_library.o
                0x000000000fe12440                storage_getInfo
 .text.storage_bootloadBootloaderFromSlot
                0x000000000fe12484       0x48 ./gecko_sdk_4.5.0/platform/bootloader/storage/btl_storage_library.o
                0x000000000fe12484                storage_bootloadBootloaderFromSlot
 .text.storage_bootloadApplicationFromSlot
                0x000000000fe124cc       0x38 ./gecko_sdk_4.5.0/platform/bootloader/storage/btl_storage_library.o
                0x000000000fe124cc                storage_bootloadApplicationFromSlot
 .text.storage_init
                0x000000000fe12504       0x6c ./gecko_sdk_4.5.0/platform/bootloader/storage/spiflash_sfdp/btl_storage_spiflash_sfdp.o
                0x000000000fe12504                storage_init
 .text.getDeviceInfo
                0x000000000fe12570       0xcc ./gecko_sdk_4.5.0/platform/bootloader/storage/spiflash_sfdp/btl_storage_spiflash_sfdp.o
                0x000000000fe12570                getDeviceInfo
 .text.syncReg  0x000000000fe1263c       0x18 ./gecko_sdk_4.5.0/platform/emlib/src/em_cmu.o
 .text.CMU_ClockEnable
                0x000000000fe12654       0x8c ./gecko_sdk_4.5.0/platform/emlib/src/em_cmu.o
                0x000000000fe12654                CMU_ClockEnable
 .text.GPIO_PinModeSet
                0x000000000fe126e0       0x74 ./gecko_sdk_4.5.0/platform/emlib/src/em_gpio.o
                0x000000000fe126e0                GPIO_PinModeSet
 .text.MSC_ErasePage
                0x000000000fe12754       0x9c ./gecko_sdk_4.5.0/platform/emlib/src/em_msc.o
                0x000000000fe12754                MSC_ErasePage
 .text.MSC_WriteWordDma
                0x000000000fe127f0       0xec ./gecko_sdk_4.5.0/platform/emlib/src/em_msc.o
                0x000000000fe127f0                MSC_WriteWordDma
 .text.SYSTEM_GetProdRev
                0x000000000fe128dc       0x10 ./gecko_sdk_4.5.0/platform/emlib/src/em_system.o
                0x000000000fe128dc                SYSTEM_GetProdRev
 .text.crypto_management_acquire
                0x000000000fe128ec       0x14 ./gecko_sdk_4.5.0/platform/security/sl_component/sl_psa_driver/src/crypto_management.o
                0x000000000fe128ec                crypto_management_acquire
 .text.crypto_management_release
                0x000000000fe12900       0x34 ./gecko_sdk_4.5.0/platform/security/sl_component/sl_psa_driver/src/crypto_management.o
                0x000000000fe12900                crypto_management_release
 .text.Default_Handler
                0x000000000fe12934        0x2 ./gecko_sdk_4.5.0/platform/Device/SiliconLabs/EFR32FG12P/Source/startup_efr32fg12p.o
                0x000000000fe12934                DebugMon_Handler
                0x000000000fe12934                USART0_TX_IRQHandler
                0x000000000fe12934                I2C0_IRQHandler
                0x000000000fe12934                SysTick_Handler
                0x000000000fe12934                USART1_RX_IRQHandler
                0x000000000fe12934                PendSV_Handler
                0x000000000fe12934                NMI_Handler
                0x000000000fe12934                SYNTH_IRQHandler
                0x000000000fe12934                I2C1_IRQHandler
                0x000000000fe12934                WTIMER0_IRQHandler
                0x000000000fe12934                CRYPTO0_IRQHandler
                0x000000000fe12934                WDOG0_IRQHandler
                0x000000000fe12934                USART1_TX_IRQHandler
                0x000000000fe12934                SMU_IRQHandler
                0x000000000fe12934                MSC_IRQHandler
                0x000000000fe12934                ADC0_IRQHandler
                0x000000000fe12934                UsageFault_Handler
                0x000000000fe12934                WDOG1_IRQHandler
                0x000000000fe12934                LEUART0_IRQHandler
                0x000000000fe12934                FPUEH_IRQHandler
                0x000000000fe12934                WTIMER1_IRQHandler
                0x000000000fe12934                GPIO_EVEN_IRQHandler
                0x000000000fe12934                VDAC0_IRQHandler
                0x000000000fe12934                LDMA_IRQHandler
                0x000000000fe12934                CSEN_IRQHandler
                0x000000000fe12934                CRYPTO1_IRQHandler
                0x000000000fe12934                TIMER0_IRQHandler
                0x000000000fe12934                PCNT2_IRQHandler
                0x000000000fe12934                LETIMER0_IRQHandler
                0x000000000fe12934                TIMER1_IRQHandler
                0x000000000fe12934                TRNG0_IRQHandler
                0x000000000fe12934                RFSENSE_IRQHandler
                0x000000000fe12934                BUFC_IRQHandler
                0x000000000fe12934                MODEM_IRQHandler
                0x000000000fe12934                USART2_RX_IRQHandler
                0x000000000fe12934                Default_Handler
                0x000000000fe12934                RAC_SEQ_IRQHandler
                0x000000000fe12934                FRC_PRI_IRQHandler
                0x000000000fe12934                EMU_IRQHandler
                0x000000000fe12934                FRC_IRQHandler
                0x000000000fe12934                CRYOTIMER_IRQHandler
                0x000000000fe12934                PCNT0_IRQHandler
                0x000000000fe12934                AGC_IRQHandler
                0x000000000fe12934                PCNT1_IRQHandler
                0x000000000fe12934                ACMP0_IRQHandler
                0x000000000fe12934                USART0_RX_IRQHandler
                0x000000000fe12934                MemManage_Handler
                0x000000000fe12934                SVC_Handler
                0x000000000fe12934                USART3_RX_IRQHandler
                0x000000000fe12934                RTCC_IRQHandler
                0x000000000fe12934                CMU_IRQHandler
                0x000000000fe12934                RAC_RSM_IRQHandler
                0x000000000fe12934                GPIO_ODD_IRQHandler
                0x000000000fe12934                LESENSE_IRQHandler
                0x000000000fe12934                USART3_TX_IRQHandler
                0x000000000fe12934                PROTIMER_IRQHandler
                0x000000000fe12934                BusFault_Handler
                0x000000000fe12934                USART2_TX_IRQHandler
                0x000000000fe12934                IDAC0_IRQHandler
 .text.Reset_Handler
                0x000000000fe12936       0x16 ./gecko_sdk_4.5.0/platform/Device/SiliconLabs/EFR32FG12P/Source/startup_efr32fg12p.o
                0x000000000fe12936                Reset_Handler
 .text.flashData
                0x000000000fe1294c       0x44 ./gecko_sdk_4.5.0/platform/bootloader/core/btl_bootload.o
 .text.bootload_checkApplicationPropertiesVersion
                0x000000000fe12990        0xe ./gecko_sdk_4.5.0/platform/bootloader/core/btl_bootload.o
                0x000000000fe12990                bootload_checkApplicationPropertiesVersion
 .text.bootload_getUpgradeLocation
                0x000000000fe1299e        0x6 ./gecko_sdk_4.5.0/platform/bootloader/core/btl_bootload.o
                0x000000000fe1299e                bootload_getUpgradeLocation
 .text.btl_init
                0x000000000fe129a4        0x4 ./gecko_sdk_4.5.0/platform/bootloader/core/btl_core.o
                0x000000000fe129a4                btl_init
 .text.btl_deinit
                0x000000000fe129a8        0x4 ./gecko_sdk_4.5.0/platform/bootloader/core/btl_core.o
                0x000000000fe129a8                btl_deinit
 .text.bootToApp
                0x000000000fe129ac       0x14 ./gecko_sdk_4.5.0/platform/bootloader/core/btl_main.o
 .text.HardFault_Handler
                0x000000000fe129c0        0x8 ./gecko_sdk_4.5.0/platform/bootloader/core/btl_main.o
                0x000000000fe129c0                HardFault_Handler
 .text.core_initParser
                0x000000000fe129c8       0x30 ./gecko_sdk_4.5.0/platform/bootloader/core/btl_parse.o
                0x000000000fe129c8                core_initParser
 .text.core_parseBuffer
                0x000000000fe129f8       0x30 ./gecko_sdk_4.5.0/platform/bootloader/core/btl_parse.o
                0x000000000fe129f8                core_parseBuffer
 .text.core_parseImageInfo
                0x000000000fe12a28       0x76 ./gecko_sdk_4.5.0/platform/bootloader/core/btl_parse.o
                0x000000000fe12a28                core_parseImageInfo
 .text.core_parserContextSize
                0x000000000fe12a9e        0x6 ./gecko_sdk_4.5.0/platform/bootloader/core/btl_parse.o
                0x000000000fe12a9e                core_parserContextSize
 .text.writeHalfwordDMA
                0x000000000fe12aa4       0x30 ./gecko_sdk_4.5.0/platform/bootloader/core/flash/btl_internal_flash.o
 .text.flash_erasePage
                0x000000000fe12ad4        0xe ./gecko_sdk_4.5.0/platform/bootloader/core/flash/btl_internal_flash.o
                0x000000000fe12ad4                flash_erasePage
 .text.flash_writeBuffer_dma
                0x000000000fe12ae2       0x86 ./gecko_sdk_4.5.0/platform/bootloader/core/flash/btl_internal_flash.o
                0x000000000fe12ae2                flash_writeBuffer_dma
 .text.gbl_storeData
                0x000000000fe12b68       0x42 ./gecko_sdk_4.5.0/platform/bootloader/parser/gbl/btl_gbl_parser.o
 .text.gbl_getData
                0x000000000fe12baa      0x102 ./gecko_sdk_4.5.0/platform/bootloader/parser/gbl/btl_gbl_parser.o
 .text.parser_init
                0x000000000fe12cac       0x58 ./gecko_sdk_4.5.0/platform/bootloader/parser/gbl/btl_gbl_parser.o
                0x000000000fe12cac                parser_init
 .text.btl_initAesCcm
                0x000000000fe12d04       0x40 ./gecko_sdk_4.5.0/platform/bootloader/security/btl_security_aes.o
                0x000000000fe12d04                btl_initAesCcm
 .text.btl_processAesCtrData
                0x000000000fe12d44       0x22 ./gecko_sdk_4.5.0/platform/bootloader/security/btl_security_aes.o
                0x000000000fe12d44                btl_processAesCtrData
 .text.btl_initSha256
                0x000000000fe12d66       0x14 ./gecko_sdk_4.5.0/platform/bootloader/security/btl_security_sha256.o
                0x000000000fe12d66                btl_initSha256
 .text.btl_updateSha256
                0x000000000fe12d7a        0x4 ./gecko_sdk_4.5.0/platform/bootloader/security/btl_security_sha256.o
                0x000000000fe12d7a                btl_updateSha256
 .text.btl_finalizeSha256
                0x000000000fe12d7e        0x6 ./gecko_sdk_4.5.0/platform/bootloader/security/btl_security_sha256.o
                0x000000000fe12d7e                btl_finalizeSha256
 .text.bigIntEqual32bitVal.constprop.0
                0x000000000fe12d84       0x1e ./gecko_sdk_4.5.0/platform/bootloader/security/ecc/ecc.o
 .text.ECC_ByteArrayToBigInt
                0x000000000fe12da2       0x22 ./gecko_sdk_4.5.0/platform/bootloader/security/ecc/ecc.o
                0x000000000fe12da2                ECC_ByteArrayToBigInt
 .text.btl_sha256_init
                0x000000000fe12dc4        0x8 ./gecko_sdk_4.5.0/platform/bootloader/security/sha/btl_sha256.o
                0x000000000fe12dc4                btl_sha256_init
 .text.btl_sha256_starts_ret
                0x000000000fe12dcc        0xa ./gecko_sdk_4.5.0/platform/bootloader/security/sha/btl_sha256.o
                0x000000000fe12dcc                btl_sha256_starts_ret
 .text.btl_sha256_update_ret
                0x000000000fe12dd6       0x1a ./gecko_sdk_4.5.0/platform/bootloader/security/sha/btl_sha256.o
                0x000000000fe12dd6                btl_sha256_update_ret
 .text.btl_sha256_finish_ret
                0x000000000fe12df0        0xe ./gecko_sdk_4.5.0/platform/bootloader/security/sha/btl_sha256.o
                0x000000000fe12df0                btl_sha256_finish_ret
 .text.storage_getBootloadList
                0x000000000fe12dfe       0x20 ./gecko_sdk_4.5.0/platform/bootloader/storage/bootloadinfo/btl_storage_bootloadinfo_single.o
                0x000000000fe12dfe                storage_getBootloadList
 .text.storage_setBootloadList
                0x000000000fe12e1e       0x10 ./gecko_sdk_4.5.0/platform/bootloader/storage/bootloadinfo/btl_storage_bootloadinfo_single.o
                0x000000000fe12e1e                storage_setBootloadList
 .text.storage_appendBootloadList
                0x000000000fe12e2e        0x6 ./gecko_sdk_4.5.0/platform/bootloader/storage/bootloadinfo/btl_storage_bootloadinfo_single.o
                0x000000000fe12e2e                storage_appendBootloadList
 .text.storage_customInit
                0x000000000fe12e34        0x2 ./gecko_sdk_4.5.0/platform/bootloader/storage/btl_callbacks_stub.o
                0x000000000fe12e34                storage_customInit
 .text.storage_customShutdown
                0x000000000fe12e36        0x2 ./gecko_sdk_4.5.0/platform/bootloader/storage/btl_callbacks_stub.o
                0x000000000fe12e36                storage_customShutdown
 .text.storage_main
                0x000000000fe12e38        0x4 ./gecko_sdk_4.5.0/platform/bootloader/storage/btl_storage.o
                0x000000000fe12e38                storage_main
 .text.dummyCallback
                0x000000000fe12e3c        0x6 ./gecko_sdk_4.5.0/platform/bootloader/storage/btl_storage_library.o
 .text.advanceParser
                0x000000000fe12e42       0x3a ./gecko_sdk_4.5.0/platform/bootloader/storage/btl_storage_library.o
 .text.storage_verifySlot
                0x000000000fe12e7c       0x52 ./gecko_sdk_4.5.0/platform/bootloader/storage/btl_storage_library.o
                0x000000000fe12e7c                storage_verifySlot
 .text.storage_initParseSlot
                0x000000000fe12ece       0x28 ./gecko_sdk_4.5.0/platform/bootloader/storage/btl_storage_library.o
                0x000000000fe12ece                storage_initParseSlot
 .text.bootloadFromSlot.constprop.0
                0x000000000fe12ef6       0x36 ./gecko_sdk_4.5.0/platform/bootloader/storage/btl_storage_library.o
 .text.setWriteEnableLatch
                0x000000000fe12f2c       0x14 ./gecko_sdk_4.5.0/platform/bootloader/storage/spiflash_sfdp/btl_storage_spiflash_sfdp.o
 .text.SFDP_sendCommand
                0x000000000fe12f40       0x1a ./gecko_sdk_4.5.0/platform/bootloader/storage/spiflash_sfdp/btl_storage_spiflash_sfdp.o
 .text.storage_isBusy
                0x000000000fe12f5a       0x1c ./gecko_sdk_4.5.0/platform/bootloader/storage/spiflash_sfdp/btl_storage_spiflash_sfdp.o
                0x000000000fe12f5a                storage_isBusy
 .text.waitUntilNotBusy
                0x000000000fe12f76        0xc ./gecko_sdk_4.5.0/platform/bootloader/storage/spiflash_sfdp/btl_storage_spiflash_sfdp.o
 .text.SFDP_getPTP
                0x000000000fe12f82       0x30 ./gecko_sdk_4.5.0/platform/bootloader/storage/spiflash_sfdp/btl_storage_spiflash_sfdp.o
 .text.SFDP_getSectorSize
                0x000000000fe12fb2       0x24 ./gecko_sdk_4.5.0/platform/bootloader/storage/spiflash_sfdp/btl_storage_spiflash_sfdp.o
 .text.SFDP_sectorErase
                0x000000000fe12fd6       0x22 ./gecko_sdk_4.5.0/platform/bootloader/storage/spiflash_sfdp/btl_storage_spiflash_sfdp.o
 .text.SFDP_eraseSize
                0x000000000fe12ff8       0x5c ./gecko_sdk_4.5.0/platform/bootloader/storage/spiflash_sfdp/btl_storage_spiflash_sfdp.o
 .text.getDeviceSize
                0x000000000fe13054       0x50 ./gecko_sdk_4.5.0/platform/bootloader/storage/spiflash_sfdp/btl_storage_spiflash_sfdp.o
 .text.verifyAddressRange
                0x000000000fe130a4       0x22 ./gecko_sdk_4.5.0/platform/bootloader/storage/spiflash_sfdp/btl_storage_spiflash_sfdp.o
 .text.eraseCommand
                0x000000000fe130c6       0x26 ./gecko_sdk_4.5.0/platform/bootloader/storage/spiflash_sfdp/btl_storage_spiflash_sfdp.o
 .text.storage_readRaw
                0x000000000fe130ec       0x42 ./gecko_sdk_4.5.0/platform/bootloader/storage/spiflash_sfdp/btl_storage_spiflash_sfdp.o
                0x000000000fe130ec                storage_readRaw
 .text.storage_writeRaw
                0x000000000fe1312e       0xca ./gecko_sdk_4.5.0/platform/bootloader/storage/spiflash_sfdp/btl_storage_spiflash_sfdp.o
                0x000000000fe1312e                storage_writeRaw
 .text.storage_getDMAchannel
                0x000000000fe131f8        0x6 ./gecko_sdk_4.5.0/platform/bootloader/storage/spiflash_sfdp/btl_storage_spiflash_sfdp.o
                0x000000000fe131f8                storage_getDMAchannel
 .text.storage_eraseRaw
                0x000000000fe131fe       0xa2 ./gecko_sdk_4.5.0/platform/bootloader/storage/spiflash_sfdp/btl_storage_spiflash_sfdp.o
                0x000000000fe131fe                storage_eraseRaw
 .text.storage_shutdown
                0x000000000fe132a0       0x1c ./gecko_sdk_4.5.0/platform/bootloader/storage/spiflash_sfdp/btl_storage_spiflash_sfdp.o
                0x000000000fe132a0                storage_shutdown
 .text.CORE_EnterCritical
                0x000000000fe132bc        0x8 ./gecko_sdk_4.5.0/platform/emlib/src/em_core.o
                0x000000000fe132bc                CORE_EnterCritical
 .text.CORE_ExitCritical
                0x000000000fe132c4        0x6 ./gecko_sdk_4.5.0/platform/emlib/src/em_core.o
                0x000000000fe132c4                CORE_ExitCritical
 .text.cryptoBurstToCryptoAndZeroize
                0x000000000fe132ca       0x30 ./gecko_sdk_4.5.0/platform/emlib/src/em_crypto.o
 .text.CRYPTO_BurstToCrypto
                0x000000000fe132fa       0x14 ./gecko_sdk_4.5.0/platform/emlib/src/em_crypto.o
                0x000000000fe132fa                CRYPTO_BurstToCrypto
 .text.CRYPTO_BurstFromCrypto
                0x000000000fe1330e       0x14 ./gecko_sdk_4.5.0/platform/emlib/src/em_crypto.o
                0x000000000fe1330e                CRYPTO_BurstFromCrypto
 .text.CRYPTO_DataWriteUnaligned
                0x000000000fe13322       0x3a ./gecko_sdk_4.5.0/platform/emlib/src/em_crypto.o
                0x000000000fe13322                CRYPTO_DataWriteUnaligned
 .text.CRYPTO_DataReadUnaligned
                0x000000000fe1335c       0x3a ./gecko_sdk_4.5.0/platform/emlib/src/em_crypto.o
                0x000000000fe1335c                CRYPTO_DataReadUnaligned
 .text.CRYPTO_DDataWrite
                0x000000000fe13396       0x10 ./gecko_sdk_4.5.0/platform/emlib/src/em_crypto.o
                0x000000000fe13396                CRYPTO_DDataWrite
 .text.CRYPTO_DDataRead
                0x000000000fe133a6       0x10 ./gecko_sdk_4.5.0/platform/emlib/src/em_crypto.o
                0x000000000fe133a6                CRYPTO_DDataRead
 .text.CRYPTO_QDataWrite
                0x000000000fe133b6       0x22 ./gecko_sdk_4.5.0/platform/emlib/src/em_crypto.o
                0x000000000fe133b6                CRYPTO_QDataWrite
 .text.CRYPTO_KeyBufWrite
                0x000000000fe133d8       0x30 ./gecko_sdk_4.5.0/platform/emlib/src/em_crypto.o
                0x000000000fe133d8                CRYPTO_KeyBufWrite
 .text.CRYPTO_KeyBufWriteUnaligned
                0x000000000fe13408       0x78 ./gecko_sdk_4.5.0/platform/emlib/src/em_crypto.o
                0x000000000fe13408                CRYPTO_KeyBufWriteUnaligned
 .text.CRYPTO_ModulusSet
                0x000000000fe13480       0x2c ./gecko_sdk_4.5.0/platform/emlib/src/em_crypto.o
                0x000000000fe13480                CRYPTO_ModulusSet
 .text.BUS_RegMaskedWrite
                0x000000000fe134ac       0x1e ./gecko_sdk_4.5.0/platform/emlib/src/em_gpio.o
 .text.USART_Rx
                0x000000000fe134ca        0xc ./gecko_sdk_4.5.0/platform/emlib/src/em_usart.o
                0x000000000fe134ca                USART_Rx
 .text.USART_SpiTransfer
                0x000000000fe134d6       0x14 ./gecko_sdk_4.5.0/platform/emlib/src/em_usart.o
                0x000000000fe134d6                USART_SpiTransfer
 .text.USART_Tx
                0x000000000fe134ea        0xa ./gecko_sdk_4.5.0/platform/emlib/src/em_usart.o
                0x000000000fe134ea                USART_Tx
 .text.mbedtls_aes_init
                0x000000000fe134f4        0x8 ./gecko_sdk_4.5.0/platform/security/sl_component/sl_mbedtls_support/src/crypto_aes.o
                0x000000000fe134f4                mbedtls_aes_init
 .text.mbedtls_aes_setkey_enc
                0x000000000fe134fc       0x3c ./gecko_sdk_4.5.0/platform/security/sl_component/sl_mbedtls_support/src/crypto_aes.o
                0x000000000fe134fc                mbedtls_aes_setkey_enc
 .text.mbedtls_aes_crypt_ctr
                0x000000000fe13538      0x170 ./gecko_sdk_4.5.0/platform/security/sl_component/sl_mbedtls_support/src/crypto_aes.o
                0x000000000fe13538                mbedtls_aes_crypt_ctr
 .text.memcpy   0x000000000fe136a8       0x1c /home/lmh/SimplicityStudio_v5/developer/toolchains/gnu_arm/12.2.rel1_2023.7/bin/../lib/gcc/arm-none-eabi/12.2.1/../../../../arm-none-eabi/lib/thumb/v7e-m+fp/softfp/libc_nano.a(libc_a-memcpy-stub.o)
                0x000000000fe136a8                memcpy
 .text.memcmp   0x000000000fe136c4       0x20 /home/lmh/SimplicityStudio_v5/developer/toolchains/gnu_arm/12.2.rel1_2023.7/bin/../lib/gcc/arm-none-eabi/12.2.1/../../../../arm-none-eabi/lib/thumb/v7e-m+fp/softfp/libc_nano.a(libc_a-memcmp.o)
                0x000000000fe136c4                memcmp
 .text.memset   0x000000000fe136e4       0x10 /home/lmh/SimplicityStudio_v5/developer/toolchains/gnu_arm/12.2.rel1_2023.7/bin/../lib/gcc/arm-none-eabi/12.2.1/../../../../arm-none-eabi/lib/thumb/v7e-m+fp/softfp/libc_nano.a(libc_a-memset.o)
                0x000000000fe136e4                memset
                0x000000000fe13700                . = ALIGN (0x20)
 *fill*         0x000000000fe136f4        0xc 
                0x000000000fe13700                linker_code_end = .
 *(.init)
 .init          0x000000000fe13700        0x4 /home/lmh/SimplicityStudio_v5/developer/toolchains/gnu_arm/12.2.rel1_2023.7/bin/../lib/gcc/arm-none-eabi/12.2.1/thumb/v7e-m+fp/softfp/crti.o
                0x000000000fe13700                _init
 .init          0x000000000fe13704        0x8 /home/lmh/SimplicityStudio_v5/developer/toolchains/gnu_arm/12.2.rel1_2023.7/bin/../lib/gcc/arm-none-eabi/12.2.1/thumb/v7e-m+fp/softfp/crtn.o
 *(.fini)
 .fini          0x000000000fe1370c        0x4 /home/lmh/SimplicityStudio_v5/developer/toolchains/gnu_arm/12.2.rel1_2023.7/bin/../lib/gcc/arm-none-eabi/12.2.1/thumb/v7e-m+fp/softfp/crti.o
                0x000000000fe1370c                _fini
 .fini          0x000000000fe13710        0x8 /home/lmh/SimplicityStudio_v5/developer/toolchains/gnu_arm/12.2.rel1_2023.7/bin/../lib/gcc/arm-none-eabi/12.2.1/thumb/v7e-m+fp/softfp/crtn.o
 *crtbegin.o(.ctors)
 *crtbegin?.o(.ctors)
 *(EXCLUDE_FILE(*crtend.o *crtend?.o) .ctors)
 *(SORT_BY_NAME(.ctors.*))
 *(.ctors)
 *crtbegin.o(.dtors)
 *crtbegin?.o(.dtors)
 *(EXCLUDE_FILE(*crtend.o *crtend?.o) .dtors)
 *(SORT_BY_NAME(.dtors.*))
 *(.dtors)
                0x000000000fe13718                __code_classification_validator_start__ = .
                0x000000000fe13738                . = (. + 0x20)
 *fill*         0x000000000fe13718       0x20 
 *(code_classification_validator)
                0x000000000fe13740                . = ALIGN (0x20)
 *fill*         0x000000000fe13738        0x8 
                0x000000000fe13740                __code_classification_validator_end__ = .
 *(.rodata*)
 .rodata.bootload_checkApplicationPropertiesMagic.str1.1
                0x000000000fe13740       0x11 ./gecko_sdk_4.5.0/platform/bootloader/core/btl_bootload.o
 *fill*         0x000000000fe13751        0x3 
 .rodata.sl_app_properties
                0x000000000fe13754       0x50 ./gecko_sdk_4.5.0/platform/bootloader/core/btl_main.o
                0x000000000fe13754                sl_app_properties
 .rodata.mainStageTable
                0x000000000fe137a4       0x48 ./gecko_sdk_4.5.0/platform/bootloader/core/btl_main.o
                0x000000000fe137a4                mainStageTable
 .rodata        0x000000000fe137ec       0x11 ./gecko_sdk_4.5.0/platform/bootloader/driver/btl_driver_util.o
 *fill*         0x000000000fe137fd        0x3 
 .rodata.gblTagParsingInfoStructs
                0x000000000fe13800       0x78 ./gecko_sdk_4.5.0/platform/bootloader/parser/gbl/btl_gbl_format.o
                0x000000000fe13800                gblTagParsingInfoStructs
 .rodata.ECC_Curve_Params
                0x000000000fe13878       0x8c ./gecko_sdk_4.5.0/platform/bootloader/security/ecc/ecc.o
 .rodata.shax_padding
                0x000000000fe13904       0x40 ./gecko_sdk_4.5.0/platform/bootloader/security/sha/btl_sha256.o
 .rodata.init_state_sha256
                0x000000000fe13944       0x20 ./gecko_sdk_4.5.0/platform/bootloader/security/sha/btl_sha256.o
 .rodata.storageFunctions
                0x000000000fe13964       0x44 ./gecko_sdk_4.5.0/platform/bootloader/storage/btl_storage_library.o
                0x000000000fe13964                storageFunctions
 .rodata.storageLayout
                0x000000000fe139a8       0x10 ./gecko_sdk_4.5.0/platform/bootloader/storage/spiflash_sfdp/btl_storage_spiflash_sfdp.o
                0x000000000fe139a8                storageLayout
 .rodata.crypto_devices
                0x000000000fe139b8       0x10 ./gecko_sdk_4.5.0/platform/security/sl_component/sl_psa_driver/src/crypto_management.o
 *(.eh_frame*)
 .eh_frame      0x000000000fe139c8        0x0 /home/lmh/SimplicityStudio_v5/developer/toolchains/gnu_arm/12.2.rel1_2023.7/bin/../lib/gcc/arm-none-eabi/12.2.1/thumb/v7e-m+fp/softfp/crtbegin.o

.glue_7         0x000000000fe139c8        0x0
 .glue_7        0x000000000fe139c8        0x0 linker stubs

.glue_7t        0x000000000fe139c8        0x0
 .glue_7t       0x000000000fe139c8        0x0 linker stubs

.vfp11_veneer   0x000000000fe139c8        0x0
 .vfp11_veneer  0x000000000fe139c8        0x0 linker stubs

.v4_bx          0x000000000fe139c8        0x0
 .v4_bx         0x000000000fe139c8        0x0 linker stubs

.iplt           0x000000000fe139c8        0x0
 .iplt          0x000000000fe139c8        0x0 /home/lmh/SimplicityStudio_v5/developer/toolchains/gnu_arm/12.2.rel1_2023.7/bin/../lib/gcc/arm-none-eabi/12.2.1/thumb/v7e-m+fp/softfp/crtbegin.o

.rel.dyn        0x000000000fe139c8        0x0
 .rel.iplt      0x000000000fe139c8        0x0 /home/lmh/SimplicityStudio_v5/developer/toolchains/gnu_arm/12.2.rel1_2023.7/bin/../lib/gcc/arm-none-eabi/12.2.1/thumb/v7e-m+fp/softfp/crtbegin.o

.ARM.extab
 *(.ARM.extab* .gnu.linkonce.armextab.*)
                0x000000000fe139c8                __exidx_start = .

.ARM.exidx
 *(.ARM.exidx* .gnu.linkonce.armexidx.*)
                0x000000000fe139c8                __exidx_end = .

.copy.table     0x000000000fe139c8        0xc
                0x000000000fe139c8                . = ALIGN (0x4)
                0x000000000fe139c8                __copy_table_start__ = .
                0x000000000fe139c8        0x4 LONG 0xfe139d4 __etext
                0x000000000fe139cc        0x4 LONG 0x20001008 __data_start__
                0x000000000fe139d0        0x4 LONG 0x2 ((__data_end__ - __data_start__) / 0x4)
                0x000000000fe139d4                __copy_table_end__ = .

.zero.table     0x000000000fe139d4        0x0
                0x000000000fe139d4                . = ALIGN (0x4)
                0x000000000fe139d4                __zero_table_start__ = .
                0x000000000fe139d4                __zero_table_end__ = .
                0x000000000fe139d4                __etext = .
                0x0000000020000000                . = ORIGIN (BOOTLOADER_RESET_REGION)

.bootloader_reset_section
                0x0000000020000000        0x0
                0x0000000020000000                __ResetReasonStart__ = .
 *(.bootloader_reset_section)
                0x0000000020000004                . = ORIGIN (RAM)

.stack          0x0000000020000008     0x1000
                0x0000000020000008                __StackLimit = .
 *(.stack*)
 .stack         0x0000000020000008     0x1000 ./gecko_sdk_4.5.0/platform/common/toolchain/src/sl_memory.o
                0x0000000020001008                . = ALIGN (0x4)
                0x0000000020001008                __StackTop = .
                0x0000000020001008                PROVIDE (__stack = __StackTop)

.noinit
 *(.noinit*)

.data           0x0000000020001008        0x8 load address 0x000000000fe139d4
                0x0000000020001008                . = ALIGN (0x4)
                0x0000000020001008                __data_start__ = .
 *(vtable)
 *(SORT_BY_ALIGNMENT(.data*))
                0x0000000020001008                . = ALIGN (0x4)
                [!provide]                        PROVIDE (__ram_func_section_start = .)
 *(.ram)
                [!provide]                        PROVIDE (__ram_func_section_end = .)
                0x0000000020001008                . = ALIGN (0x4)
                0x0000000020001008                PROVIDE (__preinit_array_start = .)
 *(.preinit_array)
                0x0000000020001008                PROVIDE (__preinit_array_end = .)
                0x0000000020001008                . = ALIGN (0x4)
                0x0000000020001008                PROVIDE (__init_array_start = .)
 *(SORT_BY_NAME(.init_array.*))
 *(.init_array)
 .init_array    0x0000000020001008        0x4 /home/lmh/SimplicityStudio_v5/developer/toolchains/gnu_arm/12.2.rel1_2023.7/bin/../lib/gcc/arm-none-eabi/12.2.1/thumb/v7e-m+fp/softfp/crtbegin.o
                0x000000002000100c                PROVIDE (__init_array_end = .)
                0x000000002000100c                . = ALIGN (0x4)
                [!provide]                        PROVIDE (__fini_array_start = .)
 *(SORT_BY_NAME(.fini_array.*))
 *(.fini_array)
 .fini_array    0x000000002000100c        0x4 /home/lmh/SimplicityStudio_v5/developer/toolchains/gnu_arm/12.2.rel1_2023.7/bin/../lib/gcc/arm-none-eabi/12.2.1/thumb/v7e-m+fp/softfp/crtbegin.o
                [!provide]                        PROVIDE (__fini_array_end = .)
                0x0000000020001010                . = ALIGN (0x4)
                0x0000000020001010                __data_end__ = .
                0x000000000fe139dc                __rom_end__ = (__etext + SIZEOF (.data))

.tm_clone_table
                0x0000000020001010        0x0 load address 0x000000000fe139dc
 .tm_clone_table
                0x0000000020001010        0x0 /home/lmh/SimplicityStudio_v5/developer/toolchains/gnu_arm/12.2.rel1_2023.7/bin/../lib/gcc/arm-none-eabi/12.2.1/thumb/v7e-m+fp/softfp/crtbegin.o
 .tm_clone_table
                0x0000000020001010        0x0 /home/lmh/SimplicityStudio_v5/developer/toolchains/gnu_arm/12.2.rel1_2023.7/bin/../lib/gcc/arm-none-eabi/12.2.1/thumb/v7e-m+fp/softfp/crtend.o

.igot.plt       0x0000000020001010        0x0 load address 0x000000000fe139dc
 .igot.plt      0x0000000020001010        0x0 /home/lmh/SimplicityStudio_v5/developer/toolchains/gnu_arm/12.2.rel1_2023.7/bin/../lib/gcc/arm-none-eabi/12.2.1/thumb/v7e-m+fp/softfp/crtbegin.o

.bss            0x0000000020001010       0x1c load address 0x000000000fe139dc
                0x0000000020001010                . = ALIGN (0x4)
                0x0000000020001010                __bss_start__ = .
 *(SORT_BY_ALIGNMENT(.bss*))
 .bss.object.0  0x0000000020001010       0x18 /home/lmh/SimplicityStudio_v5/developer/toolchains/gnu_arm/12.2.rel1_2023.7/bin/../lib/gcc/arm-none-eabi/12.2.1/thumb/v7e-m+fp/softfp/crtbegin.o
 .bss.completed.1
                0x0000000020001028        0x1 /home/lmh/SimplicityStudio_v5/developer/toolchains/gnu_arm/12.2.rel1_2023.7/bin/../lib/gcc/arm-none-eabi/12.2.1/thumb/v7e-m+fp/softfp/crtbegin.o
 *(COMMON)
                0x000000002000102c                . = ALIGN (0x4)
 *fill*         0x0000000020001029        0x3 
                0x000000002000102c                __bss_end__ = .
                0x000000002000102c                __ramfuncs_start__ = .
                0x000000002000102c                __vma_ramfuncs_start__ = .
                0x000000000fe139dc                __lma_ramfuncs_start__ = (__etext + SIZEOF (.data))
                0x0000000000000000                __text_application_ram_offset__ = (. - __vma_ramfuncs_start__)

text_application_ram
                0x000000002000102c        0x0 load address 0x000000000fe139dc
                0x000000002000102c                . = ALIGN (0x4)
                0x000000002000102c                __text_application_ram_start__ = .
 *(text_application_ram)
                0x000000002000102c                . = ALIGN (0x4)
                0x000000002000102c                __text_application_ram_end__ = .
                0x000000002000102c                . = ALIGN (0x4)
                0x000000002000102c                __vma_ramfuncs_end__ = .
                0x000000000fe139dc                __lma_ramfuncs_end__ = ((__lma_ramfuncs_start__ + __text_application_ram_offset__) + SIZEOF (text_application_ram))
                0x000000002000102c                __ramfuncs_end__ = .

.heap           0x0000000020001030      0x800
                0x0000000020001030                __HeapBase = .
                0x0000000020001030                __end__ = .
                0x0000000020001030                end = __end__
                0x0000000020001030                _end = __end__
 *(.heap*)
 .heap          0x0000000020001030      0x800 ./gecko_sdk_4.5.0/platform/common/toolchain/src/sl_memory.o
                0x0000000020040000                __HeapLimit = (ORIGIN (RAM) + LENGTH (RAM))
                0x000000000003efd0                __heap_size = (__HeapLimit - __HeapBase)
                0x0000000020040000                __ram_end__ = 0x20040000
                0x0000000000100000                __main_flash_end__ = 0x100000

.internal_storage
 *(.internal_storage*)

.nvm
 *(.simee*)
                0x0000000000100000                linker_nvm_end = __main_flash_end__
                0x0000000000100000                linker_nvm_begin = (linker_nvm_end - SIZEOF (.nvm))
                0x0000000000000000                linker_nvm_size = SIZEOF (.nvm)
                0x0000000000100000                linker_storage_end = linker_nvm_begin
                0x0000000000100000                __nvm3Base = linker_nvm_begin
                0x0000000000100000                linker_storage_begin = (linker_storage_end - SIZEOF (.internal_storage))
                0x0000000000000000                linker_storage_size = SIZEOF (.internal_storage)
                0x0000000000000020                _app_rollback_protection_size = 0x20
                0x0000000000000001                ASSERT (((((ORIGIN (FLASH) + LENGTH (FLASH)) - 0x4) - _app_rollback_protection_size) >= (__etext + SIZEOF (.data))), FLASH memory overflowed !)
OUTPUT(bootloader-storage-spiflash-sfdp-single.axf elf32-littlearm)
LOAD linker stubs

.ARM.attributes
                0x0000000000000000       0x2e
 .ARM.attributes
                0x0000000000000000       0x22 /home/lmh/SimplicityStudio_v5/developer/toolchains/gnu_arm/12.2.rel1_2023.7/bin/../lib/gcc/arm-none-eabi/12.2.1/thumb/v7e-m+fp/softfp/crti.o
 .ARM.attributes
                0x0000000000000022       0x32 /home/lmh/SimplicityStudio_v5/developer/toolchains/gnu_arm/12.2.rel1_2023.7/bin/../lib/gcc/arm-none-eabi/12.2.1/thumb/v7e-m+fp/softfp/crtbegin.o
 .ARM.attributes
                0x0000000000000054       0x32 ./gecko_sdk_4.5.0/platform/Device/SiliconLabs/EFR32FG12P/Source/startup_efr32fg12p.o
 .ARM.attributes
                0x0000000000000086       0x32 ./gecko_sdk_4.5.0/platform/Device/SiliconLabs/EFR32FG12P/Source/system_efr32fg12p.o
 .ARM.attributes
                0x00000000000000b8       0x32 ./gecko_sdk_4.5.0/platform/bootloader/core/btl_bootload.o
 .ARM.attributes
                0x00000000000000ea       0x32 ./gecko_sdk_4.5.0/platform/bootloader/core/btl_core.o
 .ARM.attributes
                0x000000000000011c       0x32 ./gecko_sdk_4.5.0/platform/bootloader/core/btl_main.o
 .ARM.attributes
                0x000000000000014e       0x32 ./gecko_sdk_4.5.0/platform/bootloader/core/btl_parse.o
 .ARM.attributes
                0x0000000000000180       0x32 ./gecko_sdk_4.5.0/platform/bootloader/core/btl_reset.o
 .ARM.attributes
                0x00000000000001b2       0x32 ./gecko_sdk_4.5.0/platform/bootloader/core/flash/btl_internal_flash.o
 .ARM.attributes
                0x00000000000001e4       0x32 ./gecko_sdk_4.5.0/platform/bootloader/driver/btl_driver_delay.o
 .ARM.attributes
                0x0000000000000216       0x32 ./gecko_sdk_4.5.0/platform/bootloader/driver/btl_driver_spi_controller_usart.o
 .ARM.attributes
                0x0000000000000248       0x32 ./gecko_sdk_4.5.0/platform/bootloader/driver/btl_driver_util.o
 .ARM.attributes
                0x000000000000027a       0x32 ./gecko_sdk_4.5.0/platform/bootloader/parser/gbl/btl_gbl_format.o
 .ARM.attributes
                0x00000000000002ac       0x32 ./gecko_sdk_4.5.0/platform/bootloader/parser/gbl/btl_gbl_parser.o
 .ARM.attributes
                0x00000000000002de       0x32 ./gecko_sdk_4.5.0/platform/bootloader/security/btl_crc32.o
 .ARM.attributes
                0x0000000000000310       0x32 ./gecko_sdk_4.5.0/platform/bootloader/security/btl_security_aes.o
 .ARM.attributes
                0x0000000000000342       0x32 ./gecko_sdk_4.5.0/platform/bootloader/security/btl_security_ecdsa.o
 .ARM.attributes
                0x0000000000000374       0x32 ./gecko_sdk_4.5.0/platform/bootloader/security/btl_security_sha256.o
 .ARM.attributes
                0x00000000000003a6       0x32 ./gecko_sdk_4.5.0/platform/bootloader/security/btl_security_tokens.o
 .ARM.attributes
                0x00000000000003d8       0x32 ./gecko_sdk_4.5.0/platform/bootloader/security/ecc/ecc.o
 .ARM.attributes
                0x000000000000040a       0x32 ./gecko_sdk_4.5.0/platform/bootloader/security/sha/btl_sha256.o
 .ARM.attributes
                0x000000000000043c       0x32 ./gecko_sdk_4.5.0/platform/bootloader/security/sha/crypto_sha.o
 .ARM.attributes
                0x000000000000046e       0x32 ./gecko_sdk_4.5.0/platform/bootloader/storage/bootloadinfo/btl_storage_bootloadinfo_single.o
 .ARM.attributes
                0x00000000000004a0       0x32 ./gecko_sdk_4.5.0/platform/bootloader/storage/btl_callbacks_stub.o
 .ARM.attributes
                0x00000000000004d2       0x32 ./gecko_sdk_4.5.0/platform/bootloader/storage/btl_storage.o
 .ARM.attributes
                0x0000000000000504       0x32 ./gecko_sdk_4.5.0/platform/bootloader/storage/btl_storage_library.o
 .ARM.attributes
                0x0000000000000536       0x32 ./gecko_sdk_4.5.0/platform/bootloader/storage/spiflash_sfdp/btl_storage_spiflash_sfdp.o
 .ARM.attributes
                0x0000000000000568       0x32 ./gecko_sdk_4.5.0/platform/common/toolchain/src/sl_memory.o
 .ARM.attributes
                0x000000000000059a       0x32 ./gecko_sdk_4.5.0/platform/emlib/src/em_cmu.o
 .ARM.attributes
                0x00000000000005cc       0x32 ./gecko_sdk_4.5.0/platform/emlib/src/em_core.o
 .ARM.attributes
                0x00000000000005fe       0x32 ./gecko_sdk_4.5.0/platform/emlib/src/em_crypto.o
 .ARM.attributes
                0x0000000000000630       0x32 ./gecko_sdk_4.5.0/platform/emlib/src/em_gpio.o
 .ARM.attributes
                0x0000000000000662       0x32 ./gecko_sdk_4.5.0/platform/emlib/src/em_msc.o
 .ARM.attributes
                0x0000000000000694       0x32 ./gecko_sdk_4.5.0/platform/emlib/src/em_system.o
 .ARM.attributes
                0x00000000000006c6       0x32 ./gecko_sdk_4.5.0/platform/emlib/src/em_usart.o
 .ARM.attributes
                0x00000000000006f8       0x32 ./gecko_sdk_4.5.0/platform/security/sl_component/sl_mbedtls_support/src/crypto_aes.o
 .ARM.attributes
                0x000000000000072a       0x32 ./gecko_sdk_4.5.0/platform/security/sl_component/sl_psa_driver/src/crypto_management.o
 .ARM.attributes
                0x000000000000075c       0x20 ./gecko_sdk_4.5.0/platform/service/udelay/src/sl_udelay_armv6m_gcc.o
 .ARM.attributes
                0x000000000000077c       0x32 /home/lmh/SimplicityStudio_v5/developer/toolchains/gnu_arm/12.2.rel1_2023.7/bin/../lib/gcc/arm-none-eabi/12.2.1/../../../../arm-none-eabi/lib/thumb/v7e-m+fp/softfp/libc_nano.a(libc_a-memcpy-stub.o)
 .ARM.attributes
                0x00000000000007ae       0x32 /home/lmh/SimplicityStudio_v5/developer/toolchains/gnu_arm/12.2.rel1_2023.7/bin/../lib/gcc/arm-none-eabi/12.2.1/../../../../arm-none-eabi/lib/thumb/v7e-m+fp/softfp/libc_nano.a(libc_a-memcmp.o)
 .ARM.attributes
                0x00000000000007e0       0x32 /home/lmh/SimplicityStudio_v5/developer/toolchains/gnu_arm/12.2.rel1_2023.7/bin/../lib/gcc/arm-none-eabi/12.2.1/../../../../arm-none-eabi/lib/thumb/v7e-m+fp/softfp/libc_nano.a(libc_a-memset.o)
 .ARM.attributes
                0x0000000000000812       0x32 /home/lmh/SimplicityStudio_v5/developer/toolchains/gnu_arm/12.2.rel1_2023.7/bin/../lib/gcc/arm-none-eabi/12.2.1/thumb/v7e-m+fp/softfp/crtend.o
 .ARM.attributes
                0x0000000000000844       0x22 /home/lmh/SimplicityStudio_v5/developer/toolchains/gnu_arm/12.2.rel1_2023.7/bin/../lib/gcc/arm-none-eabi/12.2.1/thumb/v7e-m+fp/softfp/crtn.o

.comment        0x0000000000000000       0x45
 .comment       0x0000000000000000       0x45 ./gecko_sdk_4.5.0/platform/Device/SiliconLabs/EFR32FG12P/Source/startup_efr32fg12p.o
                                         0x46 (size before relaxing)
 .comment       0x0000000000000045       0x46 ./gecko_sdk_4.5.0/platform/Device/SiliconLabs/EFR32FG12P/Source/system_efr32fg12p.o
 .comment       0x0000000000000045       0x46 ./gecko_sdk_4.5.0/platform/bootloader/core/btl_bootload.o
 .comment       0x0000000000000045       0x46 ./gecko_sdk_4.5.0/platform/bootloader/core/btl_core.o
 .comment       0x0000000000000045       0x46 ./gecko_sdk_4.5.0/platform/bootloader/core/btl_main.o
 .comment       0x0000000000000045       0x46 ./gecko_sdk_4.5.0/platform/bootloader/core/btl_parse.o
 .comment       0x0000000000000045       0x46 ./gecko_sdk_4.5.0/platform/bootloader/core/btl_reset.o
 .comment       0x0000000000000045       0x46 ./gecko_sdk_4.5.0/platform/bootloader/core/flash/btl_internal_flash.o
 .comment       0x0000000000000045       0x46 ./gecko_sdk_4.5.0/platform/bootloader/driver/btl_driver_delay.o
 .comment       0x0000000000000045       0x46 ./gecko_sdk_4.5.0/platform/bootloader/driver/btl_driver_spi_controller_usart.o
 .comment       0x0000000000000045       0x46 ./gecko_sdk_4.5.0/platform/bootloader/driver/btl_driver_util.o
 .comment       0x0000000000000045       0x46 ./gecko_sdk_4.5.0/platform/bootloader/parser/gbl/btl_gbl_format.o
 .comment       0x0000000000000045       0x46 ./gecko_sdk_4.5.0/platform/bootloader/parser/gbl/btl_gbl_parser.o
 .comment       0x0000000000000045       0x46 ./gecko_sdk_4.5.0/platform/bootloader/security/btl_crc32.o
 .comment       0x0000000000000045       0x46 ./gecko_sdk_4.5.0/platform/bootloader/security/btl_security_aes.o
 .comment       0x0000000000000045       0x46 ./gecko_sdk_4.5.0/platform/bootloader/security/btl_security_ecdsa.o
 .comment       0x0000000000000045       0x46 ./gecko_sdk_4.5.0/platform/bootloader/security/btl_security_sha256.o
 .comment       0x0000000000000045       0x46 ./gecko_sdk_4.5.0/platform/bootloader/security/btl_security_tokens.o
 .comment       0x0000000000000045       0x46 ./gecko_sdk_4.5.0/platform/bootloader/security/ecc/ecc.o
 .comment       0x0000000000000045       0x46 ./gecko_sdk_4.5.0/platform/bootloader/security/sha/btl_sha256.o
 .comment       0x0000000000000045       0x46 ./gecko_sdk_4.5.0/platform/bootloader/security/sha/crypto_sha.o
 .comment       0x0000000000000045       0x46 ./gecko_sdk_4.5.0/platform/bootloader/storage/bootloadinfo/btl_storage_bootloadinfo_single.o
 .comment       0x0000000000000045       0x46 ./gecko_sdk_4.5.0/platform/bootloader/storage/btl_callbacks_stub.o
 .comment       0x0000000000000045       0x46 ./gecko_sdk_4.5.0/platform/bootloader/storage/btl_storage.o
 .comment       0x0000000000000045       0x46 ./gecko_sdk_4.5.0/platform/bootloader/storage/btl_storage_library.o
 .comment       0x0000000000000045       0x46 ./gecko_sdk_4.5.0/platform/bootloader/storage/spiflash_sfdp/btl_storage_spiflash_sfdp.o
 .comment       0x0000000000000045       0x46 ./gecko_sdk_4.5.0/platform/common/toolchain/src/sl_memory.o
 .comment       0x0000000000000045       0x46 ./gecko_sdk_4.5.0/platform/emlib/src/em_cmu.o
 .comment       0x0000000000000045       0x46 ./gecko_sdk_4.5.0/platform/emlib/src/em_core.o
 .comment       0x0000000000000045       0x46 ./gecko_sdk_4.5.0/platform/emlib/src/em_crypto.o
 .comment       0x0000000000000045       0x46 ./gecko_sdk_4.5.0/platform/emlib/src/em_gpio.o
 .comment       0x0000000000000045       0x46 ./gecko_sdk_4.5.0/platform/emlib/src/em_msc.o
 .comment       0x0000000000000045       0x46 ./gecko_sdk_4.5.0/platform/emlib/src/em_system.o
 .comment       0x0000000000000045       0x46 ./gecko_sdk_4.5.0/platform/emlib/src/em_usart.o
 .comment       0x0000000000000045       0x46 ./gecko_sdk_4.5.0/platform/security/sl_component/sl_mbedtls_support/src/crypto_aes.o
 .comment       0x0000000000000045       0x46 ./gecko_sdk_4.5.0/platform/security/sl_component/sl_psa_driver/src/crypto_management.o

.debug_info     0x0000000000000000    0x2125a
 .debug_info    0x0000000000000000      0xa95 ./gecko_sdk_4.5.0/platform/Device/SiliconLabs/EFR32FG12P/Source/startup_efr32fg12p.o
 .debug_info    0x0000000000000a95      0x9c5 ./gecko_sdk_4.5.0/platform/Device/SiliconLabs/EFR32FG12P/Source/system_efr32fg12p.o
 .debug_info    0x000000000000145a     0x1459 ./gecko_sdk_4.5.0/platform/bootloader/core/btl_bootload.o
 .debug_info    0x00000000000028b3      0x11c ./gecko_sdk_4.5.0/platform/bootloader/core/btl_core.o
 .debug_info    0x00000000000029cf     0x1eb2 ./gecko_sdk_4.5.0/platform/bootloader/core/btl_main.o
 .debug_info    0x0000000000004881      0x9ba ./gecko_sdk_4.5.0/platform/bootloader/core/btl_parse.o
 .debug_info    0x000000000000523b      0x627 ./gecko_sdk_4.5.0/platform/bootloader/core/btl_reset.o
 .debug_info    0x0000000000005862      0x6e6 ./gecko_sdk_4.5.0/platform/bootloader/core/flash/btl_internal_flash.o
 .debug_info    0x0000000000005f48      0xb77 ./gecko_sdk_4.5.0/platform/bootloader/driver/btl_driver_delay.o
 .debug_info    0x0000000000006abf      0xea1 ./gecko_sdk_4.5.0/platform/bootloader/driver/btl_driver_spi_controller_usart.o
 .debug_info    0x0000000000007960      0x882 ./gecko_sdk_4.5.0/platform/bootloader/driver/btl_driver_util.o
 .debug_info    0x00000000000081e2      0x245 ./gecko_sdk_4.5.0/platform/bootloader/parser/gbl/btl_gbl_format.o
 .debug_info    0x0000000000008427     0x2209 ./gecko_sdk_4.5.0/platform/bootloader/parser/gbl/btl_gbl_parser.o
 .debug_info    0x000000000000a630      0x6b5 ./gecko_sdk_4.5.0/platform/bootloader/security/btl_crc32.o
 .debug_info    0x000000000000ace5      0x5ca ./gecko_sdk_4.5.0/platform/bootloader/security/btl_security_aes.o
 .debug_info    0x000000000000b2af      0x990 ./gecko_sdk_4.5.0/platform/bootloader/security/btl_security_ecdsa.o
 .debug_info    0x000000000000bc3f      0x3f3 ./gecko_sdk_4.5.0/platform/bootloader/security/btl_security_sha256.o
 .debug_info    0x000000000000c032       0xe1 ./gecko_sdk_4.5.0/platform/bootloader/security/btl_security_tokens.o
 .debug_info    0x000000000000c113     0x1e3f ./gecko_sdk_4.5.0/platform/bootloader/security/ecc/ecc.o
 .debug_info    0x000000000000df52      0x8e8 ./gecko_sdk_4.5.0/platform/bootloader/security/sha/btl_sha256.o
 .debug_info    0x000000000000e83a      0x9a7 ./gecko_sdk_4.5.0/platform/bootloader/security/sha/crypto_sha.o
 .debug_info    0x000000000000f1e1      0x1ac ./gecko_sdk_4.5.0/platform/bootloader/storage/bootloadinfo/btl_storage_bootloadinfo_single.o
 .debug_info    0x000000000000f38d       0x96 ./gecko_sdk_4.5.0/platform/bootloader/storage/btl_callbacks_stub.o
 .debug_info    0x000000000000f423      0xf16 ./gecko_sdk_4.5.0/platform/bootloader/storage/btl_storage.o
 .debug_info    0x0000000000010339     0x1903 ./gecko_sdk_4.5.0/platform/bootloader/storage/btl_storage_library.o
 .debug_info    0x0000000000011c3c     0x13d6 ./gecko_sdk_4.5.0/platform/bootloader/storage/spiflash_sfdp/btl_storage_spiflash_sfdp.o
 .debug_info    0x0000000000013012      0x205 ./gecko_sdk_4.5.0/platform/common/toolchain/src/sl_memory.o
 .debug_info    0x0000000000013217     0x4058 ./gecko_sdk_4.5.0/platform/emlib/src/em_cmu.o
 .debug_info    0x000000000001726f      0xe63 ./gecko_sdk_4.5.0/platform/emlib/src/em_core.o
 .debug_info    0x00000000000180d2     0x3a37 ./gecko_sdk_4.5.0/platform/emlib/src/em_crypto.o
 .debug_info    0x000000000001bb09      0xf28 ./gecko_sdk_4.5.0/platform/emlib/src/em_gpio.o
 .debug_info    0x000000000001ca31      0xe08 ./gecko_sdk_4.5.0/platform/emlib/src/em_msc.o
 .debug_info    0x000000000001d839      0xbeb ./gecko_sdk_4.5.0/platform/emlib/src/em_system.o
 .debug_info    0x000000000001e424     0x1364 ./gecko_sdk_4.5.0/platform/emlib/src/em_usart.o
 .debug_info    0x000000000001f788      0xe2a ./gecko_sdk_4.5.0/platform/security/sl_component/sl_mbedtls_support/src/crypto_aes.o
 .debug_info    0x00000000000205b2      0xc82 ./gecko_sdk_4.5.0/platform/security/sl_component/sl_psa_driver/src/crypto_management.o
 .debug_info    0x0000000000021234       0x26 ./gecko_sdk_4.5.0/platform/service/udelay/src/sl_udelay_armv6m_gcc.o

.debug_abbrev   0x0000000000000000     0x5a6b
 .debug_abbrev  0x0000000000000000      0x208 ./gecko_sdk_4.5.0/platform/Device/SiliconLabs/EFR32FG12P/Source/startup_efr32fg12p.o
 .debug_abbrev  0x0000000000000208      0x231 ./gecko_sdk_4.5.0/platform/Device/SiliconLabs/EFR32FG12P/Source/system_efr32fg12p.o
 .debug_abbrev  0x0000000000000439      0x415 ./gecko_sdk_4.5.0/platform/bootloader/core/btl_bootload.o
 .debug_abbrev  0x000000000000084e       0xa9 ./gecko_sdk_4.5.0/platform/bootloader/core/btl_core.o
 .debug_abbrev  0x00000000000008f7      0x3ff ./gecko_sdk_4.5.0/platform/bootloader/core/btl_main.o
 .debug_abbrev  0x0000000000000cf6      0x217 ./gecko_sdk_4.5.0/platform/bootloader/core/btl_parse.o
 .debug_abbrev  0x0000000000000f0d      0x221 ./gecko_sdk_4.5.0/platform/bootloader/core/btl_reset.o
 .debug_abbrev  0x000000000000112e      0x1ac ./gecko_sdk_4.5.0/platform/bootloader/core/flash/btl_internal_flash.o
 .debug_abbrev  0x00000000000012da      0x219 ./gecko_sdk_4.5.0/platform/bootloader/driver/btl_driver_delay.o
 .debug_abbrev  0x00000000000014f3      0x310 ./gecko_sdk_4.5.0/platform/bootloader/driver/btl_driver_spi_controller_usart.o
 .debug_abbrev  0x0000000000001803      0x163 ./gecko_sdk_4.5.0/platform/bootloader/driver/btl_driver_util.o
 .debug_abbrev  0x0000000000001966      0x10a ./gecko_sdk_4.5.0/platform/bootloader/parser/gbl/btl_gbl_format.o
 .debug_abbrev  0x0000000000001a70      0x43a ./gecko_sdk_4.5.0/platform/bootloader/parser/gbl/btl_gbl_parser.o
 .debug_abbrev  0x0000000000001eaa       0xd6 ./gecko_sdk_4.5.0/platform/bootloader/security/btl_crc32.o
 .debug_abbrev  0x0000000000001f80      0x1f5 ./gecko_sdk_4.5.0/platform/bootloader/security/btl_security_aes.o
 .debug_abbrev  0x0000000000002175      0x1ab ./gecko_sdk_4.5.0/platform/bootloader/security/btl_security_ecdsa.o
 .debug_abbrev  0x0000000000002320      0x1c9 ./gecko_sdk_4.5.0/platform/bootloader/security/btl_security_sha256.o
 .debug_abbrev  0x00000000000024e9       0x67 ./gecko_sdk_4.5.0/platform/bootloader/security/btl_security_tokens.o
 .debug_abbrev  0x0000000000002550      0x4a6 ./gecko_sdk_4.5.0/platform/bootloader/security/ecc/ecc.o
 .debug_abbrev  0x00000000000029f6      0x29e ./gecko_sdk_4.5.0/platform/bootloader/security/sha/btl_sha256.o
 .debug_abbrev  0x0000000000002c94      0x293 ./gecko_sdk_4.5.0/platform/bootloader/security/sha/crypto_sha.o
 .debug_abbrev  0x0000000000002f27       0xe9 ./gecko_sdk_4.5.0/platform/bootloader/storage/bootloadinfo/btl_storage_bootloadinfo_single.o
 .debug_abbrev  0x0000000000003010       0x60 ./gecko_sdk_4.5.0/platform/bootloader/storage/btl_callbacks_stub.o
 .debug_abbrev  0x0000000000003070      0x25b ./gecko_sdk_4.5.0/platform/bootloader/storage/btl_storage.o
 .debug_abbrev  0x00000000000032cb      0x47f ./gecko_sdk_4.5.0/platform/bootloader/storage/btl_storage_library.o
 .debug_abbrev  0x000000000000374a      0x3ab ./gecko_sdk_4.5.0/platform/bootloader/storage/spiflash_sfdp/btl_storage_spiflash_sfdp.o
 .debug_abbrev  0x0000000000003af5      0x11e ./gecko_sdk_4.5.0/platform/common/toolchain/src/sl_memory.o
 .debug_abbrev  0x0000000000003c13      0x590 ./gecko_sdk_4.5.0/platform/emlib/src/em_cmu.o
 .debug_abbrev  0x00000000000041a3      0x379 ./gecko_sdk_4.5.0/platform/emlib/src/em_core.o
 .debug_abbrev  0x000000000000451c      0x4d1 ./gecko_sdk_4.5.0/platform/emlib/src/em_crypto.o
 .debug_abbrev  0x00000000000049ed      0x3b4 ./gecko_sdk_4.5.0/platform/emlib/src/em_gpio.o
 .debug_abbrev  0x0000000000004da1      0x2a7 ./gecko_sdk_4.5.0/platform/emlib/src/em_msc.o
 .debug_abbrev  0x0000000000005048      0x234 ./gecko_sdk_4.5.0/platform/emlib/src/em_system.o
 .debug_abbrev  0x000000000000527c      0x311 ./gecko_sdk_4.5.0/platform/emlib/src/em_usart.o
 .debug_abbrev  0x000000000000558d      0x266 ./gecko_sdk_4.5.0/platform/security/sl_component/sl_mbedtls_support/src/crypto_aes.o
 .debug_abbrev  0x00000000000057f3      0x264 ./gecko_sdk_4.5.0/platform/security/sl_component/sl_psa_driver/src/crypto_management.o
 .debug_abbrev  0x0000000000005a57       0x14 ./gecko_sdk_4.5.0/platform/service/udelay/src/sl_udelay_armv6m_gcc.o

.debug_loc      0x0000000000000000    0x11097
 .debug_loc     0x0000000000000000       0x20 ./gecko_sdk_4.5.0/platform/Device/SiliconLabs/EFR32FG12P/Source/startup_efr32fg12p.o
 .debug_loc     0x0000000000000020       0xd8 ./gecko_sdk_4.5.0/platform/Device/SiliconLabs/EFR32FG12P/Source/system_efr32fg12p.o
 .debug_loc     0x00000000000000f8      0x912 ./gecko_sdk_4.5.0/platform/bootloader/core/btl_bootload.o
 .debug_loc     0x0000000000000a0a      0x111 ./gecko_sdk_4.5.0/platform/bootloader/core/btl_main.o
 .debug_loc     0x0000000000000b1b      0x28f ./gecko_sdk_4.5.0/platform/bootloader/core/btl_parse.o
 .debug_loc     0x0000000000000daa       0xca ./gecko_sdk_4.5.0/platform/bootloader/core/btl_reset.o
 .debug_loc     0x0000000000000e74      0x702 ./gecko_sdk_4.5.0/platform/bootloader/core/flash/btl_internal_flash.o
 .debug_loc     0x0000000000001576      0x1ab ./gecko_sdk_4.5.0/platform/bootloader/driver/btl_driver_delay.o
 .debug_loc     0x0000000000001721      0x37e ./gecko_sdk_4.5.0/platform/bootloader/driver/btl_driver_spi_controller_usart.o
 .debug_loc     0x0000000000001a9f      0x10f ./gecko_sdk_4.5.0/platform/bootloader/driver/btl_driver_util.o
 .debug_loc     0x0000000000001bae       0x65 ./gecko_sdk_4.5.0/platform/bootloader/parser/gbl/btl_gbl_format.o
 .debug_loc     0x0000000000001c13      0xfed ./gecko_sdk_4.5.0/platform/bootloader/parser/gbl/btl_gbl_parser.o
 .debug_loc     0x0000000000002c00       0xba ./gecko_sdk_4.5.0/platform/bootloader/security/btl_crc32.o
 .debug_loc     0x0000000000002cba      0x486 ./gecko_sdk_4.5.0/platform/bootloader/security/btl_security_aes.o
 .debug_loc     0x0000000000003140      0x143 ./gecko_sdk_4.5.0/platform/bootloader/security/btl_security_ecdsa.o
 .debug_loc     0x0000000000003283      0x288 ./gecko_sdk_4.5.0/platform/bootloader/security/btl_security_sha256.o
 .debug_loc     0x000000000000350b     0x1170 ./gecko_sdk_4.5.0/platform/bootloader/security/ecc/ecc.o
 .debug_loc     0x000000000000467b      0x8d0 ./gecko_sdk_4.5.0/platform/bootloader/security/sha/btl_sha256.o
 .debug_loc     0x0000000000004f4b      0x302 ./gecko_sdk_4.5.0/platform/bootloader/security/sha/crypto_sha.o
 .debug_loc     0x000000000000524d       0xd9 ./gecko_sdk_4.5.0/platform/bootloader/storage/bootloadinfo/btl_storage_bootloadinfo_single.o
 .debug_loc     0x0000000000005326       0x75 ./gecko_sdk_4.5.0/platform/bootloader/storage/btl_storage.o
 .debug_loc     0x000000000000539b      0xbac ./gecko_sdk_4.5.0/platform/bootloader/storage/btl_storage_library.o
 .debug_loc     0x0000000000005f47      0xe6f ./gecko_sdk_4.5.0/platform/bootloader/storage/spiflash_sfdp/btl_storage_spiflash_sfdp.o
 .debug_loc     0x0000000000006db6       0x98 ./gecko_sdk_4.5.0/platform/common/toolchain/src/sl_memory.o
 .debug_loc     0x0000000000006e4e     0x3225 ./gecko_sdk_4.5.0/platform/emlib/src/em_cmu.o
 .debug_loc     0x000000000000a073      0x67c ./gecko_sdk_4.5.0/platform/emlib/src/em_core.o
 .debug_loc     0x000000000000a6ef     0x451c ./gecko_sdk_4.5.0/platform/emlib/src/em_crypto.o
 .debug_loc     0x000000000000ec0b      0x892 ./gecko_sdk_4.5.0/platform/emlib/src/em_gpio.o
 .debug_loc     0x000000000000f49d      0x7e9 ./gecko_sdk_4.5.0/platform/emlib/src/em_msc.o
 .debug_loc     0x000000000000fc86      0x149 ./gecko_sdk_4.5.0/platform/emlib/src/em_system.o
 .debug_loc     0x000000000000fdcf      0x8b3 ./gecko_sdk_4.5.0/platform/emlib/src/em_usart.o
 .debug_loc     0x0000000000010682      0x826 ./gecko_sdk_4.5.0/platform/security/sl_component/sl_mbedtls_support/src/crypto_aes.o
 .debug_loc     0x0000000000010ea8      0x1ef ./gecko_sdk_4.5.0/platform/security/sl_component/sl_psa_driver/src/crypto_management.o

.debug_aranges  0x0000000000000000      0xe30
 .debug_aranges
                0x0000000000000000       0x38 ./gecko_sdk_4.5.0/platform/Device/SiliconLabs/EFR32FG12P/Source/startup_efr32fg12p.o
 .debug_aranges
                0x0000000000000038       0x68 ./gecko_sdk_4.5.0/platform/Device/SiliconLabs/EFR32FG12P/Source/system_efr32fg12p.o
 .debug_aranges
                0x00000000000000a0       0xb8 ./gecko_sdk_4.5.0/platform/bootloader/core/btl_bootload.o
 .debug_aranges
                0x0000000000000158       0x28 ./gecko_sdk_4.5.0/platform/bootloader/core/btl_core.o
 .debug_aranges
                0x0000000000000180       0x38 ./gecko_sdk_4.5.0/platform/bootloader/core/btl_main.o
 .debug_aranges
                0x00000000000001b8       0x38 ./gecko_sdk_4.5.0/platform/bootloader/core/btl_parse.o
 .debug_aranges
                0x00000000000001f0       0x68 ./gecko_sdk_4.5.0/platform/bootloader/core/btl_reset.o
 .debug_aranges
                0x0000000000000258       0x40 ./gecko_sdk_4.5.0/platform/bootloader/core/flash/btl_internal_flash.o
 .debug_aranges
                0x0000000000000298       0x38 ./gecko_sdk_4.5.0/platform/bootloader/driver/btl_driver_delay.o
 .debug_aranges
                0x00000000000002d0       0x70 ./gecko_sdk_4.5.0/platform/bootloader/driver/btl_driver_spi_controller_usart.o
 .debug_aranges
                0x0000000000000340       0x28 ./gecko_sdk_4.5.0/platform/bootloader/driver/btl_driver_util.o
 .debug_aranges
                0x0000000000000368       0x20 ./gecko_sdk_4.5.0/platform/bootloader/parser/gbl/btl_gbl_format.o
 .debug_aranges
                0x0000000000000388       0x50 ./gecko_sdk_4.5.0/platform/bootloader/parser/gbl/btl_gbl_parser.o
 .debug_aranges
                0x00000000000003d8       0x20 ./gecko_sdk_4.5.0/platform/bootloader/security/btl_crc32.o
 .debug_aranges
                0x00000000000003f8       0x40 ./gecko_sdk_4.5.0/platform/bootloader/security/btl_security_aes.o
 .debug_aranges
                0x0000000000000438       0x20 ./gecko_sdk_4.5.0/platform/bootloader/security/btl_security_ecdsa.o
 .debug_aranges
                0x0000000000000458       0x38 ./gecko_sdk_4.5.0/platform/bootloader/security/btl_security_sha256.o
 .debug_aranges
                0x0000000000000490       0x30 ./gecko_sdk_4.5.0/platform/bootloader/security/btl_security_tokens.o
 .debug_aranges
                0x00000000000004c0       0x70 ./gecko_sdk_4.5.0/platform/bootloader/security/ecc/ecc.o
 .debug_aranges
                0x0000000000000530       0x50 ./gecko_sdk_4.5.0/platform/bootloader/security/sha/btl_sha256.o
 .debug_aranges
                0x0000000000000580       0x20 ./gecko_sdk_4.5.0/platform/bootloader/security/sha/crypto_sha.o
 .debug_aranges
                0x00000000000005a0       0x30 ./gecko_sdk_4.5.0/platform/bootloader/storage/bootloadinfo/btl_storage_bootloadinfo_single.o
 .debug_aranges
                0x00000000000005d0       0x28 ./gecko_sdk_4.5.0/platform/bootloader/storage/btl_callbacks_stub.o
 .debug_aranges
                0x00000000000005f8       0x30 ./gecko_sdk_4.5.0/platform/bootloader/storage/btl_storage.o
 .debug_aranges
                0x0000000000000628       0x88 ./gecko_sdk_4.5.0/platform/bootloader/storage/btl_storage_library.o
 .debug_aranges
                0x00000000000006b0       0xb0 ./gecko_sdk_4.5.0/platform/bootloader/storage/spiflash_sfdp/btl_storage_spiflash_sfdp.o
 .debug_aranges
                0x0000000000000760       0x30 ./gecko_sdk_4.5.0/platform/common/toolchain/src/sl_memory.o
 .debug_aranges
                0x0000000000000790      0x1b0 ./gecko_sdk_4.5.0/platform/emlib/src/em_cmu.o
 .debug_aranges
                0x0000000000000940       0xe8 ./gecko_sdk_4.5.0/platform/emlib/src/em_core.o
 .debug_aranges
                0x0000000000000a28      0x158 ./gecko_sdk_4.5.0/platform/emlib/src/em_crypto.o
 .debug_aranges
                0x0000000000000b80       0x58 ./gecko_sdk_4.5.0/platform/emlib/src/em_gpio.o
 .debug_aranges
                0x0000000000000bd8       0x70 ./gecko_sdk_4.5.0/platform/emlib/src/em_msc.o
 .debug_aranges
                0x0000000000000c48       0x78 ./gecko_sdk_4.5.0/platform/emlib/src/em_system.o
 .debug_aranges
                0x0000000000000cc0       0xb8 ./gecko_sdk_4.5.0/platform/emlib/src/em_usart.o
 .debug_aranges
                0x0000000000000d78       0x58 ./gecko_sdk_4.5.0/platform/security/sl_component/sl_mbedtls_support/src/crypto_aes.o
 .debug_aranges
                0x0000000000000dd0       0x40 ./gecko_sdk_4.5.0/platform/security/sl_component/sl_psa_driver/src/crypto_management.o
 .debug_aranges
                0x0000000000000e10       0x20 ./gecko_sdk_4.5.0/platform/service/udelay/src/sl_udelay_armv6m_gcc.o

.debug_ranges   0x0000000000000000     0x1b10
 .debug_ranges  0x0000000000000000       0x28 ./gecko_sdk_4.5.0/platform/Device/SiliconLabs/EFR32FG12P/Source/startup_efr32fg12p.o
 .debug_ranges  0x0000000000000028       0x58 ./gecko_sdk_4.5.0/platform/Device/SiliconLabs/EFR32FG12P/Source/system_efr32fg12p.o
 .debug_ranges  0x0000000000000080       0xc0 ./gecko_sdk_4.5.0/platform/bootloader/core/btl_bootload.o
 .debug_ranges  0x0000000000000140       0x18 ./gecko_sdk_4.5.0/platform/bootloader/core/btl_core.o
 .debug_ranges  0x0000000000000158       0x58 ./gecko_sdk_4.5.0/platform/bootloader/core/btl_main.o
 .debug_ranges  0x00000000000001b0       0x28 ./gecko_sdk_4.5.0/platform/bootloader/core/btl_parse.o
 .debug_ranges  0x00000000000001d8       0x58 ./gecko_sdk_4.5.0/platform/bootloader/core/btl_reset.o
 .debug_ranges  0x0000000000000230       0x60 ./gecko_sdk_4.5.0/platform/bootloader/core/flash/btl_internal_flash.o
 .debug_ranges  0x0000000000000290       0x28 ./gecko_sdk_4.5.0/platform/bootloader/driver/btl_driver_delay.o
 .debug_ranges  0x00000000000002b8       0x60 ./gecko_sdk_4.5.0/platform/bootloader/driver/btl_driver_spi_controller_usart.o
 .debug_ranges  0x0000000000000318       0x18 ./gecko_sdk_4.5.0/platform/bootloader/driver/btl_driver_util.o
 .debug_ranges  0x0000000000000330       0x28 ./gecko_sdk_4.5.0/platform/bootloader/parser/gbl/btl_gbl_format.o
 .debug_ranges  0x0000000000000358      0x190 ./gecko_sdk_4.5.0/platform/bootloader/parser/gbl/btl_gbl_parser.o
 .debug_ranges  0x00000000000004e8       0x10 ./gecko_sdk_4.5.0/platform/bootloader/security/btl_crc32.o
 .debug_ranges  0x00000000000004f8       0x30 ./gecko_sdk_4.5.0/platform/bootloader/security/btl_security_aes.o
 .debug_ranges  0x0000000000000528       0x10 ./gecko_sdk_4.5.0/platform/bootloader/security/btl_security_ecdsa.o
 .debug_ranges  0x0000000000000538       0x40 ./gecko_sdk_4.5.0/platform/bootloader/security/btl_security_sha256.o
 .debug_ranges  0x0000000000000578       0x20 ./gecko_sdk_4.5.0/platform/bootloader/security/btl_security_tokens.o
 .debug_ranges  0x0000000000000598      0x108 ./gecko_sdk_4.5.0/platform/bootloader/security/ecc/ecc.o
 .debug_ranges  0x00000000000006a0       0xd8 ./gecko_sdk_4.5.0/platform/bootloader/security/sha/btl_sha256.o
 .debug_ranges  0x0000000000000778       0x58 ./gecko_sdk_4.5.0/platform/bootloader/security/sha/crypto_sha.o
 .debug_ranges  0x00000000000007d0       0x38 ./gecko_sdk_4.5.0/platform/bootloader/storage/bootloadinfo/btl_storage_bootloadinfo_single.o
 .debug_ranges  0x0000000000000808       0x18 ./gecko_sdk_4.5.0/platform/bootloader/storage/btl_callbacks_stub.o
 .debug_ranges  0x0000000000000820       0x20 ./gecko_sdk_4.5.0/platform/bootloader/storage/btl_storage.o
 .debug_ranges  0x0000000000000840       0xa8 ./gecko_sdk_4.5.0/platform/bootloader/storage/btl_storage_library.o
 .debug_ranges  0x00000000000008e8      0x150 ./gecko_sdk_4.5.0/platform/bootloader/storage/spiflash_sfdp/btl_storage_spiflash_sfdp.o
 .debug_ranges  0x0000000000000a38       0x20 ./gecko_sdk_4.5.0/platform/common/toolchain/src/sl_memory.o
 .debug_ranges  0x0000000000000a58      0x510 ./gecko_sdk_4.5.0/platform/emlib/src/em_cmu.o
 .debug_ranges  0x0000000000000f68      0x1a0 ./gecko_sdk_4.5.0/platform/emlib/src/em_core.o
 .debug_ranges  0x0000000000001108      0x5a0 ./gecko_sdk_4.5.0/platform/emlib/src/em_crypto.o
 .debug_ranges  0x00000000000016a8      0x188 ./gecko_sdk_4.5.0/platform/emlib/src/em_gpio.o
 .debug_ranges  0x0000000000001830       0xc0 ./gecko_sdk_4.5.0/platform/emlib/src/em_msc.o
 .debug_ranges  0x00000000000018f0       0x68 ./gecko_sdk_4.5.0/platform/emlib/src/em_system.o
 .debug_ranges  0x0000000000001958       0xa8 ./gecko_sdk_4.5.0/platform/emlib/src/em_usart.o
 .debug_ranges  0x0000000000001a00       0x68 ./gecko_sdk_4.5.0/platform/security/sl_component/sl_mbedtls_support/src/crypto_aes.o
 .debug_ranges  0x0000000000001a68       0xa8 ./gecko_sdk_4.5.0/platform/security/sl_component/sl_psa_driver/src/crypto_management.o

.debug_line     0x0000000000000000     0xfaa2
 .debug_line    0x0000000000000000      0x3a3 ./gecko_sdk_4.5.0/platform/Device/SiliconLabs/EFR32FG12P/Source/startup_efr32fg12p.o
 .debug_line    0x00000000000003a3      0x409 ./gecko_sdk_4.5.0/platform/Device/SiliconLabs/EFR32FG12P/Source/system_efr32fg12p.o
 .debug_line    0x00000000000007ac      0x88a ./gecko_sdk_4.5.0/platform/bootloader/core/btl_bootload.o
 .debug_line    0x0000000000001036      0x1e9 ./gecko_sdk_4.5.0/platform/bootloader/core/btl_core.o
 .debug_line    0x000000000000121f      0x8d8 ./gecko_sdk_4.5.0/platform/bootloader/core/btl_main.o
 .debug_line    0x0000000000001af7      0x564 ./gecko_sdk_4.5.0/platform/bootloader/core/btl_parse.o
 .debug_line    0x000000000000205b      0x49d ./gecko_sdk_4.5.0/platform/bootloader/core/btl_reset.o
 .debug_line    0x00000000000024f8      0x474 ./gecko_sdk_4.5.0/platform/bootloader/core/flash/btl_internal_flash.o
 .debug_line    0x000000000000296c      0x3e3 ./gecko_sdk_4.5.0/platform/bootloader/driver/btl_driver_delay.o
 .debug_line    0x0000000000002d4f      0x51e ./gecko_sdk_4.5.0/platform/bootloader/driver/btl_driver_spi_controller_usart.o
 .debug_line    0x000000000000326d      0x2f5 ./gecko_sdk_4.5.0/platform/bootloader/driver/btl_driver_util.o
 .debug_line    0x0000000000003562      0x28e ./gecko_sdk_4.5.0/platform/bootloader/parser/gbl/btl_gbl_format.o
 .debug_line    0x00000000000037f0      0xf0e ./gecko_sdk_4.5.0/platform/bootloader/parser/gbl/btl_gbl_parser.o
 .debug_line    0x00000000000046fe      0x2c0 ./gecko_sdk_4.5.0/platform/bootloader/security/btl_crc32.o
 .debug_line    0x00000000000049be      0x419 ./gecko_sdk_4.5.0/platform/bootloader/security/btl_security_aes.o
 .debug_line    0x0000000000004dd7      0x3d9 ./gecko_sdk_4.5.0/platform/bootloader/security/btl_security_ecdsa.o
 .debug_line    0x00000000000051b0      0x30a ./gecko_sdk_4.5.0/platform/bootloader/security/btl_security_sha256.o
 .debug_line    0x00000000000054ba      0x1bd ./gecko_sdk_4.5.0/platform/bootloader/security/btl_security_tokens.o
 .debug_line    0x0000000000005677      0xb3f ./gecko_sdk_4.5.0/platform/bootloader/security/ecc/ecc.o
 .debug_line    0x00000000000061b6      0x55b ./gecko_sdk_4.5.0/platform/bootloader/security/sha/btl_sha256.o
 .debug_line    0x0000000000006711      0x62f ./gecko_sdk_4.5.0/platform/bootloader/security/sha/crypto_sha.o
 .debug_line    0x0000000000006d40      0x281 ./gecko_sdk_4.5.0/platform/bootloader/storage/bootloadinfo/btl_storage_bootloadinfo_single.o
 .debug_line    0x0000000000006fc1       0x9e ./gecko_sdk_4.5.0/platform/bootloader/storage/btl_callbacks_stub.o
 .debug_line    0x000000000000705f      0x570 ./gecko_sdk_4.5.0/platform/bootloader/storage/btl_storage.o
 .debug_line    0x00000000000075cf      0xa39 ./gecko_sdk_4.5.0/platform/bootloader/storage/btl_storage_library.o
 .debug_line    0x0000000000008008      0xadc ./gecko_sdk_4.5.0/platform/bootloader/storage/spiflash_sfdp/btl_storage_spiflash_sfdp.o
 .debug_line    0x0000000000008ae4      0x2cd ./gecko_sdk_4.5.0/platform/common/toolchain/src/sl_memory.o
 .debug_line    0x0000000000008db1     0x23bb ./gecko_sdk_4.5.0/platform/emlib/src/em_cmu.o
 .debug_line    0x000000000000b16c      0x82d ./gecko_sdk_4.5.0/platform/emlib/src/em_core.o
 .debug_line    0x000000000000b999     0x1691 ./gecko_sdk_4.5.0/platform/emlib/src/em_crypto.o
 .debug_line    0x000000000000d02a      0x63b ./gecko_sdk_4.5.0/platform/emlib/src/em_gpio.o
 .debug_line    0x000000000000d665      0x8bc ./gecko_sdk_4.5.0/platform/emlib/src/em_msc.o
 .debug_line    0x000000000000df21      0x447 ./gecko_sdk_4.5.0/platform/emlib/src/em_system.o
 .debug_line    0x000000000000e368      0xa2f ./gecko_sdk_4.5.0/platform/emlib/src/em_usart.o
 .debug_line    0x000000000000ed97      0x8d4 ./gecko_sdk_4.5.0/platform/security/sl_component/sl_mbedtls_support/src/crypto_aes.o
 .debug_line    0x000000000000f66b      0x3a8 ./gecko_sdk_4.5.0/platform/security/sl_component/sl_psa_driver/src/crypto_management.o
 .debug_line    0x000000000000fa13       0x8f ./gecko_sdk_4.5.0/platform/service/udelay/src/sl_udelay_armv6m_gcc.o

.debug_str      0x0000000000000000     0x7659
 .debug_str     0x0000000000000000      0x67d ./gecko_sdk_4.5.0/platform/Device/SiliconLabs/EFR32FG12P/Source/startup_efr32fg12p.o
                                        0x7fa (size before relaxing)
 .debug_str     0x000000000000067d      0x462 ./gecko_sdk_4.5.0/platform/Device/SiliconLabs/EFR32FG12P/Source/system_efr32fg12p.o
                                        0x699 (size before relaxing)
 .debug_str     0x0000000000000adf      0x5cf ./gecko_sdk_4.5.0/platform/bootloader/core/btl_bootload.o
                                        0xc67 (size before relaxing)
 .debug_str     0x00000000000010ae       0x87 ./gecko_sdk_4.5.0/platform/bootloader/core/btl_core.o
                                        0x24b (size before relaxing)
 .debug_str     0x0000000000001135      0x872 ./gecko_sdk_4.5.0/platform/bootloader/core/btl_main.o
                                       0x13ad (size before relaxing)
 .debug_str     0x00000000000019a7       0x97 ./gecko_sdk_4.5.0/platform/bootloader/core/btl_parse.o
                                        0x8b2 (size before relaxing)
 .debug_str     0x0000000000001a3e       0xd2 ./gecko_sdk_4.5.0/platform/bootloader/core/btl_reset.o
                                        0x41a (size before relaxing)
 .debug_str     0x0000000000001b10      0x42e ./gecko_sdk_4.5.0/platform/bootloader/core/flash/btl_internal_flash.o
                                        0x659 (size before relaxing)
 .debug_str     0x0000000000001f3e      0x3df ./gecko_sdk_4.5.0/platform/bootloader/driver/btl_driver_delay.o
                                        0x8b5 (size before relaxing)
 .debug_str     0x000000000000231d      0x522 ./gecko_sdk_4.5.0/platform/bootloader/driver/btl_driver_spi_controller_usart.o
                                        0xa79 (size before relaxing)
 .debug_str     0x000000000000283f       0x8d ./gecko_sdk_4.5.0/platform/bootloader/driver/btl_driver_util.o
                                        0x631 (size before relaxing)
 .debug_str     0x00000000000028cc       0xd6 ./gecko_sdk_4.5.0/platform/bootloader/parser/gbl/btl_gbl_format.o
                                        0x474 (size before relaxing)
 .debug_str     0x00000000000029a2      0x36c ./gecko_sdk_4.5.0/platform/bootloader/parser/gbl/btl_gbl_parser.o
                                        0xf58 (size before relaxing)
 .debug_str     0x0000000000002d0e       0xb1 ./gecko_sdk_4.5.0/platform/bootloader/security/btl_crc32.o
                                        0x57b (size before relaxing)
 .debug_str     0x0000000000002dbf      0x145 ./gecko_sdk_4.5.0/platform/bootloader/security/btl_security_aes.o
                                        0x3dd (size before relaxing)
 .debug_str     0x0000000000002f04      0x207 ./gecko_sdk_4.5.0/platform/bootloader/security/btl_security_ecdsa.o
                                        0x7ec (size before relaxing)
 .debug_str     0x000000000000310b       0xdd ./gecko_sdk_4.5.0/platform/bootloader/security/btl_security_sha256.o
                                        0x35e (size before relaxing)
 .debug_str     0x00000000000031e8       0x5d ./gecko_sdk_4.5.0/platform/bootloader/security/btl_security_tokens.o
                                        0x275 (size before relaxing)
 .debug_str     0x0000000000003245      0x59c ./gecko_sdk_4.5.0/platform/bootloader/security/ecc/ecc.o
                                        0x9f9 (size before relaxing)