Archive member included to satisfy reference by file (symbol)

/home/lmh/SimplicityStudio/SDKs/gecko_sdk//platform/radio/rail_lib/autogen/librail_release/librail_efr32xg12_gcc_release.a(rail_zwave_rf_hal.o)
                              ./gecko_sdk_4.5.0/platform/radio/rail_lib/plugin/rail_util_protocol/sl_rail_util_protocol.o (RAIL_ZWAVE_REGION_EU)
/home/lmh/SimplicityStudio/SDKs/gecko_sdk//platform/radio/rail_lib/autogen/librail_release/librail_efr32xg12_gcc_release.a(rail_singleprotocol.o)
                              ./autogen/sl_rail_util_init.o (RAIL_Init)
/home/lmh/SimplicityStudio/SDKs/gecko_sdk//platform/radio/rail_lib/autogen/librail_release/librail_efr32xg12_gcc_release.a(rail_rf.o)
                              /home/lmh/SimplicityStudio/SDKs/gecko_sdk//platform/radio/rail_lib/autogen/librail_release/librail_efr32xg12_gcc_release.a(rail_singleprotocol.o) (RAILINT_0ca222f7a680788c307a2bad1be33ff3)
/home/lmh/SimplicityStudio/SDKs/gecko_sdk//platform/radio/rail_lib/autogen/librail_release/librail_efr32xg12_gcc_release.a(rail_rx.o)
                              /home/lmh/SimplicityStudio/SDKs/gecko_sdk//platform/radio/rail_lib/autogen/librail_release/librail_efr32xg12_gcc_release.a(rail_singleprotocol.o) (RAILINT_7a1b83c18f57d5dc8774009ae81ab08e)
/home/lmh/SimplicityStudio/SDKs/gecko_sdk//platform/radio/rail_lib/autogen/librail_release/librail_efr32xg12_gcc_release.a(rail_tx.o)
                              /home/lmh/SimplicityStudio/SDKs/gecko_sdk//platform/radio/rail_lib/autogen/librail_release/librail_efr32xg12_gcc_release.a(rail_singleprotocol.o) (RAILINT_702d492f891744505c1804ad464b3197)
/home/lmh/SimplicityStudio/SDKs/gecko_sdk//platform/radio/rail_lib/autogen/librail_release/librail_efr32xg12_gcc_release.a(rail_calibration.o)
                              /home/lmh/SimplicityStudio/SDKs/gecko_sdk//platform/radio/rail_lib/autogen/librail_release/librail_efr32xg12_gcc_release.a(rail_singleprotocol.o) (RAILINT_3f0676ac0f150b09d4f7c9192cb9582b)
/home/lmh/SimplicityStudio/SDKs/gecko_sdk//platform/radio/rail_lib/autogen/librail_release/librail_efr32xg12_gcc_release.a(rail_data.o)
                              ./autogen/sl_rail_util_init.o (RAIL_ConfigData)
/home/lmh/SimplicityStudio/SDKs/gecko_sdk//platform/radio/rail_lib/autogen/librail_release/librail_efr32xg12_gcc_release.a(rail_assert.o)
                              /home/lmh/SimplicityStudio/SDKs/gecko_sdk//platform/radio/rail_lib/autogen/librail_release/librail_efr32xg12_gcc_release.a(rail_rf.o) (RAILINT_205167ae842e22724c3f35c6430eeddb)
/home/lmh/SimplicityStudio/SDKs/gecko_sdk//platform/radio/rail_lib/autogen/librail_release/librail_efr32xg12_gcc_release.a(rail_pti.o)
                              ./gecko_sdk_4.5.0/platform/radio/rail_lib/plugin/rail_util_pti/sl_rail_util_pti.o (RAIL_ConfigPti)
/home/lmh/SimplicityStudio/SDKs/gecko_sdk//platform/radio/rail_lib/autogen/librail_release/librail_efr32xg12_gcc_release.a(rail_rssi.o)
                              ./gecko_sdk_4.5.0/platform/radio/rail_lib/plugin/rail_util_rssi/sl_rail_util_rssi.o (RAIL_SetRssiOffset)
/home/lmh/SimplicityStudio/SDKs/gecko_sdk//platform/radio/rail_lib/autogen/librail_release/librail_efr32xg12_gcc_release.a(rail_timer.o)
                              /home/lmh/SimplicityStudio/SDKs/gecko_sdk//platform/radio/rail_lib/autogen/librail_release/librail_efr32xg12_gcc_release.a(rail_singleprotocol.o) (RAILINT_80a95b4aaea926537c097a70e34624c5)
/home/lmh/SimplicityStudio/SDKs/gecko_sdk//platform/radio/rail_lib/autogen/librail_release/librail_efr32xg12_gcc_release.a(rail_features.o)
                              ./gecko_sdk_4.5.0/platform/radio/rail_lib/plugin/pa-conversions/pa_conversions_efr32.o (RAIL_SupportsTxPowerModeAlt)
/home/lmh/SimplicityStudio/SDKs/gecko_sdk//platform/radio/rail_lib/autogen/librail_release/librail_efr32xg12_gcc_release.a(tmrdrv.o)
                              /home/lmh/SimplicityStudio/SDKs/gecko_sdk//platform/radio/rail_lib/autogen/librail_release/librail_efr32xg12_gcc_release.a(rail_timer.o) (RAILINT_03a02e949ccb07bdf2c116a95bc1063d)
/home/lmh/SimplicityStudio/SDKs/gecko_sdk//platform/radio/rail_lib/autogen/librail_release/librail_efr32xg12_gcc_release.a(tmrdrv_config.o)
                              /home/lmh/SimplicityStudio/SDKs/gecko_sdk//platform/radio/rail_lib/autogen/librail_release/librail_efr32xg12_gcc_release.a(tmrdrv.o) (RAILINT_47ca1afb9bdf7beb1cf53c552f662e9e)
/home/lmh/SimplicityStudio/SDKs/gecko_sdk//platform/radio/rail_lib/autogen/librail_release/librail_efr32xg12_gcc_release.a(pa_auto_mode.o)
                              /home/lmh/SimplicityStudio/SDKs/gecko_sdk//platform/radio/rail_lib/autogen/librail_release/librail_efr32xg12_gcc_release.a(rail_tx.o) (RAILCb_PaAutoModeDecision)
/home/lmh/SimplicityStudio/SDKs/gecko_sdk//platform/radio/rail_lib/autogen/librail_release/librail_efr32xg12_gcc_release.a(rail_ieee802154.o)
[...]
Memory Configuration

Name             Origin             Length             Attributes
FLASH            0x0000000000000000 0x0000000000100000 xr
RAM              0x0000000020000000 0x0000000000040000 xrw
*default*        0x0000000000000000 0xffffffffffffffff

Linker script and memory map

LOAD /home/lmh/SimplicityStudio_v5/developer/toolchains/gnu_arm/12.2.rel1_2023.7/bin/../lib/gcc/arm-none-eabi/12.2.1/thumb/v7e-m+fp/softfp/crti.o
LOAD /home/lmh/SimplicityStudio_v5/developer/toolchains/gnu_arm/12.2.rel1_2023.7/bin/../lib/gcc/arm-none-eabi/12.2.1/thumb/v7e-m+fp/softfp/crtbegin.o
LOAD /home/lmh/SimplicityStudio_v5/developer/toolchains/gnu_arm/12.2.rel1_2023.7/bin/../lib/gcc/arm-none-eabi/12.2.1/../../../../arm-none-eabi/lib/thumb/v7e-m+fp/softfp/crt0.o
START GROUP
LOAD ./app_init.o
LOAD ./app_process.o
LOAD ./main.o
LOAD ./autogen/rail_config.o
LOAD ./autogen/sl_board_default_init.o
LOAD ./autogen/sl_device_init_clocks.o
LOAD ./autogen/sl_event_handler.o
LOAD ./autogen/sl_iostream_handles.o
LOAD ./autogen/sl_iostream_init_usart_instances.o
LOAD ./autogen/sl_rail_util_callbacks.o
LOAD ./autogen/sl_rail_util_init.o
LOAD ./autogen/sl_simple_button_instances.o
LOAD ./gecko_sdk_4.5.0/app/common/util/app_log/app_log.o
LOAD ./gecko_sdk_4.5.0/hardware/board/src/sl_board_control_gpio.o
LOAD ./gecko_sdk_4.5.0/hardware/board/src/sl_board_init.o
LOAD ./gecko_sdk_4.5.0/hardware/driver/configuration_over_swo/src/sl_cos.o
LOAD ./gecko_sdk_4.5.0/hardware/driver/mx25_flash_shutdown/src/sl_mx25_flash_shutdown_usart/sl_mx25_flash_shutdown.o
LOAD ./gecko_sdk_4.5.0/platform/Device/SiliconLabs/EFR32FG12P/Source/startup_efr32fg12p.o
LOAD ./gecko_sdk_4.5.0/platform/Device/SiliconLabs/EFR32FG12P/Source/system_efr32fg12p.o
LOAD ./gecko_sdk_4.5.0/platform/bootloader/api/btl_interface.o
LOAD ./gecko_sdk_4.5.0/platform/bootloader/api/btl_interface_storage.o
LOAD ./gecko_sdk_4.5.0/platform/bootloader/app_properties/app_properties.o
LOAD ./gecko_sdk_4.5.0/platform/common/src/sl_assert.o
LOAD ./gecko_sdk_4.5.0/platform/common/src/sl_string.o
LOAD ./gecko_sdk_4.5.0/platform/common/src/sl_syscalls.o
LOAD ./gecko_sdk_4.5.0/platform/common/toolchain/src/sl_memory.o
LOAD ./gecko_sdk_4.5.0/platform/driver/button/src/sl_button.o
LOAD ./gecko_sdk_4.5.0/platform/driver/button/src/sl_simple_button.o
LOAD ./gecko_sdk_4.5.0/platform/driver/debug/src/sl_debug_swo.o
LOAD ./gecko_sdk_4.5.0/platform/emdrv/dmadrv/src/dmadrv.o
LOAD ./gecko_sdk_4.5.0/platform/emdrv/gpiointerrupt/src/gpiointerrupt.o
LOAD ./gecko_sdk_4.5.0/platform/emlib/src/em_cmu.o
LOAD ./gecko_sdk_4.5.0/platform/emlib/src/em_core.o
LOAD ./gecko_sdk_4.5.0/platform/emlib/src/em_emu.o
LOAD ./gecko_sdk_4.5.0/platform/emlib/src/em_gpio.o
LOAD ./gecko_sdk_4.5.0/platform/emlib/src/em_i2c.o
LOAD ./gecko_sdk_4.5.0/platform/emlib/src/em_ldma.o
LOAD ./gecko_sdk_4.5.0/platform/emlib/src/em_msc.o
LOAD ./gecko_sdk_4.5.0/platform/emlib/src/em_prs.o
LOAD ./gecko_sdk_4.5.0/platform/emlib/src/em_system.o
LOAD ./gecko_sdk_4.5.0/platform/emlib/src/em_usart.o
LOAD ./gecko_sdk_4.5.0/platform/radio/rail_lib/plugin/pa-conversions/pa_conversions_efr32.o
LOAD ./gecko_sdk_4.5.0/platform/radio/rail_lib/plugin/pa-conversions/pa_curves_efr32.o
LOAD ./gecko_sdk_4.5.0/platform/radio/rail_lib/plugin/rail_util_protocol/sl_rail_util_protocol.o
LOAD ./gecko_sdk_4.5.0/platform/radio/rail_lib/plugin/rail_util_pti/sl_rail_util_pti.o
LOAD ./gecko_sdk_4.5.0/platform/radio/rail_lib/plugin/rail_util_rssi/sl_rail_util_rssi.o
LOAD ./gecko_sdk_4.5.0/platform/service/device_init/src/sl_device_init_dcdc_s1.o
LOAD ./gecko_sdk_4.5.0/platform/service/device_init/src/sl_device_init_emu_s1.o
LOAD ./gecko_sdk_4.5.0/platform/service/device_init/src/sl_device_init_hfxo_s1.o
LOAD ./gecko_sdk_4.5.0/platform/service/device_init/src/sl_device_init_lfxo_s1.o
LOAD ./gecko_sdk_4.5.0/platform/service/device_init/src/sl_device_init_nvic.o
LOAD ./gecko_sdk_4.5.0/platform/service/iostream/src/sl_iostream.o
LOAD ./gecko_sdk_4.5.0/platform/service/iostream/src/sl_iostream_retarget_stdio.o
LOAD ./gecko_sdk_4.5.0/platform/service/iostream/src/sl_iostream_stdlib_config.o
LOAD ./gecko_sdk_4.5.0/platform/service/iostream/src/sl_iostream_uart.o
LOAD ./gecko_sdk_4.5.0/platform/service/iostream/src/sl_iostream_usart.o
LOAD ./gecko_sdk_4.5.0/platform/service/mpu/src/sl_mpu.o
LOAD ./gecko_sdk_4.5.0/platform/service/system/src/sl_system_init.o
LOAD ./gecko_sdk_4.5.0/platform/service/system/src/sl_system_process_action.o
LOAD ./gecko_sdk_4.5.0/platform/service/udelay/src/sl_udelay.o
LOAD ./gecko_sdk_4.5.0/platform/service/udelay/src/sl_udelay_armv6m_gcc.o
LOAD /home/lmh/SimplicityStudio/SDKs/gecko_sdk//platform/radio/rail_lib/autogen/librail_release/librail_efr32xg12_gcc_release.a
LOAD /home/lmh/SimplicityStudio_v5/developer/toolchains/gnu_arm/12.2.rel1_2023.7/bin/../lib/gcc/arm-none-eabi/12.2.1/thumb/v7e-m+fp/softfp/libgcc.a
LOAD /home/lmh/SimplicityStudio_v5/developer/toolchains/gnu_arm/12.2.rel1_2023.7/bin/../lib/gcc/arm-none-eabi/12.2.1/../../../../arm-none-eabi/lib/thumb/v7e-m+fp/softfp/libc_nano.a
LOAD /home/lmh/SimplicityStudio_v5/developer/toolchains/gnu_arm/12.2.rel1_2023.7/bin/../lib/gcc/arm-none-eabi/12.2.1/../../../../arm-none-eabi/lib/thumb/v7e-m+fp/softfp/libm.a
LOAD /home/lmh/SimplicityStudio_v5/developer/toolchains/gnu_arm/12.2.rel1_2023.7/bin/../lib/gcc/arm-none-eabi/12.2.1/../../../../arm-none-eabi/lib/thumb/v7e-m+fp/softfp/libnosys.a
END GROUP
START GROUP
LOAD /home/lmh/SimplicityStudio_v5/developer/toolchains/gnu_arm/12.2.rel1_2023.7/bin/../lib/gcc/arm-none-eabi/12.2.1/thumb/v7e-m+fp/softfp/libgcc.a
LOAD /home/lmh/SimplicityStudio_v5/developer/toolchains/gnu_arm/12.2.rel1_2023.7/bin/../lib/gcc/arm-none-eabi/12.2.1/../../../../arm-none-eabi/lib/thumb/v7e-m+fp/softfp/libc_nano.a
LOAD /home/lmh/SimplicityStudio_v5/developer/toolchains/gnu_arm/12.2.rel1_2023.7/bin/../lib/gcc/arm-none-eabi/12.2.1/../../../../arm-none-eabi/lib/thumb/v7e-m+fp/softfp/libnosys.a
END GROUP
START GROUP
LOAD /home/lmh/SimplicityStudio_v5/developer/toolchains/gnu_arm/12.2.rel1_2023.7/bin/../lib/gcc/arm-none-eabi/12.2.1/thumb/v7e-m+fp/softfp/libgcc.a
LOAD /home/lmh/SimplicityStudio_v5/developer/toolchains/gnu_arm/12.2.rel1_2023.7/bin/../lib/gcc/arm-none-eabi/12.2.1/../../../../arm-none-eabi/lib/thumb/v7e-m+fp/softfp/libg_nano.a
LOAD /home/lmh/SimplicityStudio_v5/developer/toolchains/gnu_arm/12.2.rel1_2023.7/bin/../lib/gcc/arm-none-eabi/12.2.1/../../../../arm-none-eabi/lib/thumb/v7e-m+fp/softfp/libc_nano.a
END GROUP
START GROUP
LOAD /home/lmh/SimplicityStudio_v5/developer/toolchains/gnu_arm/12.2.rel1_2023.7/bin/../lib/gcc/arm-none-eabi/12.2.1/thumb/v7e-m+fp/softfp/libgcc.a
LOAD /home/lmh/SimplicityStudio_v5/developer/toolchains/gnu_arm/12.2.rel1_2023.7/bin/../lib/gcc/arm-none-eabi/12.2.1/../../../../arm-none-eabi/lib/thumb/v7e-m+fp/softfp/libc_nano.a
END GROUP
LOAD /home/lmh/SimplicityStudio_v5/developer/toolchains/gnu_arm/12.2.rel1_2023.7/bin/../lib/gcc/arm-none-eabi/12.2.1/thumb/v7e-m+fp/softfp/crtend.o
LOAD /home/lmh/SimplicityStudio_v5/developer/toolchains/gnu_arm/12.2.rel1_2023.7/bin/../lib/gcc/arm-none-eabi/12.2.1/thumb/v7e-m+fp/softfp/crtn.o

.text           0x0000000000000000     0xde04
                0x0000000000000000                linker_vectors_begin = .
 *(.vectors)
 .vectors       0x0000000000000000      0x10c ./gecko_sdk_4.5.0/platform/Device/SiliconLabs/EFR32FG12P/Source/startup_efr32fg12p.o
                0x0000000000000000                __Vectors
                0x000000000000010c                linker_vectors_end = .
                0x000000000000010c                __Vectors_End = .
                0x000000000000010c                __Vectors_Size = (__Vectors_End - __Vectors)
                0x000000000000010c                linker_code_begin = .
 *(SORT_BY_ALIGNMENT(.text*))
 *fill*         0x000000000000010c        0x4 
 .text          0x0000000000000110        0x8 ./gecko_sdk_4.5.0/platform/service/udelay/src/sl_udelay_armv6m_gcc.o
                0x0000000000000110                sli_delay_loop
 *fill*         0x0000000000000118        0x8 
 .text          0x0000000000000120       0xa0 /home/lmh/SimplicityStudio_v5/developer/toolchains/gnu_arm/12.2.rel1_2023.7/bin/../lib/gcc/arm-none-eabi/12.2.1/../../../../arm-none-eabi/lib/thumb/v7e-m+fp/softfp/libc_nano.a(libc_a-memchr.o)
                0x0000000000000120                memchr
 .text.deregister_tm_clones
                0x00000000000001c0       0x1c /home/lmh/SimplicityStudio_v5/developer/toolchains/gnu_arm/12.2.rel1_2023.7/bin/../lib/gcc/arm-none-eabi/12.2.1/thumb/v7e-m+fp/softfp/crtbegin.o
 .text.register_tm_clones
                0x00000000000001dc       0x24 /home/lmh/SimplicityStudio_v5/developer/toolchains/gnu_arm/12.2.rel1_2023.7/bin/../lib/gcc/arm-none-eabi/12.2.1/thumb/v7e-m+fp/softfp/crtbegin.o
 .text.__do_global_dtors_aux
                0x0000000000000200       0x28 /home/lmh/SimplicityStudio_v5/developer/toolchains/gnu_arm/12.2.rel1_2023.7/bin/../lib/gcc/arm-none-eabi/12.2.1/thumb/v7e-m+fp/softfp/crtbegin.o
 .text.frame_dummy
                0x0000000000000228       0x24 /home/lmh/SimplicityStudio_v5/developer/toolchains/gnu_arm/12.2.rel1_2023.7/bin/../lib/gcc/arm-none-eabi/12.2.1/thumb/v7e-m+fp/softfp/crtbegin.o
 .text          0x000000000000024c       0x7c /home/lmh/SimplicityStudio_v5/developer/toolchains/gnu_arm/12.2.rel1_2023.7/bin/../lib/gcc/arm-none-eabi/12.2.1/../../../../arm-none-eabi/lib/thumb/v7e-m+fp/softfp/crt0.o
                0x000000000000024c                _stack_init
                0x0000000000000254                _mainCRTStartup
                0x0000000000000254                _start
 .text.app_init
                0x00000000000002c8      0x1a8 ./app_init.o
                0x00000000000002c8                app_init
 .text.sl_button_on_change
                0x0000000000000470       0x18 ./app_process.o
                0x0000000000000470                sl_button_on_change
 .text.I2C0_IRQHandler
                0x0000000000000488       0xec ./app_process.o
                0x0000000000000488                I2C0_IRQHandler
 .text.tx_burst_process
                0x0000000000000574      0x100 ./app_process.o
                0x0000000000000574                tx_burst_process
 .text.sl_rail_util_on_event
                0x0000000000000674       0x58 ./app_process.o
                0x0000000000000674                sl_rail_util_on_event
 .text.app_process_action
                0x00000000000006cc      0x3b4 ./app_process.o
                0x00000000000006cc                app_process_action
 .text.main     0x0000000000000a80       0x20 ./main.o
                0x0000000000000a80                main
 .text.sl_device_init_clocks
                0x0000000000000aa0       0x48 ./autogen/sl_device_init_clocks.o
                0x0000000000000aa0                sl_device_init_clocks
 .text.CHIP_Init
                0x0000000000000ae8       0x68 ./autogen/sl_event_handler.o
 .text.sl_iostream_usart_init_vcom
                0x0000000000000b50       0xbc ./autogen/sl_iostream_init_usart_instances.o
                0x0000000000000b50                sl_iostream_usart_init_vcom
 .text.USART0_TX_IRQHandler
                0x0000000000000c0c       0x10 ./autogen/sl_iostream_init_usart_instances.o
                0x0000000000000c0c                USART0_TX_IRQHandler
 .text.USART0_RX_IRQHandler
                0x0000000000000c1c       0x10 ./autogen/sl_iostream_init_usart_instances.o
                0x0000000000000c1c                USART0_RX_IRQHandler
 .text.sl_rail_util_init_inst0
                0x0000000000000c2c       0xc0 ./autogen/sl_rail_util_init.o
 .text.sl_rail_util_get_handle
                0x0000000000000cec       0x1c ./autogen/sl_rail_util_init.o
                0x0000000000000cec                sl_rail_util_get_handle
 .text.sl_simple_button_init_instances
                0x0000000000000d08       0x10 ./autogen/sl_simple_button_instances.o
                0x0000000000000d08                sl_simple_button_init_instances
 .text.app_log_check_level
                0x0000000000000d18       0x40 ./gecko_sdk_4.5.0/app/common/util/app_log/app_log.o
                0x0000000000000d18                app_log_check_level
 .text.app_log_init
                0x0000000000000d58       0x38 ./gecko_sdk_4.5.0/app/common/util/app_log/app_log.o
                0x0000000000000d58                app_log_init
 .text.sl_board_init
                0x0000000000000d90       0x18 ./gecko_sdk_4.5.0/hardware/board/src/sl_board_init.o
                0x0000000000000d90                sl_board_init
 .text.sl_board_preinit
                0x0000000000000da8       0x10 ./gecko_sdk_4.5.0/hardware/board/src/sl_board_init.o
                0x0000000000000da8                sl_board_preinit
 .text.sli_cos_swo_itm_8_write
                0x0000000000000db8       0x90 ./gecko_sdk_4.5.0/hardware/driver/configuration_over_swo/src/sl_cos.o
 .text.sli_cos_pti_write
                0x0000000000000e48       0x2c ./gecko_sdk_4.5.0/hardware/driver/configuration_over_swo/src/sl_cos.o
 .text.cs_low   0x0000000000000e74        0xc ./gecko_sdk_4.5.0/hardware/driver/mx25_flash_shutdown/src/sl_mx25_flash_shutdown_usart/sl_mx25_flash_shutdown.o
 .text.cs_high  0x0000000000000e80        0xc ./gecko_sdk_4.5.0/hardware/driver/mx25_flash_shutdown/src/sl_mx25_flash_shutdown_usart/sl_mx25_flash_shutdown.o
 .text.sl_mx25_flash_shutdown
                0x0000000000000e8c      0x100 ./gecko_sdk_4.5.0/hardware/driver/mx25_flash_shutdown/src/sl_mx25_flash_shutdown_usart/sl_mx25_flash_shutdown.o
                0x0000000000000e8c                sl_mx25_flash_shutdown
 .text.Reset_Handler
                0x0000000000000f8c       0x60 ./gecko_sdk_4.5.0/platform/Device/SiliconLabs/EFR32FG12P/Source/startup_efr32fg12p.o
                0x0000000000000f8c                Reset_Handler
 .text.SystemMaxCoreClockGet
                0x0000000000000fec        0x8 ./gecko_sdk_4.5.0/platform/Device/SiliconLabs/EFR32FG12P/Source/system_efr32fg12p.o
                0x0000000000000fec                SystemMaxCoreClockGet
 .text.SystemHFClockGet
                0x0000000000000ff4       0x58 ./gecko_sdk_4.5.0/platform/Device/SiliconLabs/EFR32FG12P/Source/system_efr32fg12p.o
                0x0000000000000ff4                SystemHFClockGet
 .text.SystemCoreClockGet
                0x000000000000104c       0x24 ./gecko_sdk_4.5.0/platform/Device/SiliconLabs/EFR32FG12P/Source/system_efr32fg12p.o
                0x000000000000104c                SystemCoreClockGet
 .text.SystemHFXOClockGet
                0x0000000000001070        0xc ./gecko_sdk_4.5.0/platform/Device/SiliconLabs/EFR32FG12P/Source/system_efr32fg12p.o
                0x0000000000001070                SystemHFXOClockGet
 .text.SystemHFXOClockSet
                0x000000000000107c       0x24 ./gecko_sdk_4.5.0/platform/Device/SiliconLabs/EFR32FG12P/Source/system_efr32fg12p.o
                0x000000000000107c                SystemHFXOClockSet
 .text.SystemInit
                0x00000000000010a0       0x1c ./gecko_sdk_4.5.0/platform/Device/SiliconLabs/EFR32FG12P/Source/system_efr32fg12p.o
                0x00000000000010a0                SystemInit
 .text.SystemLFXOClockGet
                0x00000000000010bc        0xc ./gecko_sdk_4.5.0/platform/Device/SiliconLabs/EFR32FG12P/Source/system_efr32fg12p.o
                0x00000000000010bc                SystemLFXOClockGet
 .text.__NVIC_SystemReset
                0x00000000000010c8       0x24 ./gecko_sdk_4.5.0/platform/bootloader/api/btl_interface.o
 .text.bootloader_init
                0x00000000000010ec       0x54 ./gecko_sdk_4.5.0/platform/bootloader/api/btl_interface.o
                0x00000000000010ec                bootloader_init
 .text.bootloader_rebootAndInstall
                0x0000000000001140       0x2c ./gecko_sdk_4.5.0/platform/bootloader/api/btl_interface.o
                0x0000000000001140                bootloader_rebootAndInstall
 .text.bootloader_getStorageInfo
                0x000000000000116c       0x30 ./gecko_sdk_4.5.0/platform/bootloader/api/btl_interface_storage.o
                0x000000000000116c                bootloader_getStorageInfo
 .text.bootloader_getStorageSlotInfo
                0x000000000000119c       0x3c ./gecko_sdk_4.5.0/platform/bootloader/api/btl_interface_storage.o
                0x000000000000119c                bootloader_getStorageSlotInfo
 .text.bootloader_readStorage
                0x00000000000011d8       0x3c ./gecko_sdk_4.5.0/platform/bootloader/api/btl_interface_storage.o
                0x00000000000011d8                bootloader_readStorage
 .text.bootloader_writeStorage
                0x0000000000001214       0x3c ./gecko_sdk_4.5.0/platform/bootloader/api/btl_interface_storage.o
                0x0000000000001214                bootloader_writeStorage
 .text.bootloader_eraseStorageSlot
                0x0000000000001250       0x3c ./gecko_sdk_4.5.0/platform/bootloader/api/btl_interface_storage.o
                0x0000000000001250                bootloader_eraseStorageSlot
 .text.bootloader_setImageToBootload
                0x000000000000128c       0x48 ./gecko_sdk_4.5.0/platform/bootloader/api/btl_interface_storage.o
                0x000000000000128c                bootloader_setImageToBootload
 .text.bootloader_initVerifyImage
                0x00000000000012d4       0x30 ./gecko_sdk_4.5.0/platform/bootloader/api/btl_interface_storage.o
                0x00000000000012d4                bootloader_initVerifyImage
 .text.bootloader_continueVerifyImage
                0x0000000000001304       0x3c ./gecko_sdk_4.5.0/platform/bootloader/api/btl_interface_storage.o
                0x0000000000001304                bootloader_continueVerifyImage
 .text.bootloader_verifyImage
                0x0000000000001340       0x54 ./gecko_sdk_4.5.0/platform/bootloader/api/btl_interface_storage.o
                0x0000000000001340                bootloader_verifyImage
 .text._sbrk    0x0000000000001394       0x24 ./gecko_sdk_4.5.0/platform/common/toolchain/src/sl_memory.o
                0x0000000000001394                _sbrk
 .text.sli_simple_button_on_change
                0x00000000000013b8       0x38 ./gecko_sdk_4.5.0/platform/driver/button/src/sl_simple_button.o
 .text.sl_simple_button_init
                0x00000000000013f0       0x74 ./gecko_sdk_4.5.0/platform/driver/button/src/sl_simple_button.o
                0x00000000000013f0                sl_simple_button_init
 .text.sl_simple_button_poll_step
                0x0000000000001464       0x6c ./gecko_sdk_4.5.0/platform/driver/button/src/sl_simple_button.o
                0x0000000000001464                sl_simple_button_poll_step
 .text.sl_debug_swo_init
                0x00000000000014d0       0xd0 ./gecko_sdk_4.5.0/platform/driver/debug/src/sl_debug_swo.o
                0x00000000000014d0                sl_debug_swo_init
 .text.sl_debug_swo_write_u8
                0x00000000000015a0       0x50 ./gecko_sdk_4.5.0/platform/driver/debug/src/sl_debug_swo.o
                0x00000000000015a0                sl_debug_swo_write_u8
 .text.StartTransfer
                0x00000000000015f0      0x1c0 ./gecko_sdk_4.5.0/platform/emdrv/dmadrv/src/dmadrv.o
 .text.DMADRV_AllocateChannel
                0x00000000000017b0       0x64 ./gecko_sdk_4.5.0/platform/emdrv/dmadrv/src/dmadrv.o
                0x00000000000017b0                DMADRV_AllocateChannel
 .text.DMADRV_DeInit
                0x0000000000001814       0x4c ./gecko_sdk_4.5.0/platform/emdrv/dmadrv/src/dmadrv.o
                0x0000000000001814                DMADRV_DeInit
 .text.DMADRV_FreeChannel
                0x0000000000001860       0x54 ./gecko_sdk_4.5.0/platform/emdrv/dmadrv/src/dmadrv.o
                0x0000000000001860                DMADRV_FreeChannel
 .text.DMADRV_Init
                0x00000000000018b4       0x68 ./gecko_sdk_4.5.0/platform/emdrv/dmadrv/src/dmadrv.o
                0x00000000000018b4                DMADRV_Init
 .text.DMADRV_PauseTransfer
                0x000000000000191c       0x40 ./gecko_sdk_4.5.0/platform/emdrv/dmadrv/src/dmadrv.o
                0x000000000000191c                DMADRV_PauseTransfer
 .text.DMADRV_ResumeTransfer
                0x000000000000195c       0x40 ./gecko_sdk_4.5.0/platform/emdrv/dmadrv/src/dmadrv.o
                0x000000000000195c                DMADRV_ResumeTransfer
 .text.DMADRV_StopTransfer
                0x000000000000199c       0x40 ./gecko_sdk_4.5.0/platform/emdrv/dmadrv/src/dmadrv.o
                0x000000000000199c                DMADRV_StopTransfer
 .text.DMADRV_TransferCompletePending
                0x00000000000019dc       0x5c ./gecko_sdk_4.5.0/platform/emdrv/dmadrv/src/dmadrv.o
                0x00000000000019dc                DMADRV_TransferCompletePending
 .text.DMADRV_TransferDone
                0x0000000000001a38       0x48 ./gecko_sdk_4.5.0/platform/emdrv/dmadrv/src/dmadrv.o
                0x0000000000001a38                DMADRV_TransferDone
 .text.LDMA_IRQHandler
                0x0000000000001a80       0x74 ./gecko_sdk_4.5.0/platform/emdrv/dmadrv/src/dmadrv.o
                0x0000000000001a80                LDMA_IRQHandler
 .text.GPIOINT_IRQDispatcher
                0x0000000000001af4       0x4c ./gecko_sdk_4.5.0/platform/emdrv/gpiointerrupt/src/gpiointerrupt.o
 .text.GPIOINT_Init
                0x0000000000001b40       0x30 ./gecko_sdk_4.5.0/platform/emdrv/gpiointerrupt/src/gpiointerrupt.o
                0x0000000000001b40                GPIOINT_Init
 .text.GPIOINT_CallbackRegister
                0x0000000000001b70       0x20 ./gecko_sdk_4.5.0/platform/emdrv/gpiointerrupt/src/gpiointerrupt.o
                0x0000000000001b70                GPIOINT_CallbackRegister
 .text.GPIOINT_CallbackRegisterExt
                0x0000000000001b90       0x58 ./gecko_sdk_4.5.0/platform/emdrv/gpiointerrupt/src/gpiointerrupt.o
                0x0000000000001b90                GPIOINT_CallbackRegisterExt
 .text.GPIO_EVEN_IRQHandler
                0x0000000000001be8       0x20 ./gecko_sdk_4.5.0/platform/emdrv/gpiointerrupt/src/gpiointerrupt.o
                0x0000000000001be8                GPIO_EVEN_IRQHandler
 .text.GPIO_ODD_IRQHandler
                0x0000000000001c08       0x20 ./gecko_sdk_4.5.0/platform/emdrv/gpiointerrupt/src/gpiointerrupt.o
                0x0000000000001c08                GPIO_ODD_IRQHandler
 .text.EMU_VScaleGet
                0x0000000000001c28       0x28 ./gecko_sdk_4.5.0/platform/emlib/src/em_cmu.o
 .text.setHfLeConfig
                0x0000000000001c50       0x44 ./gecko_sdk_4.5.0/platform/emlib/src/em_cmu.o
 .text.auxClkGet
                0x0000000000001c94        0xc ./gecko_sdk_4.5.0/platform/emlib/src/em_cmu.o
 .text.flashWaitStateControl
                0x0000000000001ca0       0x50 ./gecko_sdk_4.5.0/platform/emlib/src/em_cmu.o
 .text.hfSrcClkGet
                0x0000000000001cf0       0x1c ./gecko_sdk_4.5.0/platform/emlib/src/em_cmu.o
 .text.flashWaitStateMax
                0x0000000000001d0c       0x28 ./gecko_sdk_4.5.0/platform/emlib/src/em_cmu.o
 .text.CMU_UpdateWaitStates
                0x0000000000001d34       0x20 ./gecko_sdk_4.5.0/platform/emlib/src/em_cmu.o
                0x0000000000001d34                CMU_UpdateWaitStates
 .text.CMU_ClockEnable
                0x0000000000001d54       0x94 ./gecko_sdk_4.5.0/platform/emlib/src/em_cmu.o
                0x0000000000001d54                CMU_ClockEnable
 .text.CMU_ClockPrescGet
                0x0000000000001de8       0xfc ./gecko_sdk_4.5.0/platform/emlib/src/em_cmu.o
                0x0000000000001de8                CMU_ClockPrescGet
 .text.CMU_ClockSelectGet
                0x0000000000001ee4      0x108 ./gecko_sdk_4.5.0/platform/emlib/src/em_cmu.o
                0x0000000000001ee4                CMU_ClockSelectGet
 .text.lfClkGet
                0x0000000000001fec       0x88 ./gecko_sdk_4.5.0/platform/emlib/src/em_cmu.o
 .text.dbgClkGet
                0x0000000000002074       0x24 ./gecko_sdk_4.5.0/platform/emlib/src/em_cmu.o
 .text.adcAsyncClkGet
                0x0000000000002098       0x38 ./gecko_sdk_4.5.0/platform/emlib/src/em_cmu.o
 .text.CMU_ClockFreqGet
                0x00000000000020d0      0x198 ./gecko_sdk_4.5.0/platform/emlib/src/em_cmu.o
                0x00000000000020d0                CMU_ClockFreqGet
 .text.CMU_LFXOPrecisionSet
                0x0000000000002268        0xc ./gecko_sdk_4.5.0/platform/emlib/src/em_cmu.o
                0x0000000000002268                CMU_LFXOPrecisionSet
 .text.CMU_HFXOPrecisionSet
                0x0000000000002274        0xc ./gecko_sdk_4.5.0/platform/emlib/src/em_cmu.o
                0x0000000000002274                CMU_HFXOPrecisionSet
 .text.CMU_OscillatorTuningGet
                0x0000000000002280       0x4c ./gecko_sdk_4.5.0/platform/emlib/src/em_cmu.o
                0x0000000000002280                CMU_OscillatorTuningGet
 .text.CMU_OscillatorTuningSet
                0x00000000000022cc       0xc0 ./gecko_sdk_4.5.0/platform/emlib/src/em_cmu.o
                0x00000000000022cc                CMU_OscillatorTuningSet
 .text.CMU_OscillatorTuningWait
                0x000000000000238c       0x58 ./gecko_sdk_4.5.0/platform/emlib/src/em_cmu.o
                0x000000000000238c                CMU_OscillatorTuningWait
 .text.CMU_OscillatorTuningOptimize
                0x00000000000023e4       0x28 ./gecko_sdk_4.5.0/platform/emlib/src/em_cmu.o
                0x00000000000023e4                CMU_OscillatorTuningOptimize
 .text.CMU_OscillatorEnable
                0x000000000000240c      0x120 ./gecko_sdk_4.5.0/platform/emlib/src/em_cmu.o
                0x000000000000240c                CMU_OscillatorEnable
 .text.sli_em_cmu_HFClockSelectHFXO
                0x000000000000252c       0x78 ./gecko_sdk_4.5.0/platform/emlib/src/em_cmu.o
                0x000000000000252c                sli_em_cmu_HFClockSelectHFXO
 .text.CMU_HFXOInit
                0x00000000000025a4       0x7c ./gecko_sdk_4.5.0/platform/emlib/src/em_cmu.o
                0x00000000000025a4                CMU_HFXOInit
 .text.CMU_LFXOInit
                0x0000000000002620       0x48 ./gecko_sdk_4.5.0/platform/emlib/src/em_cmu.o
                0x0000000000002620                CMU_LFXOInit
 .text.CORE_NvicIRQDisabled
                0x0000000000002668       0x20 ./gecko_sdk_4.5.0/platform/emlib/src/em_core.o
                0x0000000000002668                CORE_NvicIRQDisabled
 .text.EMU_VScaleGet
                0x0000000000002688       0x28 ./gecko_sdk_4.5.0/platform/emlib/src/em_emu.o
 .text.currentLimitersUpdate
                0x00000000000026b0       0x78 ./gecko_sdk_4.5.0/platform/emlib/src/em_emu.o
 .text.userCurrentLimitsSet
                0x0000000000002728       0x14 ./gecko_sdk_4.5.0/platform/emlib/src/em_emu.o
 .text.compCtrlSet
                0x000000000000273c       0x24 ./gecko_sdk_4.5.0/platform/emlib/src/em_emu.o
 .text.lpCmpHystCalibrationLoad
                0x0000000000002760       0x74 ./gecko_sdk_4.5.0/platform/emlib/src/em_emu.o
 .text.lpGetDevinfoVrefLowHigh
                0x00000000000027d4       0xcc ./gecko_sdk_4.5.0/platform/emlib/src/em_emu.o
 .text.EMU_EM4Init
                0x00000000000028a0       0x54 ./gecko_sdk_4.5.0/platform/emlib/src/em_emu.o
                0x00000000000028a0                EMU_EM4Init
 .text.EMU_VScaleEM01
                0x00000000000028f4       0x6c ./gecko_sdk_4.5.0/platform/emlib/src/em_emu.o
                0x00000000000028f4                EMU_VScaleEM01
 .text.EMU_VScaleEM01ByClock
                0x0000000000002960       0x58 ./gecko_sdk_4.5.0/platform/emlib/src/em_emu.o
                0x0000000000002960                EMU_VScaleEM01ByClock
 .text.EMU_DCDCModeSet
                0x00000000000029b8       0xbc ./gecko_sdk_4.5.0/platform/emlib/src/em_emu.o
                0x00000000000029b8                EMU_DCDCModeSet
 .text.EMU_DCDCOutputVoltageSet
                0x0000000000002a74      0x1c0 ./gecko_sdk_4.5.0/platform/emlib/src/em_emu.o
                0x0000000000002a74                EMU_DCDCOutputVoltageSet
 .text.EMU_DCDCOptimizeSlice
                0x0000000000002c34       0x8c ./gecko_sdk_4.5.0/platform/emlib/src/em_emu.o
                0x0000000000002c34                EMU_DCDCOptimizeSlice
 .text.EMU_DCDCLnRcoBandSet
                0x0000000000002cc0       0x2c ./gecko_sdk_4.5.0/platform/emlib/src/em_emu.o
                0x0000000000002cc0                EMU_DCDCLnRcoBandSet
 .text.dcdcValidatedConfigSet
                0x0000000000002cec       0x2c ./gecko_sdk_4.5.0/platform/emlib/src/em_emu.o
 .text.EMU_DCDCInit
                0x0000000000002d18       0xd0 ./gecko_sdk_4.5.0/platform/emlib/src/em_emu.o
                0x0000000000002d18                EMU_DCDCInit
 .text.GPIO_DbgLocationSet
                0x0000000000002de8       0x18 ./gecko_sdk_4.5.0/platform/emlib/src/em_gpio.o
                0x0000000000002de8                GPIO_DbgLocationSet
 .text.GPIO_ExtIntConfig
                0x0000000000002e00       0xac ./gecko_sdk_4.5.0/platform/emlib/src/em_gpio.o
                0x0000000000002e00                GPIO_ExtIntConfig
 .text.GPIO_PinModeSet
                0x0000000000002eac       0xa0 ./gecko_sdk_4.5.0/platform/emlib/src/em_gpio.o
                0x0000000000002eac                GPIO_PinModeSet
 .text.I2C_BusFreqSet
                0x0000000000002f4c       0x84 ./gecko_sdk_4.5.0/platform/emlib/src/em_i2c.o
                0x0000000000002f4c                I2C_BusFreqSet
 .text.I2C_Init
                0x0000000000002fd0       0x3c ./gecko_sdk_4.5.0/platform/emlib/src/em_i2c.o
                0x0000000000002fd0                I2C_Init
 .text.LDMA_DeInit
                0x000000000000300c       0x30 ./gecko_sdk_4.5.0/platform/emlib/src/em_ldma.o
                0x000000000000300c                LDMA_DeInit
 .text.LDMA_EnableChannelRequest
                0x000000000000303c       0x14 ./gecko_sdk_4.5.0/platform/emlib/src/em_ldma.o
                0x000000000000303c                LDMA_EnableChannelRequest
 .text.LDMA_Init
                0x0000000000003050       0x54 ./gecko_sdk_4.5.0/platform/emlib/src/em_ldma.o
                0x0000000000003050                LDMA_Init
 .text.LDMA_StartTransfer
                0x00000000000030a4       0xa8 ./gecko_sdk_4.5.0/platform/emlib/src/em_ldma.o
                0x00000000000030a4                LDMA_StartTransfer
 .text.LDMA_StopTransfer
                0x000000000000314c       0x28 ./gecko_sdk_4.5.0/platform/emlib/src/em_ldma.o
                0x000000000000314c                LDMA_StopTransfer
 .text.LDMA_TransferDone
                0x0000000000003174       0x34 ./gecko_sdk_4.5.0/platform/emlib/src/em_ldma.o
                0x0000000000003174                LDMA_TransferDone
 .text.SYSTEM_ChipRevisionGet
                0x00000000000031a8       0x3c ./gecko_sdk_4.5.0/platform/emlib/src/em_system.o
                0x00000000000031a8                SYSTEM_ChipRevisionGet
 .text.SYSTEM_GetProdRev
                0x00000000000031e4       0x10 ./gecko_sdk_4.5.0/platform/emlib/src/em_system.o
                0x00000000000031e4                SYSTEM_GetProdRev
 .text.USART_BaudrateAsyncSet
                0x00000000000031f4       0x64 ./gecko_sdk_4.5.0/platform/emlib/src/em_usart.o
                0x00000000000031f4                USART_BaudrateAsyncSet
 .text.USART_BaudrateSyncSet
                0x0000000000003258       0x28 ./gecko_sdk_4.5.0/platform/emlib/src/em_usart.o
                0x0000000000003258                USART_BaudrateSyncSet
 .text.USART_Reset
                0x0000000000003280       0x6c ./gecko_sdk_4.5.0/platform/emlib/src/em_usart.o
                0x0000000000003280                USART_Reset
 .text.RAIL_InitTxPowerCurvesAlt
                0x00000000000032ec       0x24 ./gecko_sdk_4.5.0/platform/radio/rail_lib/plugin/pa-conversions/pa_conversions_efr32.o
                0x00000000000032ec                RAIL_InitTxPowerCurvesAlt
 .text.RAIL_ConvertDbmToRaw
                0x0000000000003310      0x130 ./gecko_sdk_4.5.0/platform/radio/rail_lib/plugin/pa-conversions/pa_conversions_efr32.o
                0x0000000000003310                RAIL_ConvertDbmToRaw
 .text.RAIL_ConvertRawToDbm
                0x0000000000003440      0x110 ./gecko_sdk_4.5.0/platform/radio/rail_lib/plugin/pa-conversions/pa_conversions_efr32.o
                0x0000000000003440                RAIL_ConvertRawToDbm
 .text.sl_rail_util_pa_init
                0x0000000000003550       0x14 ./gecko_sdk_4.5.0/platform/radio/rail_lib/plugin/pa-conversions/pa_conversions_efr32.o
                0x0000000000003550                sl_rail_util_pa_init
 .text.sl_rail_util_pa_on_channel_config_change
                0x0000000000003564       0x6c ./gecko_sdk_4.5.0/platform/radio/rail_lib/plugin/pa-conversions/pa_conversions_efr32.o
                0x0000000000003564                sl_rail_util_pa_on_channel_config_change
 .text.sl_rail_util_protocol_config_zwave
                0x00000000000035d0      0x190 ./gecko_sdk_4.5.0/platform/radio/rail_lib/plugin/rail_util_protocol/sl_rail_util_protocol.o
 .text.sl_rail_util_pti_init
                0x0000000000003760       0x50 ./gecko_sdk_4.5.0/platform/radio/rail_lib/plugin/rail_util_pti/sl_rail_util_pti.o
                0x0000000000003760                sl_rail_util_pti_init
 .text.sl_device_init_dcdc
                0x00000000000037b0       0x20 ./gecko_sdk_4.5.0/platform/service/device_init/src/sl_device_init_dcdc_s1.o
                0x00000000000037b0                sl_device_init_dcdc
 .text.sl_device_init_hfxo
                0x00000000000037d0       0x6c ./gecko_sdk_4.5.0/platform/service/device_init/src/sl_device_init_hfxo_s1.o
                0x00000000000037d0                sl_device_init_hfxo
 .text.sl_device_init_lfxo
                0x000000000000383c       0x28 ./gecko_sdk_4.5.0/platform/service/device_init/src/sl_device_init_lfxo_s1.o
                0x000000000000383c                sl_device_init_lfxo
 .text.sl_device_init_nvic
                0x0000000000003864       0x38 ./gecko_sdk_4.5.0/platform/service/device_init/src/sl_device_init_nvic.o
                0x0000000000003864                sl_device_init_nvic
 .text.sl_iostream_set_default
                0x000000000000389c       0x18 ./gecko_sdk_4.5.0/platform/service/iostream/src/sl_iostream.o
                0x000000000000389c                sl_iostream_set_default
 .text.sl_iostream_get_default
                0x00000000000038b4       0x18 ./gecko_sdk_4.5.0/platform/service/iostream/src/sl_iostream.o
                0x00000000000038b4                sl_iostream_get_default
 .text.sl_iostream_stdlib_disable_buffering
                0x00000000000038cc       0x18 ./gecko_sdk_4.5.0/platform/service/iostream/src/sl_iostream_stdlib_config.o
                0x00000000000038cc                sl_iostream_stdlib_disable_buffering
 .text.__NVIC_EnableIRQ
                0x00000000000038e4       0x1c ./gecko_sdk_4.5.0/platform/service/iostream/src/sl_iostream_uart.o
 .text.__NVIC_DisableIRQ
                0x0000000000003900       0x24 ./gecko_sdk_4.5.0/platform/service/iostream/src/sl_iostream_uart.o
 .text.dma_irq_handler
                0x0000000000003924       0x78 ./gecko_sdk_4.5.0/platform/service/iostream/src/sl_iostream_uart.o
 .text.uart_deinit
                0x000000000000399c       0x60 ./gecko_sdk_4.5.0/platform/service/iostream/src/sl_iostream_uart.o
 .text.update_ring_buffer
                0x00000000000039fc       0xa8 ./gecko_sdk_4.5.0/platform/service/iostream/src/sl_iostream_uart.o
 .text.sli_iostream_uart_context_init
                0x0000000000003aa4      0x104 ./gecko_sdk_4.5.0/platform/service/iostream/src/sl_iostream_uart.o
                0x0000000000003aa4                sli_iostream_uart_context_init
 .text.sl_iostream_usart_init
                0x0000000000003ba8      0x188 ./gecko_sdk_4.5.0/platform/service/iostream/src/sl_iostream_usart.o
                0x0000000000003ba8                sl_iostream_usart_init
 .text.__NVIC_SystemReset
                0x0000000000003d30       0x24 ./gecko_sdk_4.5.0/platform/service/mpu/src/sl_mpu.o
 .text.ARM_MPU_Disable
                0x0000000000003d54       0x28 ./gecko_sdk_4.5.0/platform/service/mpu/src/sl_mpu.o
 .text.sl_mpu_disable_execute_from_ram
                0x0000000000003d7c      0x100 ./gecko_sdk_4.5.0/platform/service/mpu/src/sl_mpu.o
                0x0000000000003d7c                sl_mpu_disable_execute_from_ram
 .text.sl_udelay_wait
                0x0000000000003e7c       0x48 ./gecko_sdk_4.5.0/platform/service/udelay/src/sl_udelay.o
                0x0000000000003e7c                sl_udelay_wait
 .text.RAIL_Init
                0x0000000000003ec4       0x4c /home/lmh/SimplicityStudio/SDKs/gecko_sdk//platform/radio/rail_lib/autogen/librail_release/librail_efr32xg12_gcc_release.a(rail_singleprotocol.o)
                0x0000000000003ec4                RAIL_Init
 .text.RAIL_StartTx
                0x0000000000003f10       0x1c /home/lmh/SimplicityStudio/SDKs/gecko_sdk//platform/radio/rail_lib/autogen/librail_release/librail_efr32xg12_gcc_release.a(rail_singleprotocol.o)
                0x0000000000003f10                RAIL_StartTx
 .text.RAILINT_ba62dd308ed15b1ffe7bd5b874af6d40
                0x0000000000003f2c       0x1c /home/lmh/SimplicityStudio/SDKs/gecko_sdk//platform/radio/rail_lib/autogen/librail_release/librail_efr32xg12_gcc_release.a(rail_rf.o)
 .text.RAILINT_0ca222f7a680788c307a2bad1be33ff3
                0x0000000000003f48       0x4c /home/lmh/SimplicityStudio/SDKs/gecko_sdk//platform/radio/rail_lib/autogen/librail_release/librail_efr32xg12_gcc_release.a(rail_rf.o)
                0x0000000000003f48                RAILINT_0ca222f7a680788c307a2bad1be33ff3
 .text.RAILINT_b352de1fdb1fc52c04c6a0cd55987236
                0x0000000000003f94       0x4c /home/lmh/SimplicityStudio/SDKs/gecko_sdk//platform/radio/rail_lib/autogen/librail_release/librail_efr32xg12_gcc_release.a(rail_rf.o)
                0x0000000000003f94                RAILINT_b352de1fdb1fc52c04c6a0cd55987236
 .text.RAILINT_ae1c971823300cdc95a697ee27859a7c
                0x0000000000003fe0       0x24 /home/lmh/SimplicityStudio/SDKs/gecko_sdk//platform/radio/rail_lib/autogen/librail_release/librail_efr32xg12_gcc_release.a(rail_rf.o)
                0x0000000000003fe0                RAILINT_ae1c971823300cdc95a697ee27859a7c
 .text.RAILINT_499a6fa84e713dbcc15223a1179c1579
                0x0000000000004004       0x24 /home/lmh/SimplicityStudio/SDKs/gecko_sdk//platform/radio/rail_lib/autogen/librail_release/librail_efr32xg12_gcc_release.a(rail_rf.o)
                0x0000000000004004                RAILINT_499a6fa84e713dbcc15223a1179c1579
 .text.RAIL_SetStateTiming
                0x0000000000004028       0x5c /home/lmh/SimplicityStudio/SDKs/gecko_sdk//platform/radio/rail_lib/autogen/librail_release/librail_efr32xg12_gcc_release.a(rail_rf.o)
                0x0000000000004028                RAIL_SetStateTiming
 .text.RAILINT_a414401b72e85e008bc59287e035ef41
                0x0000000000004084      0x118 /home/lmh/SimplicityStudio/SDKs/gecko_sdk//platform/radio/rail_lib/autogen/librail_release/librail_efr32xg12_gcc_release.a(rail_rf.o)
                0x0000000000004084                RAILINT_a414401b72e85e008bc59287e035ef41
 .text.RAILINT_eff06dff73e0f32be1552c4011c2dec9
                0x000000000000419c      0x10c /home/lmh/SimplicityStudio/SDKs/gecko_sdk//platform/radio/rail_lib/autogen/librail_release/librail_efr32xg12_gcc_release.a(rail_rf.o)
                0x000000000000419c                RAILINT_eff06dff73e0f32be1552c4011c2dec9
 .text.RAILINT_f6dbb0a8d6338735e61b94958eb4964b
                0x00000000000042a8       0x3c /home/lmh/SimplicityStudio/SDKs/gecko_sdk//platform/radio/rail_lib/autogen/librail_release/librail_efr32xg12_gcc_release.a(rail_rf.o)
                0x00000000000042a8                RAILINT_f6dbb0a8d6338735e61b94958eb4964b
 .text.RAIL_ConfigChannels
                0x00000000000042e4       0x2c /home/lmh/SimplicityStudio/SDKs/gecko_sdk//platform/radio/rail_lib/autogen/librail_release/librail_efr32xg12_gcc_release.a(rail_rf.o)
                0x00000000000042e4                RAIL_ConfigChannels
 .text.RAIL_GetTxPowerDbm
                0x0000000000004310       0x2c /home/lmh/SimplicityStudio/SDKs/gecko_sdk//platform/radio/rail_lib/autogen/librail_release/librail_efr32xg12_gcc_release.a(rail_tx.o)
                0x0000000000004310                RAIL_GetTxPowerDbm
 .text.RAIL_ConfigCal
                0x000000000000433c       0x14 /home/lmh/SimplicityStudio/SDKs/gecko_sdk//platform/radio/rail_lib/autogen/librail_release/librail_efr32xg12_gcc_release.a(rail_calibration.o)
                0x000000000000433c                RAIL_ConfigCal
 .text.RAILCb_SetupRxFifo
                0x0000000000004350       0x34 /home/lmh/SimplicityStudio/SDKs/gecko_sdk//platform/radio/rail_lib/autogen/librail_release/librail_efr32xg12_gcc_release.a(rail_data.o)
                0x0000000000004350                RAILCb_SetupRxFifo
 .text.RAILINT_205167ae842e22724c3f35c6430eeddb
                0x0000000000004384       0x2c /home/lmh/SimplicityStudio/SDKs/gecko_sdk//platform/radio/rail_lib/autogen/librail_release/librail_efr32xg12_gcc_release.a(rail_assert.o)
                0x0000000000004384                RAILINT_205167ae842e22724c3f35c6430eeddb
 .text.RAILINT_7ccc3c14971040883cbefc15a5cc66b4
                0x00000000000043b0       0x78 /home/lmh/SimplicityStudio/SDKs/gecko_sdk//platform/radio/rail_lib/autogen/librail_release/librail_efr32xg12_gcc_release.a(rail_ieee802154.o)
 .text.RAIL_IEEE802154_Init
                0x0000000000004428       0x5c /home/lmh/SimplicityStudio/SDKs/gecko_sdk//platform/radio/rail_lib/autogen/librail_release/librail_efr32xg12_gcc_release.a(rail_ieee802154.o)
                0x0000000000004428                RAIL_IEEE802154_Init
 .text.RAIL_IEEE802154_Config2p4GHzRadio
                0x0000000000004484        0xc /home/lmh/SimplicityStudio/SDKs/gecko_sdk//platform/radio/rail_lib/autogen/librail_release/librail_efr32xg12_gcc_release.a(rail_ieee802154.o)
                0x0000000000004484                RAIL_IEEE802154_Config2p4GHzRadio
 .text.RAIL_IEEE802154_Config2p4GHzRadioAntDiv
                0x0000000000004490        0xc /home/lmh/SimplicityStudio/SDKs/gecko_sdk//platform/radio/rail_lib/autogen/librail_release/librail_efr32xg12_gcc_release.a(rail_ieee802154.o)
                0x0000000000004490                RAIL_IEEE802154_Config2p4GHzRadioAntDiv
 .text.RAIL_IEEE802154_Config2p4GHzRadioAntDivCoex
                0x000000000000449c        0xc /home/lmh/SimplicityStudio/SDKs/gecko_sdk//platform/radio/rail_lib/autogen/librail_release/librail_efr32xg12_gcc_release.a(rail_ieee802154.o)
                0x000000000000449c                RAIL_IEEE802154_Config2p4GHzRadioAntDivCoex
 .text.RAIL_IEEE802154_Config2p4GHzRadioCoex
                0x00000000000044a8        0xc /home/lmh/SimplicityStudio/SDKs/gecko_sdk//platform/radio/rail_lib/autogen/librail_release/librail_efr32xg12_gcc_release.a(rail_ieee802154.o)
                0x00000000000044a8                RAIL_IEEE802154_Config2p4GHzRadioCoex
 .text.RAIL_BLE_ConfigPhyQuuppa
                0x00000000000044b4        0xc /home/lmh/SimplicityStudio/SDKs/gecko_sdk//platform/radio/rail_lib/autogen/librail_release/librail_efr32xg12_gcc_release.a(rail_ble.o)
                0x00000000000044b4                RAIL_BLE_ConfigPhyQuuppa
 .text.RAIL_BLE_ConfigPhy1MbpsViterbi
                0x00000000000044c0        0xc /home/lmh/SimplicityStudio/SDKs/gecko_sdk//platform/radio/rail_lib/autogen/librail_release/librail_efr32xg12_gcc_release.a(rail_ble.o)
                0x00000000000044c0                RAIL_BLE_ConfigPhy1MbpsViterbi
 .text.RAIL_BLE_ConfigPhy2MbpsViterbi
                0x00000000000044cc        0xc /home/lmh/SimplicityStudio/SDKs/gecko_sdk//platform/radio/rail_lib/autogen/librail_release/librail_efr32xg12_gcc_release.a(rail_ble.o)
                0x00000000000044cc                RAIL_BLE_ConfigPhy2MbpsViterbi
 .text.RAILINT_893fd72dfcf6ebbe2598a01d375fa2c0
                0x00000000000044d8       0x40 /home/lmh/SimplicityStudio/SDKs/gecko_sdk//platform/radio/rail_lib/autogen/librail_release/librail_efr32xg12_gcc_release.a(rfhal_bufc.o)
 .text.RAILINT_86983bfebc3fcf81f3ab3444e4625a88
                0x0000000000004518       0x3c /home/lmh/SimplicityStudio/SDKs/gecko_sdk//platform/radio/rail_lib/autogen/librail_release/librail_efr32xg12_gcc_release.a(rfhal_bufc.o)
                0x0000000000004518                RAILINT_86983bfebc3fcf81f3ab3444e4625a88
 .text.RAILINT_cdbd2ef4368f95ff8e91482f629bd134
                0x0000000000004554       0x20 /home/lmh/SimplicityStudio/SDKs/gecko_sdk//platform/radio/rail_lib/autogen/librail_release/librail_efr32xg12_gcc_release.a(rfhal_bufc.o)
                0x0000000000004554                RAILINT_cdbd2ef4368f95ff8e91482f629bd134
 .text.RAILINT_d098fb7ee08dc8d454a1df118de69bc4
                0x0000000000004574       0xac /home/lmh/SimplicityStudio/SDKs/gecko_sdk//platform/radio/rail_lib/autogen/librail_release/librail_efr32xg12_gcc_release.a(rfhal_bufc.o)
                0x0000000000004574                RAILINT_d098fb7ee08dc8d454a1df118de69bc4
 .text.RAILINT_53ead1b019a1cdfd0829dbc64825eeac
                0x0000000000004620       0x50 /home/lmh/SimplicityStudio/SDKs/gecko_sdk//platform/radio/rail_lib/autogen/librail_release/librail_efr32xg12_gcc_release.a(rfhal_bufc.o)
                0x0000000000004620                RAILINT_53ead1b019a1cdfd0829dbc64825eeac
 .text.RAILINT_6281eecc9c4ea6e1ecc523be2e1d48d2
                0x0000000000004670       0x88 /home/lmh/SimplicityStudio/SDKs/gecko_sdk//platform/radio/rail_lib/autogen/librail_release/librail_efr32xg12_gcc_release.a(rfhal_bufc.o)
                0x0000000000004670                RAILINT_6281eecc9c4ea6e1ecc523be2e1d48d2
 .text.RAILINT_32732aa1d78833fa65026efd536f2c3e
                0x00000000000046f8       0x48 /home/lmh/SimplicityStudio/SDKs/gecko_sdk//platform/radio/rail_lib/autogen/librail_release/librail_efr32xg12_gcc_release.a(rfhal_bufc.o)
                0x00000000000046f8                RAILINT_32732aa1d78833fa65026efd536f2c3e
 .text.RAILINT_f921a6fdde390c986016ab0c8bf49fae
                0x0000000000004740      0x114 /home/lmh/SimplicityStudio/SDKs/gecko_sdk//platform/radio/rail_lib/autogen/librail_release/librail_efr32xg12_gcc_release.a(rfhal_bufc.o)
                0x0000000000004740                RAILINT_f921a6fdde390c986016ab0c8bf49fae
 .text.RAILINT_0906929bba6a17fd8a9605e65064a9f4
                0x0000000000004854       0x50 /home/lmh/SimplicityStudio/SDKs/gecko_sdk//platform/radio/rail_lib/autogen/librail_release/librail_efr32xg12_gcc_release.a(rfhal_bufc.o)
                0x0000000000004854                RAILINT_0906929bba6a17fd8a9605e65064a9f4
 .text.RAILINT_31258cb71f8a6b9069347d576bc679f0
                0x00000000000048a4       0x1c /home/lmh/SimplicityStudio/SDKs/gecko_sdk//platform/radio/rail_lib/autogen/librail_release/librail_efr32xg12_gcc_release.a(rfhal_bufc.o)
                0x00000000000048a4                RAILINT_31258cb71f8a6b9069347d576bc679f0
 .text.RAILINT_6e9511005f24d0489b4328a9cd887def
                0x00000000000048c0       0x28 /home/lmh/SimplicityStudio/SDKs/gecko_sdk//platform/radio/rail_lib/autogen/librail_release/librail_efr32xg12_gcc_release.a(rfhal_bufc.o)
                0x00000000000048c0                RAILINT_6e9511005f24d0489b4328a9cd887def
 .text.RAILINT_d2d5377a5d835648dfa31fcec39c17da
                0x00000000000048e8       0x1c /home/lmh/SimplicityStudio/SDKs/gecko_sdk//platform/radio/rail_lib/autogen/librail_release/librail_efr32xg12_gcc_release.a(rfhal_ircal.o)
                0x00000000000048e8                RAILINT_d2d5377a5d835648dfa31fcec39c17da
 .text.RAILINT_37dcaf6b67da0fa3f13a9cf3e2b6a0ca
                0x0000000000004904       0x1c /home/lmh/SimplicityStudio/SDKs/gecko_sdk//platform/radio/rail_lib/autogen/librail_release/librail_efr32xg12_gcc_release.a(rfhal_module.o)
                0x0000000000004904                RAILINT_37dcaf6b67da0fa3f13a9cf3e2b6a0ca
 .text.RAILINT_5b690911fb63c8ed3939b23ea6b3c04d
                0x0000000000004920       0x14 /home/lmh/SimplicityStudio/SDKs/gecko_sdk//platform/radio/rail_lib/autogen/librail_release/librail_efr32xg12_gcc_release.a(rfhal_pa.o)
                0x0000000000004920                RAILINT_5b690911fb63c8ed3939b23ea6b3c04d
 .text.RAILINT_0a4e93b519ac593c17e9cf2bca4c4cf3
                0x0000000000004934       0x48 /home/lmh/SimplicityStudio/SDKs/gecko_sdk//platform/radio/rail_lib/autogen/librail_release/librail_efr32xg12_gcc_release.a(rfhal_pa.o)
                0x0000000000004934                RAILINT_0a4e93b519ac593c17e9cf2bca4c4cf3
 .text.RAILINT_008756f34ac2ab6aaf9e25aa46299102
                0x000000000000497c       0x3c /home/lmh/SimplicityStudio/SDKs/gecko_sdk//platform/radio/rail_lib/autogen/librail_release/librail_efr32xg12_gcc_release.a(rfhal_pa.o)
                0x000000000000497c                RAILINT_008756f34ac2ab6aaf9e25aa46299102
 .text.RAILINT_7f1d3c02b02df856b3a6e03ff0d5eedc
                0x00000000000049b8       0xa4 /home/lmh/SimplicityStudio/SDKs/gecko_sdk//platform/radio/rail_lib/autogen/librail_release/librail_efr32xg12_gcc_release.a(rfhal_pa.o)
 .text.RAILINT_538e671f17d827f5e8fbb6213721d612
                0x0000000000004a5c       0x2c /home/lmh/SimplicityStudio/SDKs/gecko_sdk//platform/radio/rail_lib/autogen/librail_release/librail_efr32xg12_gcc_release.a(rfhal_pa.o)
                0x0000000000004a5c                RAILINT_538e671f17d827f5e8fbb6213721d612
 .text.RAILINT_1040bf941e847cb582a86b6ad519d354
                0x0000000000004a88       0x28 /home/lmh/SimplicityStudio/SDKs/gecko_sdk//platform/radio/rail_lib/autogen/librail_release/librail_efr32xg12_gcc_release.a(rfhal_pa.o)
                0x0000000000004a88                RAILINT_1040bf941e847cb582a86b6ad519d354
 .text.RAILINT_17dba5181cdad45f7bd80f3509210de7
                0x0000000000004ab0      0x110 /home/lmh/SimplicityStudio/SDKs/gecko_sdk//platform/radio/rail_lib/autogen/librail_release/librail_efr32xg12_gcc_release.a(rfhal_pa.o)
                0x0000000000004ab0                RAILINT_17dba5181cdad45f7bd80f3509210de7
 .text.RAILINT_08c8419aa71adfff4194c3a91186dc0b
                0x0000000000004bc0       0xd8 /home/lmh/SimplicityStudio/SDKs/gecko_sdk//platform/radio/rail_lib/autogen/librail_release/librail_efr32xg12_gcc_release.a(rfhal_pa.o)
                0x0000000000004bc0                RAILINT_08c8419aa71adfff4194c3a91186dc0b
 .text.RAILINT_ae87df107624e5a0d4063266e3b944a4
                0x0000000000004c98       0x38 /home/lmh/SimplicityStudio/SDKs/gecko_sdk//platform/radio/rail_lib/autogen/librail_release/librail_efr32xg12_gcc_release.a(rfhal_pa.o)
                0x0000000000004c98                RAILINT_ae87df107624e5a0d4063266e3b944a4
 .text.RAILINT_86204efccc410ca3e9366b2482397f16
                0x0000000000004cd0       0x24 /home/lmh/SimplicityStudio/SDKs/gecko_sdk//platform/radio/rail_lib/autogen/librail_release/librail_efr32xg12_gcc_release.a(rfhal_pa.o)
                0x0000000000004cd0                RAILINT_86204efccc410ca3e9366b2482397f16
 .text.RAILINT_da84b4d83e32af60304869814f893155
                0x0000000000004cf4        0xc /home/lmh/SimplicityStudio/SDKs/gecko_sdk//platform/radio/rail_lib/autogen/librail_release/librail_efr32xg12_gcc_release.a(rfhal_pa.o)
                0x0000000000004cf4                RAILINT_da84b4d83e32af60304869814f893155
 .text.RAILINT_692f9e407ff0da6bb4b5f2aa1969c134
                0x0000000000004d00      0x148 /home/lmh/SimplicityStudio/SDKs/gecko_sdk//platform/radio/rail_lib/autogen/librail_release/librail_efr32xg12_gcc_release.a(rfhal_pa.o)
                0x0000000000004d00                RAILINT_692f9e407ff0da6bb4b5f2aa1969c134
 .text.RAILINT_4afebab4d21eb082c7788c52f582aebd
                0x0000000000004e48       0x50 /home/lmh/SimplicityStudio/SDKs/gecko_sdk//platform/radio/rail_lib/autogen/librail_release/librail_efr32xg12_gcc_release.a(rfhal_pa.o)
                0x0000000000004e48                RAILINT_4afebab4d21eb082c7788c52f582aebd
 .text.RAILINT_80e4ebea7b797fe222184bcf10e3a6f0
                0x0000000000004e98       0x64 /home/lmh/SimplicityStudio/SDKs/gecko_sdk//platform/radio/rail_lib/autogen/librail_release/librail_efr32xg12_gcc_release.a(rfhal_pa.o)
                0x0000000000004e98                RAILINT_80e4ebea7b797fe222184bcf10e3a6f0
 .text.RAILINT_5eae5b33728fa998af27aab462a94cc2
                0x0000000000004efc       0xf0 /home/lmh/SimplicityStudio/SDKs/gecko_sdk//platform/radio/rail_lib/autogen/librail_release/librail_efr32xg12_gcc_release.a(rfhal_pa.o)
                0x0000000000004efc                RAILINT_5eae5b33728fa998af27aab462a94cc2
 .text.RAILINT_fdb72a38ba19fe991e9d245e317c2d16
                0x0000000000004fec        0xc /home/lmh/SimplicityStudio/SDKs/gecko_sdk//platform/radio/rail_lib/autogen/librail_release/librail_efr32xg12_gcc_release.a(rfhal_pa.o)
                0x0000000000004fec                RAILINT_fdb72a38ba19fe991e9d245e317c2d16
 .text.RAILINT_a2bb09bbf0f5a66273c06b6551b0acd9
                0x0000000000004ff8       0xdc /home/lmh/SimplicityStudio/SDKs/gecko_sdk//platform/radio/rail_lib/autogen/librail_release/librail_efr32xg12_gcc_release.a(rfhal_protimer.o)
                0x0000000000004ff8                RAILINT_a2bb09bbf0f5a66273c06b6551b0acd9
 .text.RAILINT_2867cf1f7327fd002fccf5d8ded311be
                0x00000000000050d4       0x1c /home/lmh/SimplicityStudio/SDKs/gecko_sdk//platform/radio/rail_lib/autogen/librail_release/librail_efr32xg12_gcc_release.a(rfhal_protimer.o)
                0x00000000000050d4                RAILINT_2867cf1f7327fd002fccf5d8ded311be
 .text.RAILINT_4f93cdd7aecf168775f2a95c9141aec8
                0x00000000000050f0       0x3c /home/lmh/SimplicityStudio/SDKs/gecko_sdk//platform/radio/rail_lib/autogen/librail_release/librail_efr32xg12_gcc_release.a(rfhal_protimer.o)
                0x00000000000050f0                RAILINT_4f93cdd7aecf168775f2a95c9141aec8
 .text.RAILINT_bda0c15173302986042c4866e7e8cb7e
                0x000000000000512c       0x14 /home/lmh/SimplicityStudio/SDKs/gecko_sdk//platform/radio/rail_lib/autogen/librail_release/librail_efr32xg12_gcc_release.a(rfhal_protimer.o)
                0x000000000000512c                RAILINT_bda0c15173302986042c4866e7e8cb7e
 .text.RAILINT_6fba69fb8464276fb40686c982612f36
                0x0000000000005140       0x18 /home/lmh/SimplicityStudio/SDKs/gecko_sdk//platform/radio/rail_lib/autogen/librail_release/librail_efr32xg12_gcc_release.a(rfhal_protimer.o)
                0x0000000000005140                RAILINT_6fba69fb8464276fb40686c982612f36
 .text.RAILINT_c51be8ee5a1368e218ec48a993030c0a
                0x0000000000005158       0x30 /home/lmh/SimplicityStudio/SDKs/gecko_sdk//platform/radio/rail_lib/autogen/librail_release/librail_efr32xg12_gcc_release.a(rfhal_protimer.o)
                0x0000000000005158                RAILINT_c51be8ee5a1368e218ec48a993030c0a
 .text.RAILINT_91acd8a0b3b22b251b18aeabdb4a57f7
                0x0000000000005188       0x18 /home/lmh/SimplicityStudio/SDKs/gecko_sdk//platform/radio/rail_lib/autogen/librail_release/librail_efr32xg12_gcc_release.a(rfhal_protimer.o)
                0x0000000000005188                RAILINT_91acd8a0b3b22b251b18aeabdb4a57f7
 .text.RAILINT_3d752c35229134eb0acd91db488d7c4c
                0x00000000000051a0       0x24 /home/lmh/SimplicityStudio/SDKs/gecko_sdk//platform/radio/rail_lib/autogen/librail_release/librail_efr32xg12_gcc_release.a(rfhal_protimer.o)
                0x00000000000051a0                RAILINT_3d752c35229134eb0acd91db488d7c4c
 .text.RAILINT_91df45e96a2874f76867d6f26ae534a0
                0x00000000000051c4       0x44 /home/lmh/SimplicityStudio/SDKs/gecko_sdk//platform/radio/rail_lib/autogen/librail_release/librail_efr32xg12_gcc_release.a(rfhal_protimer.o)
                0x00000000000051c4                RAILINT_91df45e96a2874f76867d6f26ae534a0
 .text.RAILINT_c36d58880426266e9a928d6ac9ae9371
                0x0000000000005208      0x114 /home/lmh/SimplicityStudio/SDKs/gecko_sdk//platform/radio/rail_lib/autogen/librail_release/librail_efr32xg12_gcc_release.a(rfhal_pti.o)
                0x0000000000005208                RAILINT_c36d58880426266e9a928d6ac9ae9371
 .text.RAILINT_49c5c14759dc0ba43af578a042b7d568
                0x000000000000531c       0x90 /home/lmh/SimplicityStudio/SDKs/gecko_sdk//platform/radio/rail_lib/autogen/librail_release/librail_efr32xg12_gcc_release.a(rfhal_pti.o)
                0x000000000000531c                RAILINT_49c5c14759dc0ba43af578a042b7d568
 .text.PTI_AuxdataOutput
                0x00000000000053ac       0x1c /home/lmh/SimplicityStudio/SDKs/gecko_sdk//platform/radio/rail_lib/autogen/librail_release/librail_efr32xg12_gcc_release.a(rfhal_pti.o)
                0x00000000000053ac                PTI_AuxdataOutput
 .text.RAILINT_f54fc581018404e27eb6209945094fb1
                0x00000000000053c8       0x1c /home/lmh/SimplicityStudio/SDKs/gecko_sdk//platform/radio/rail_lib/autogen/librail_release/librail_efr32xg12_gcc_release.a(rfhal_pti.o)
                0x00000000000053c8                RAILINT_f54fc581018404e27eb6209945094fb1
 .text.RAILINT_7eef505a2ab2bf9ba8257b9a73e538f4
                0x00000000000053e4       0x24 /home/lmh/SimplicityStudio/SDKs/gecko_sdk//platform/radio/rail_lib/autogen/librail_release/librail_efr32xg12_gcc_release.a(rfhal_radio.o)
 .text.RAILINT_2d55024751d647dfef36f5f548d0f2cb
                0x0000000000005408       0x70 /home/lmh/SimplicityStudio/SDKs/gecko_sdk//platform/radio/rail_lib/autogen/librail_release/librail_efr32xg12_gcc_release.a(rfhal_radio.o)
                0x0000000000005408                RAILINT_2d55024751d647dfef36f5f548d0f2cb
 .text.RAILINT_0a958662e0f9b48ba3742030a3e4e70c
                0x0000000000005478       0x50 /home/lmh/SimplicityStudio/SDKs/gecko_sdk//platform/radio/rail_lib/autogen/librail_release/librail_efr32xg12_gcc_release.a(rfhal_radio.o)
                0x0000000000005478                RAILINT_0a958662e0f9b48ba3742030a3e4e70c
 .text.RAILINT_ff78d9bb4bfe772063473783474f9dc5
                0x00000000000054c8       0x14 /home/lmh/SimplicityStudio/SDKs/gecko_sdk//platform/radio/rail_lib/autogen/librail_release/librail_efr32xg12_gcc_release.a(rfhal_radio.o)
                0x00000000000054c8                RAILINT_ff78d9bb4bfe772063473783474f9dc5
 .text.RAILINT_83b3e2e99c8f4d3fd0b62943447c7cff
                0x00000000000054dc       0x9c /home/lmh/SimplicityStudio/SDKs/gecko_sdk//platform/radio/rail_lib/autogen/librail_release/librail_efr32xg12_gcc_release.a(rfhal_radio.o)
                0x00000000000054dc                RAILINT_83b3e2e99c8f4d3fd0b62943447c7cff
 .text.RAILINT_29728e9d96985f5babe5fba5eab67a2d
                0x0000000000005578       0x1c /home/lmh/SimplicityStudio/SDKs/gecko_sdk//platform/radio/rail_lib/autogen/librail_release/librail_efr32xg12_gcc_release.a(rfhal_radio.o)
                0x0000000000005578                RAILINT_29728e9d96985f5babe5fba5eab67a2d
 .text.RAILINT_cd65c06e3b1af867d6257be45870f13b
                0x0000000000005594       0xac /home/lmh/SimplicityStudio/SDKs/gecko_sdk//platform/radio/rail_lib/autogen/librail_release/librail_efr32xg12_gcc_release.a(rfhal_radio.o)
                0x0000000000005594                RAILINT_cd65c06e3b1af867d6257be45870f13b
 .text.RAILINT_f9e5228e0d9c01913b590cb22fe86427
                0x0000000000005640       0x10 /home/lmh/SimplicityStudio/SDKs/gecko_sdk//platform/radio/rail_lib/autogen/librail_release/librail_efr32xg12_gcc_release.a(rfhal_radio.o)
                0x0000000000005640                RAILINT_f9e5228e0d9c01913b590cb22fe86427
 .text.RAILINT_0fcb2d75494993f121b931b03a54c62c
                0x0000000000005650       0x10 /home/lmh/SimplicityStudio/SDKs/gecko_sdk//platform/radio/rail_lib/autogen/librail_release/librail_efr32xg12_gcc_release.a(rfhal_radio.o)
                0x0000000000005650                RAILINT_0fcb2d75494993f121b931b03a54c62c
 .text.RAILINT_d8be8114d0438e8c4744d07fb3afceb2
                0x0000000000005660       0x10 /home/lmh/SimplicityStudio/SDKs/gecko_sdk//platform/radio/rail_lib/autogen/librail_release/librail_efr32xg12_gcc_release.a(rfhal_radio.o)
                0x0000000000005660                RAILINT_d8be8114d0438e8c4744d07fb3afceb2
 .text.RAILINT_107f383da9004c7c039de184830a3649
                0x0000000000005670       0x10 /home/lmh/SimplicityStudio/SDKs/gecko_sdk//platform/radio/rail_lib/autogen/librail_release/librail_efr32xg12_gcc_release.a(rfhal_radio.o)
                0x0000000000005670                RAILINT_107f383da9004c7c039de184830a3649
 .text.RAILINT_98702195dd5df205b66d73f7f1b701b5
                0x0000000000005680       0x24 /home/lmh/SimplicityStudio/SDKs/gecko_sdk//platform/radio/rail_lib/autogen/librail_release/librail_efr32xg12_gcc_release.a(rfhal_radio.o)
                0x0000000000005680                RAILINT_98702195dd5df205b66d73f7f1b701b5
 .text.RAILINT_f653c2a462666f78ad07511adb1c6ca5
                0x00000000000056a4       0xc4 /home/lmh/SimplicityStudio/SDKs/gecko_sdk//platform/radio/rail_lib/autogen/librail_release/librail_efr32xg12_gcc_release.a(rfhal_radio.o)
                0x00000000000056a4                RAILINT_f653c2a462666f78ad07511adb1c6ca5
 .text.RAILINT_12973c63ce9f157526b71bd49da4eecd
                0x0000000000005768       0x28 /home/lmh/SimplicityStudio/SDKs/gecko_sdk//platform/radio/rail_lib/autogen/librail_release/librail_efr32xg12_gcc_release.a(rfhal_radio.o)
                0x0000000000005768                RAILINT_12973c63ce9f157526b71bd49da4eecd
 .text.RAILINT_1161b5fbd248b16b9006cacb961f2bf2
                0x0000000000005790       0x34 /home/lmh/SimplicityStudio/SDKs/gecko_sdk//platform/radio/rail_lib/autogen/librail_release/librail_efr32xg12_gcc_release.a(rfhal_radio.o)
                0x0000000000005790                RAILINT_1161b5fbd248b16b9006cacb961f2bf2
 .text.RFSENSE_IRQHandler
                0x00000000000057c4       0x2c /home/lmh/SimplicityStudio/SDKs/gecko_sdk//platform/radio/rail_lib/autogen/librail_release/librail_efr32xg12_gcc_release.a(rfhal_rfsense.o)
                0x00000000000057c4                RFSENSE_IRQHandler
 .text.RAILINT_f26e766b4223f258d2a3acd050099dec
                0x00000000000057f0       0x9c /home/lmh/SimplicityStudio/SDKs/gecko_sdk//platform/radio/rail_lib/autogen/librail_release/librail_efr32xg12_gcc_release.a(rfhal_synth.o)
 .text.RAILINT_5c0938f59a395e36d23a6c1c32d6c158
                0x000000000000588c       0x70 /home/lmh/SimplicityStudio/SDKs/gecko_sdk//platform/radio/rail_lib/autogen/librail_release/librail_efr32xg12_gcc_release.a(rfhal_synth.o)
 .text.RAILINT_d6d429560d267ffac9efbff4807b93ad
                0x00000000000058fc      0x10c /home/lmh/SimplicityStudio/SDKs/gecko_sdk//platform/radio/rail_lib/autogen/librail_release/librail_efr32xg12_gcc_release.a(rfhal_synth.o)
 .text.RAILINT_e48e5ee1b5d6f912f6e30e0897d40f5e
                0x0000000000005a08       0x28 /home/lmh/SimplicityStudio/SDKs/gecko_sdk//platform/radio/rail_lib/autogen/librail_release/librail_efr32xg12_gcc_release.a(rfhal_synth.o)
                0x0000000000005a08                RAILINT_e48e5ee1b5d6f912f6e30e0897d40f5e
 .text.RAILINT_33a40a038bae53f7ef7bbb8f2e9f948e
                0x0000000000005a30       0x14 /home/lmh/SimplicityStudio/SDKs/gecko_sdk//platform/radio/rail_lib/autogen/librail_release/librail_efr32xg12_gcc_release.a(rfhal_synth.o)
                0x0000000000005a30                RAILINT_33a40a038bae53f7ef7bbb8f2e9f948e
 .text.RAILINT_6657b1787c693b512e56cfc46a466728
                0x0000000000005a44       0x7c /home/lmh/SimplicityStudio/SDKs/gecko_sdk//platform/radio/rail_lib/autogen/librail_release/librail_efr32xg12_gcc_release.a(rfhal_synth.o)
                0x0000000000005a44                RAILINT_6657b1787c693b512e56cfc46a466728
 .text.RAILINT_40f50b01b0acf65296da94a1cd4ce85b
                0x0000000000005ac0       0x90 /home/lmh/SimplicityStudio/SDKs/gecko_sdk//platform/radio/rail_lib/autogen/librail_release/librail_efr32xg12_gcc_release.a(rfhal_synth.o)
                0x0000000000005ac0                RAILINT_40f50b01b0acf65296da94a1cd4ce85b
 .text.RAILINT_ffff6fd8b93bee8f8f3297dc48915167
                0x0000000000005b50       0x1c /home/lmh/SimplicityStudio/SDKs/gecko_sdk//platform/radio/rail_lib/autogen/librail_release/librail_efr32xg12_gcc_release.a(rfhal_synth.o)
                0x0000000000005b50                RAILINT_ffff6fd8b93bee8f8f3297dc48915167
 .text.RAILINT_3654f2a9376e4bdd7e2c364177a94691
                0x0000000000005b6c       0x10 /home/lmh/SimplicityStudio/SDKs/gecko_sdk//platform/radio/rail_lib/autogen/librail_release/librail_efr32xg12_gcc_release.a(rfhal_synth.o)
                0x0000000000005b6c                RAILINT_3654f2a9376e4bdd7e2c364177a94691
 .text.RAILINT_2079853137a39b9d404b4228d973f1ee
                0x0000000000005b7c       0x40 /home/lmh/SimplicityStudio/SDKs/gecko_sdk//platform/radio/rail_lib/autogen/librail_release/librail_efr32xg12_gcc_release.a(rfhal_tempcal.o)
                0x0000000000005b7c                RAILINT_2079853137a39b9d404b4228d973f1ee
 .text.RAILINT_cb8a12f5bd0c458ceee6331009f9048b
                0x0000000000005bbc       0x1c /home/lmh/SimplicityStudio/SDKs/gecko_sdk//platform/radio/rail_lib/autogen/librail_release/librail_efr32xg12_gcc_release.a(rfhal_timings.o)
 .text.RAILINT_d0ad23c1600b008713957f4fe5ac160e
                0x0000000000005bd8       0x64 /home/lmh/SimplicityStudio/SDKs/gecko_sdk//platform/radio/rail_lib/autogen/librail_release/librail_efr32xg12_gcc_release.a(rfhal_timings.o)
                0x0000000000005bd8                RAILINT_d0ad23c1600b008713957f4fe5ac160e
 .text.RAILINT_06b1ea13261364007801a74aa7e1e357
                0x0000000000005c3c       0x28 /home/lmh/SimplicityStudio/SDKs/gecko_sdk//platform/radio/rail_lib/autogen/librail_release/librail_efr32xg12_gcc_release.a(rfhal_timings.o)
                0x0000000000005c3c                RAILINT_06b1ea13261364007801a74aa7e1e357
 .text.RAILINT_4baddb3f7581dff171ab25f7b0ebdad3
                0x0000000000005c64       0x78 /home/lmh/SimplicityStudio/SDKs/gecko_sdk//platform/radio/rail_lib/autogen/librail_release/librail_efr32xg12_gcc_release.a(rfhal_timings.o)
                0x0000000000005c64                RAILINT_4baddb3f7581dff171ab25f7b0ebdad3
 .text.RAILINT_970d9248a37232567f89ad6c94dd6fe8
                0x0000000000005cdc      0x19c /home/lmh/SimplicityStudio/SDKs/gecko_sdk//platform/radio/rail_lib/autogen/librail_release/librail_efr32xg12_gcc_release.a(rfhal_timings.o)
                0x0000000000005cdc                RAILINT_970d9248a37232567f89ad6c94dd6fe8
 .text.RAILINT_e37c2f8c4e95a72e70099c8f3fa2cfe4
                0x0000000000005e78       0x28 /home/lmh/SimplicityStudio/SDKs/gecko_sdk//platform/radio/rail_lib/autogen/librail_release/librail_efr32xg12_gcc_release.a(rfhal_rand.o)
                0x0000000000005e78                RAILINT_e37c2f8c4e95a72e70099c8f3fa2cfe4
 .text.RAILINT_9743c96ef075be688881e5d1e5667476
                0x0000000000005ea0       0x90 /home/lmh/SimplicityStudio/SDKs/gecko_sdk//platform/radio/rail_lib/autogen/librail_release/librail_efr32xg12_gcc_release.a(seq_globals.o)
                0x0000000000005ea0                RAILINT_9743c96ef075be688881e5d1e5667476
 .text.RAILINT_e5849823b21bf651f5d87f5e741d2a12
                0x0000000000005f30       0x34 /home/lmh/SimplicityStudio/SDKs/gecko_sdk//platform/radio/rail_lib/autogen/librail_release/librail_efr32xg12_gcc_release.a(generic_phy.o)
 .text.RAILINT_99b59c6cc05d74d26bce559fe745db90
                0x0000000000005f64       0x2c /home/lmh/SimplicityStudio/SDKs/gecko_sdk//platform/radio/rail_lib/autogen/librail_release/librail_efr32xg12_gcc_release.a(generic_phy.o)
 .text.RAILINT_2c4dd48bdd23e67e66c47cfdf845d67c
                0x0000000000005f90       0x54 /home/lmh/SimplicityStudio/SDKs/gecko_sdk//platform/radio/rail_lib/autogen/librail_release/librail_efr32xg12_gcc_release.a(generic_phy.o)
 .text.RAILINT_ef38b49f1deb3f763f4f0e2ae372d117
                0x0000000000005fe4       0x28 /home/lmh/SimplicityStudio/SDKs/gecko_sdk//platform/radio/rail_lib/autogen/librail_release/librail_efr32xg12_gcc_release.a(generic_phy.o)
 .text.RAILINT_6d8967e14ffa5fbb64f5f8549fa17b5c
                0x000000000000600c       0x1c /home/lmh/SimplicityStudio/SDKs/gecko_sdk//platform/radio/rail_lib/autogen/librail_release/librail_efr32xg12_gcc_release.a(generic_phy.o)
 .text.RAILINT_c34bfa9af18e68c24adf7137035e88f0
                0x0000000000006028       0x9c /home/lmh/SimplicityStudio/SDKs/gecko_sdk//platform/radio/rail_lib/autogen/librail_release/librail_efr32xg12_gcc_release.a(generic_phy.o)
 .text.RAILINT_2b746cfc461ae5635faa828fc2e99484
                0x00000000000060c4       0x40 /home/lmh/SimplicityStudio/SDKs/gecko_sdk//platform/radio/rail_lib/autogen/librail_release/librail_efr32xg12_gcc_release.a(generic_phy.o)
 .text.RAILINT_978af8e4393fb6ecb4e92f5256373899
                0x0000000000006104       0x30 /home/lmh/SimplicityStudio/SDKs/gecko_sdk//platform/radio/rail_lib/autogen/librail_release/librail_efr32xg12_gcc_release.a(generic_phy.o)
                0x0000000000006104                RAILINT_978af8e4393fb6ecb4e92f5256373899
 .text.RAILINT_e56520736dccfc6b4febe00b533ea27a
                0x0000000000006134      0x35c /home/lmh/SimplicityStudio/SDKs/gecko_sdk//platform/radio/rail_lib/autogen/librail_release/librail_efr32xg12_gcc_release.a(generic_phy.o)
                0x0000000000006134                RAILINT_e56520736dccfc6b4febe00b533ea27a
 .text.RAILINT_436bf61abb715dbe168d75ac0bccdfdf
                0x0000000000006490       0x10 /home/lmh/SimplicityStudio/SDKs/gecko_sdk//platform/radio/rail_lib/autogen/librail_release/librail_efr32xg12_gcc_release.a(generic_phy.o)
                0x0000000000006490                RAILINT_436bf61abb715dbe168d75ac0bccdfdf
 .text.RAILINT_0e4fab607515a0ae94861cde84b8a317
                0x00000000000064a0       0x10 /home/lmh/SimplicityStudio/SDKs/gecko_sdk//platform/radio/rail_lib/autogen/librail_release/librail_efr32xg12_gcc_release.a(generic_phy.o)
                0x00000000000064a0                RAILINT_0e4fab607515a0ae94861cde84b8a317
 .text.RAILINT_7eff40ec14ab746668317fbad941367b
                0x00000000000064b0       0x10 /home/lmh/SimplicityStudio/SDKs/gecko_sdk//platform/radio/rail_lib/autogen/librail_release/librail_efr32xg12_gcc_release.a(generic_phy.o)
                0x00000000000064b0                RAILINT_7eff40ec14ab746668317fbad941367b
 .text.RAILINT_5d6f9e1abd47331b2e5065ec63f9f308
                0x00000000000064c0       0x14 /home/lmh/SimplicityStudio/SDKs/gecko_sdk//platform/radio/rail_lib/autogen/librail_release/librail_efr32xg12_gcc_release.a(generic_phy.o)
                0x00000000000064c0                RAILINT_5d6f9e1abd47331b2e5065ec63f9f308
 .text.RAILINT_0390333908b9b36d5ab834e553f87374
                0x00000000000064d4       0x70 /home/lmh/SimplicityStudio/SDKs/gecko_sdk//platform/radio/rail_lib/autogen/librail_release/librail_efr32xg12_gcc_release.a(generic_phy.o)
                0x00000000000064d4                RAILINT_0390333908b9b36d5ab834e553f87374
 .text.RAILINT_d03b3ef54cea4e5cdd512296475ae5cd
                0x0000000000006544       0x2c /home/lmh/SimplicityStudio/SDKs/gecko_sdk//platform/radio/rail_lib/autogen/librail_release/librail_efr32xg12_gcc_release.a(generic_phy.o)
                0x0000000000006544                RAILINT_d03b3ef54cea4e5cdd512296475ae5cd
 .text.RAILINT_8a1daf8683aeba05cbb8b1aa7d69b03e
                0x0000000000006570       0x1c /home/lmh/SimplicityStudio/SDKs/gecko_sdk//platform/radio/rail_lib/autogen/librail_release/librail_efr32xg12_gcc_release.a(generic_phy.o)
                0x0000000000006570                RAILINT_8a1daf8683aeba05cbb8b1aa7d69b03e
 .text.RAILINT_c2b2df1ff702cc69934ed56ca7c5ba21
                0x000000000000658c       0x74 /home/lmh/SimplicityStudio/SDKs/gecko_sdk//platform/radio/rail_lib/autogen/librail_release/librail_efr32xg12_gcc_release.a(generic_phy.o)
                0x000000000000658c                RAILINT_c2b2df1ff702cc69934ed56ca7c5ba21
 .text.RAILINT_b4349430825f42395f1799b2ff8bb1b4
                0x0000000000006600       0x3c /home/lmh/SimplicityStudio/SDKs/gecko_sdk//platform/radio/rail_lib/autogen/librail_release/librail_efr32xg12_gcc_release.a(generic_phy.o)
                0x0000000000006600                RAILINT_b4349430825f42395f1799b2ff8bb1b4
 .text.RAILINT_cda8bf84b67189e08b64149f714e0ad8
                0x000000000000663c       0x98 /home/lmh/SimplicityStudio/SDKs/gecko_sdk//platform/radio/rail_lib/autogen/librail_release/librail_efr32xg12_gcc_release.a(generic_phy.o)
                0x000000000000663c                RAILINT_cda8bf84b67189e08b64149f714e0ad8
 .text.RAILINT_cf4e885725a47449d7a6caf77bda2061
                0x00000000000066d4       0x64 /home/lmh/SimplicityStudio/SDKs/gecko_sdk//platform/radio/rail_lib/autogen/librail_release/librail_efr32xg12_gcc_release.a(generic_phy.o)
                0x00000000000066d4                RAILINT_cf4e885725a47449d7a6caf77bda2061
 .text.RAILINT_251a0c8b131e6c493b80202150f0c444
                0x0000000000006738       0x18 /home/lmh/SimplicityStudio/SDKs/gecko_sdk//platform/radio/rail_lib/autogen/librail_release/librail_efr32xg12_gcc_release.a(generic_phy.o)
                0x0000000000006738                RAILINT_251a0c8b131e6c493b80202150f0c444
 .text.RAILINT_a7d421cde8a91be6637558edc84e4002
                0x0000000000006750       0x48 /home/lmh/SimplicityStudio/SDKs/gecko_sdk//platform/radio/rail_lib/autogen/librail_release/librail_efr32xg12_gcc_release.a(generic_phy.o)
                0x0000000000006750                RAILINT_a7d421cde8a91be6637558edc84e4002
 .text.RAILINT_415699d4fedc812ab5645a39d53b6366
                0x0000000000006798      0x194 /home/lmh/SimplicityStudio/SDKs/gecko_sdk//platform/radio/rail_lib/autogen/librail_release/librail_efr32xg12_gcc_release.a(generic_phy.o)
                0x0000000000006798                RAILINT_415699d4fedc812ab5645a39d53b6366
 .text.FRC_IRQHandler
                0x000000000000692c      0x7c0 /home/lmh/SimplicityStudio/SDKs/gecko_sdk//platform/radio/rail_lib/autogen/librail_release/librail_efr32xg12_gcc_release.a(generic_phy.o)
                0x000000000000692c                FRC_IRQHandler
 .text.FRC_PRI_IRQHandler
                0x00000000000070ec        0xc /home/lmh/SimplicityStudio/SDKs/gecko_sdk//platform/radio/rail_lib/autogen/librail_release/librail_efr32xg12_gcc_release.a(generic_phy.o)
                0x00000000000070ec                FRC_PRI_IRQHandler
 .text.RAILCb_RadioStateChanged
                0x00000000000070f8       0x14 /home/lmh/SimplicityStudio/SDKs/gecko_sdk//platform/radio/rail_lib/autogen/librail_release/librail_efr32xg12_gcc_release.a(generic_phy.o)
                0x00000000000070f8                RAILCb_RadioStateChanged
 .text.RAC_RSM_IRQHandler
                0x000000000000710c       0x34 /home/lmh/SimplicityStudio/SDKs/gecko_sdk//platform/radio/rail_lib/autogen/librail_release/librail_efr32xg12_gcc_release.a(generic_phy.o)
                0x000000000000710c                RAC_RSM_IRQHandler
 .text.AGC_IRQHandler
                0x0000000000007140       0x3c /home/lmh/SimplicityStudio/SDKs/gecko_sdk//platform/radio/rail_lib/autogen/librail_release/librail_efr32xg12_gcc_release.a(generic_phy.o)
                0x0000000000007140                AGC_IRQHandler
 .text.SYNTH_IRQHandler
                0x000000000000717c       0x18 /home/lmh/SimplicityStudio/SDKs/gecko_sdk//platform/radio/rail_lib/autogen/librail_release/librail_efr32xg12_gcc_release.a(generic_phy.o)
                0x000000000000717c                SYNTH_IRQHandler
 .text.RAILINT_fc431c63280fcec9c8f1f2616df249e6
                0x0000000000007194       0x28 /home/lmh/SimplicityStudio/SDKs/gecko_sdk//platform/radio/rail_lib/autogen/librail_release/librail_efr32xg12_gcc_release.a(generic_phy.o)
                0x0000000000007194                RAILINT_fc431c63280fcec9c8f1f2616df249e6
 .text.RAILINT_10ac1cf98a783c6bdb18657a1d32c8ed
                0x00000000000071bc       0x14 /home/lmh/SimplicityStudio/SDKs/gecko_sdk//platform/radio/rail_lib/autogen/librail_release/librail_efr32xg12_gcc_release.a(generic_phy.o)
                0x00000000000071bc                RAILINT_10ac1cf98a783c6bdb18657a1d32c8ed
 .text.RAILINT_97099dc7ca7699c8d5ef5cc5413c4a7a
                0x00000000000071d0       0x78 /home/lmh/SimplicityStudio/SDKs/gecko_sdk//platform/radio/rail_lib/autogen/librail_release/librail_efr32xg12_gcc_release.a(generic_phy.o)
                0x00000000000071d0                RAILINT_97099dc7ca7699c8d5ef5cc5413c4a7a
 .text.RAILINT_cd2294a9b77625e0ea5276bdf2a90514
                0x0000000000007248       0x30 /home/lmh/SimplicityStudio/SDKs/gecko_sdk//platform/radio/rail_lib/autogen/librail_release/librail_efr32xg12_gcc_release.a(rail_rf_hal.o)
 .text.RAILINT_57fa2c163b50cc6661e10e0e7662afb8
                0x0000000000007278       0x1c /home/lmh/SimplicityStudio/SDKs/gecko_sdk//platform/radio/rail_lib/autogen/librail_release/librail_efr32xg12_gcc_release.a(rail_rf_hal.o)
 .text.RAILINT_02e31caf3f8d0fb9ac9f09c35501b4e4
                0x0000000000007294       0x2c /home/lmh/SimplicityStudio/SDKs/gecko_sdk//platform/radio/rail_lib/autogen/librail_release/librail_efr32xg12_gcc_release.a(rail_rf_hal.o)
                0x0000000000007294                RAILINT_02e31caf3f8d0fb9ac9f09c35501b4e4
 .text.RAILINT_2c0c7ba0065447faa0ab7205349f5d73
                0x00000000000072c0       0xf0 /home/lmh/SimplicityStudio/SDKs/gecko_sdk//platform/radio/rail_lib/autogen/librail_release/librail_efr32xg12_gcc_release.a(rail_rf_hal.o)
                0x00000000000072c0                RAILINT_2c0c7ba0065447faa0ab7205349f5d73
 .text.RAILINT_2a4da4d01b26a7f90998f094ef0d126c
                0x00000000000073b0       0x84 /home/lmh/SimplicityStudio/SDKs/gecko_sdk//platform/radio/rail_lib/autogen/librail_release/librail_efr32xg12_gcc_release.a(rail_rf_hal.o)
                0x00000000000073b0                RAILINT_2a4da4d01b26a7f90998f094ef0d126c
 .text.RAILINT_ee8e30d6c3ef95b8e8dca03da7401c07
                0x0000000000007434       0x20 /home/lmh/SimplicityStudio/SDKs/gecko_sdk//platform/radio/rail_lib/autogen/librail_release/librail_efr32xg12_gcc_release.a(rail_rf_hal.o)
                0x0000000000007434                RAILINT_ee8e30d6c3ef95b8e8dca03da7401c07
 .text.RAILINT_4535ca1da65eed991e532282e16caa6e
                0x0000000000007454       0x10 /home/lmh/SimplicityStudio/SDKs/gecko_sdk//platform/radio/rail_lib/autogen/librail_release/librail_efr32xg12_gcc_release.a(rail_rf_hal.o)
                0x0000000000007454                RAILINT_4535ca1da65eed991e532282e16caa6e
 .text.RAILINT_4775d80a8fe4d9976ce86a6ec19b0158
                0x0000000000007464       0x34 /home/lmh/SimplicityStudio/SDKs/gecko_sdk//platform/radio/rail_lib/autogen/librail_release/librail_efr32xg12_gcc_release.a(rail_rf_hal.o)
                0x0000000000007464                RAILINT_4775d80a8fe4d9976ce86a6ec19b0158
 .text.RAILINT_788b3657c509a8fc304f09cc58d808a3
                0x0000000000007498        0xc /home/lmh/SimplicityStudio/SDKs/gecko_sdk//platform/radio/rail_lib/autogen/librail_release/librail_efr32xg12_gcc_release.a(rail_rf_hal.o)
                0x0000000000007498                RAILINT_788b3657c509a8fc304f09cc58d808a3
 .text.RAILINT_afeea334a0413e3fba4d9024b9c8696e
                0x00000000000074a4        0xc /home/lmh/SimplicityStudio/SDKs/gecko_sdk//platform/radio/rail_lib/autogen/librail_release/librail_efr32xg12_gcc_release.a(rail_rf_hal.o)
                0x00000000000074a4                RAILINT_afeea334a0413e3fba4d9024b9c8696e
 .text.RAILINT_99f0e717b1ae5f07aeace88464176fa9
                0x00000000000074b0       0xc8 /home/lmh/SimplicityStudio/SDKs/gecko_sdk//platform/radio/rail_lib/autogen/librail_release/librail_efr32xg12_gcc_release.a(rail_rf_hal.o)
                0x00000000000074b0                RAILINT_99f0e717b1ae5f07aeace88464176fa9
 .text.RAILINT_0d8f3fe7fd5ea4a113463fb6490feb41
                0x0000000000007578       0x4c /home/lmh/SimplicityStudio/SDKs/gecko_sdk//platform/radio/rail_lib/autogen/librail_release/librail_efr32xg12_gcc_release.a(rail_rf_hal.o)
                0x0000000000007578                RAILINT_0d8f3fe7fd5ea4a113463fb6490feb41
 .text.RAILINT_df21cd846fe2c2c767ed33585799c7e8
                0x00000000000075c4       0x3c /home/lmh/SimplicityStudio/SDKs/gecko_sdk//platform/radio/rail_lib/autogen/librail_release/librail_efr32xg12_gcc_release.a(rail_rf_hal.o)
                0x00000000000075c4                RAILINT_df21cd846fe2c2c767ed33585799c7e8
 .text.RAILINT_d02596bebc40577addedcb0f3fcccabb
                0x0000000000007600       0x7c /home/lmh/SimplicityStudio/SDKs/gecko_sdk//platform/radio/rail_lib/autogen/librail_release/librail_efr32xg12_gcc_release.a(rail_rf_hal.o)
                0x0000000000007600                RAILINT_d02596bebc40577addedcb0f3fcccabb
 .text.RAILINT_3339c86656af5bd3809fcaff6decfb50
                0x000000000000767c       0x28 /home/lmh/SimplicityStudio/SDKs/gecko_sdk//platform/radio/rail_lib/autogen/librail_release/librail_efr32xg12_gcc_release.a(rail_rf_hal.o)
                0x000000000000767c                RAILINT_3339c86656af5bd3809fcaff6decfb50
 .text.RAILINT_c1ee6010aaf86bbd071153c63f21d1bb
                0x00000000000076a4      0x100 /home/lmh/SimplicityStudio/SDKs/gecko_sdk//platform/radio/rail_lib/autogen/librail_release/librail_efr32xg12_gcc_release.a(rail_rf_hal.o)
                0x00000000000076a4                RAILINT_c1ee6010aaf86bbd071153c63f21d1bb
 .text.RAILINT_c232eb9695d8ec51969199511f1ffdbc
                0x00000000000077a4       0x70 /home/lmh/SimplicityStudio/SDKs/gecko_sdk//platform/radio/rail_lib/autogen/librail_release/librail_efr32xg12_gcc_release.a(rail_rf_hal.o)
                0x00000000000077a4                RAILINT_c232eb9695d8ec51969199511f1ffdbc
 .text.RAILINT_7bc23e10f52e56d9fc3392da3f1c2215
                0x0000000000007814       0x6c /home/lmh/SimplicityStudio/SDKs/gecko_sdk//platform/radio/rail_lib/autogen/librail_release/librail_efr32xg12_gcc_release.a(rail_rf_hal.o)
                0x0000000000007814                RAILINT_7bc23e10f52e56d9fc3392da3f1c2215
 .text.RAILINT_0d03c198f5f2a0e358f87f76b3e7eaa4
                0x0000000000007880       0xb4 /home/lmh/SimplicityStudio/SDKs/gecko_sdk//platform/radio/rail_lib/autogen/librail_release/librail_efr32xg12_gcc_release.a(rail_rf_hal.o)
                0x0000000000007880                RAILINT_0d03c198f5f2a0e358f87f76b3e7eaa4
 .text.RAILINT_cd62b828417e3475c6b58e9a311685cc
                0x0000000000007934       0x58 /home/lmh/SimplicityStudio/SDKs/gecko_sdk//platform/radio/rail_lib/autogen/librail_release/librail_efr32xg12_gcc_release.a(rail_rf_hal.o)
                0x0000000000007934                RAILINT_cd62b828417e3475c6b58e9a311685cc
 .text.RAILINT_b693f7d424389daf06cac15e5c7b8047
                0x000000000000798c       0xf8 /home/lmh/SimplicityStudio/SDKs/gecko_sdk//platform/radio/rail_lib/autogen/librail_release/librail_efr32xg12_gcc_release.a(rail_rf_hal.o)
                0x000000000000798c                RAILINT_b693f7d424389daf06cac15e5c7b8047
 .text.RAILINT_f70b804705a044eb7f74093268741788
                0x0000000000007a84       0x30 /home/lmh/SimplicityStudio/SDKs/gecko_sdk//platform/radio/rail_lib/autogen/librail_release/librail_efr32xg12_gcc_release.a(rail_rf_hal.o)
                0x0000000000007a84                RAILINT_f70b804705a044eb7f74093268741788
 .text.RAILINT_2fd87bc1616c65bab5aaf8241d078d01
                0x0000000000007ab4       0x4c /home/lmh/SimplicityStudio/SDKs/gecko_sdk//platform/radio/rail_lib/autogen/librail_release/librail_efr32xg12_gcc_release.a(rail_rf_hal.o)
                0x0000000000007ab4                RAILINT_2fd87bc1616c65bab5aaf8241d078d01
 .text.RAILINT_304d05fa5f7ea83bae289f8245ef896e
                0x0000000000007b00      0x144 /home/lmh/SimplicityStudio/SDKs/gecko_sdk//platform/radio/rail_lib/autogen/librail_release/librail_efr32xg12_gcc_release.a(rail_rf_hal.o)
                0x0000000000007b00                RAILINT_304d05fa5f7ea83bae289f8245ef896e
 .text.RAILINT_44f844fe44efb07ef80df95a956dc879
                0x0000000000007c44      0x13c /home/lmh/SimplicityStudio/SDKs/gecko_sdk//platform/radio/rail_lib/autogen/librail_release/librail_efr32xg12_gcc_release.a(rail_rf_hal.o)
                0x0000000000007c44                RAILINT_44f844fe44efb07ef80df95a956dc879
 .text.RAILINT_c95e9d4ad5fb39bdcaabe1c820867429
                0x0000000000007d80       0x10 /home/lmh/SimplicityStudio/SDKs/gecko_sdk//platform/radio/rail_lib/autogen/librail_release/librail_efr32xg12_gcc_release.a(rail_rf_hal.o)
                0x0000000000007d80                RAILINT_c95e9d4ad5fb39bdcaabe1c820867429
 .text.RAILINT_f70cad743ef3526a2ef7ac090e6c385a
                0x0000000000007d90       0xbc /home/lmh/SimplicityStudio/SDKs/gecko_sdk//platform/radio/rail_lib/autogen/librail_release/librail_efr32xg12_gcc_release.a(rail_rf_hal.o)
                0x0000000000007d90                RAILINT_f70cad743ef3526a2ef7ac090e6c385a
 .text.RAILINT_c141602218ed06e17bb09de10ef4b9a3
                0x0000000000007e4c       0x48 /home/lmh/SimplicityStudio/SDKs/gecko_sdk//platform/radio/rail_lib/autogen/librail_release/librail_efr32xg12_gcc_release.a(rail_rf_hal.o)
                0x0000000000007e4c                RAILINT_c141602218ed06e17bb09de10ef4b9a3
 .text.RAILINT_e02d00033aeee031972ce3294c5c5c74
                0x0000000000007e94       0x34 /home/lmh/SimplicityStudio/SDKs/gecko_sdk//platform/radio/rail_lib/autogen/librail_release/librail_efr32xg12_gcc_release.a(rail_rf_hal.o)
                0x0000000000007e94                RAILINT_e02d00033aeee031972ce3294c5c5c74
 .text.RAILINT_232a85da35fb8aa0cd28c39542df9730
                0x0000000000007ec8       0xc0 /home/lmh/SimplicityStudio/SDKs/gecko_sdk//platform/radio/rail_lib/autogen/librail_release/librail_efr32xg12_gcc_release.a(rail_rf_hal.o)
                0x0000000000007ec8                RAILINT_232a85da35fb8aa0cd28c39542df9730
 .text.RAILINT_3209015e469febd3aebf12c10b838c78
                0x0000000000007f88       0x40 /home/lmh/SimplicityStudio/SDKs/gecko_sdk//platform/radio/rail_lib/autogen/librail_release/librail_efr32xg12_gcc_release.a(rail_rf_hal.o)
                0x0000000000007f88                RAILINT_3209015e469febd3aebf12c10b838c78
 .text.RAILINT_3d0930b0b28334e352a161a5b4a4cb94
                0x0000000000007fc8      0x230 /home/lmh/SimplicityStudio/SDKs/gecko_sdk//platform/radio/rail_lib/autogen/librail_release/librail_efr32xg12_gcc_release.a(rail_rf_hal.o)
 .text.RAILINT_3e587e95c937431090ed1e304e004f0f
                0x00000000000081f8       0x30 /home/lmh/SimplicityStudio/SDKs/gecko_sdk//platform/radio/rail_lib/autogen/librail_release/librail_efr32xg12_gcc_release.a(rail_rf_hal.o)
                0x00000000000081f8                RAILINT_3e587e95c937431090ed1e304e004f0f
 .text.RAILINT_1debf3979df3644830aae43bd0f04ec3
                0x0000000000008228       0x1c /home/lmh/SimplicityStudio/SDKs/gecko_sdk//platform/radio/rail_lib/autogen/librail_release/librail_efr32xg12_gcc_release.a(rail_rf_hal.o)
                0x0000000000008228                RAILINT_1debf3979df3644830aae43bd0f04ec3
 .text.RAILINT_a4b57b9485a34098ab089f4c182a3c25
                0x0000000000008244       0x48 /home/lmh/SimplicityStudio/SDKs/gecko_sdk//platform/radio/rail_lib/autogen/librail_release/librail_efr32xg12_gcc_release.a(rfhal_rac.o)
                0x0000000000008244                RAILINT_a4b57b9485a34098ab089f4c182a3c25
 .text.RAILINT_18d623885a7822cbda696ea8d328c784
                0x000000000000828c       0x30 /home/lmh/SimplicityStudio/SDKs/gecko_sdk//platform/radio/rail_lib/autogen/librail_release/librail_efr32xg12_gcc_release.a(rfhal_rac.o)
                0x000000000000828c                RAILINT_18d623885a7822cbda696ea8d328c784
 .text.RAILINT_4bcf13a8aca9daa76feae0225ecd6008
                0x00000000000082bc       0x38 /home/lmh/SimplicityStudio/SDKs/gecko_sdk//platform/radio/rail_lib/autogen/librail_release/librail_efr32xg12_gcc_release.a(rfhal_rac.o)
                0x00000000000082bc                RAILINT_4bcf13a8aca9daa76feae0225ecd6008
 .text.RAILINT_d25081615073202245609fde0f0d4fbe
                0x00000000000082f4       0x10 /home/lmh/SimplicityStudio/SDKs/gecko_sdk//platform/radio/rail_lib/autogen/librail_release/librail_efr32xg12_gcc_release.a(rail_ieee802154_rf_hal.o)
                0x00000000000082f4                RAILINT_d25081615073202245609fde0f0d4fbe
 .text.RAILINT_7f95357319912f5f43ae9e2f6e59faa2
                0x0000000000008304       0x10 /home/lmh/SimplicityStudio/SDKs/gecko_sdk//platform/radio/rail_lib/autogen/librail_release/librail_efr32xg12_gcc_release.a(rail_ieee802154_rf_hal.o)
                0x0000000000008304                RAILINT_7f95357319912f5f43ae9e2f6e59faa2
 .text.RAILINT_dd00bf97bf97cf71d7c2d91eb4ddc2ac
                0x0000000000008314       0x10 /home/lmh/SimplicityStudio/SDKs/gecko_sdk//platform/radio/rail_lib/autogen/librail_release/librail_efr32xg12_gcc_release.a(rail_ieee802154_rf_hal.o)
                0x0000000000008314                RAILINT_dd00bf97bf97cf71d7c2d91eb4ddc2ac
 .text.RAILINT_6475df27cb8cb04adf42c12e25fb1916
                0x0000000000008324       0x10 /home/lmh/SimplicityStudio/SDKs/gecko_sdk//platform/radio/rail_lib/autogen/librail_release/librail_efr32xg12_gcc_release.a(rail_ieee802154_rf_hal.o)
                0x0000000000008324                RAILINT_6475df27cb8cb04adf42c12e25fb1916
 .text.RAILINT_b40157bc24fc8a6dea816e073edbbd57
                0x0000000000008334       0x28 /home/lmh/SimplicityStudio/SDKs/gecko_sdk//platform/radio/rail_lib/autogen/librail_release/librail_efr32xg12_gcc_release.a(rail_ieee802154_rf_hal.o)
                0x0000000000008334                RAILINT_b40157bc24fc8a6dea816e073edbbd57
 .text.RAILINT_c2c93ba824178e866705d535dad8a71c
                0x000000000000835c       0x28 /home/lmh/SimplicityStudio/SDKs/gecko_sdk//platform/radio/rail_lib/autogen/librail_release/librail_efr32xg12_gcc_release.a(rail_ieee802154_rf_hal.o)
                0x000000000000835c                RAILINT_c2c93ba824178e866705d535dad8a71c
 .text.RAILINT_bd523e50f8dd0476bd448bb4ab0a0bba
                0x0000000000008384       0x34 /home/lmh/SimplicityStudio/SDKs/gecko_sdk//platform/radio/rail_lib/autogen/librail_release/librail_efr32xg12_gcc_release.a(rail_ieee802154_rf_hal.o)
                0x0000000000008384                RAILINT_bd523e50f8dd0476bd448bb4ab0a0bba
 .text.RAILINT_98bbf79a9d5372aef3bfc63b8029e5b5
                0x00000000000083b8       0x44 /home/lmh/SimplicityStudio/SDKs/gecko_sdk//platform/radio/rail_lib/autogen/librail_release/librail_efr32xg12_gcc_release.a(rail_ieee802154_rf_hal.o)
                0x00000000000083b8                RAILINT_98bbf79a9d5372aef3bfc63b8029e5b5
 .text.RAILINT_09a440238e42f3c6b2dc51081f7f5e24
                0x00000000000083fc       0x18 /home/lmh/SimplicityStudio/SDKs/gecko_sdk//platform/radio/rail_lib/autogen/librail_release/librail_efr32xg12_gcc_release.a(rail_ieee802154_rf_hal.o)
                0x00000000000083fc                RAILINT_09a440238e42f3c6b2dc51081f7f5e24
 .text.RAILINT_4ba0fcf40ef9ac3b03e591eab1bfcbb7
                0x0000000000008414       0x24 /home/lmh/SimplicityStudio/SDKs/gecko_sdk//platform/radio/rail_lib/autogen/librail_release/librail_efr32xg12_gcc_release.a(rail_ble_rf_hal.o)
                0x0000000000008414                RAILINT_4ba0fcf40ef9ac3b03e591eab1bfcbb7
 .text.RAILINT_6bad1785a3589015506e2c42f8453d99
                0x0000000000008438       0x2c /home/lmh/SimplicityStudio/SDKs/gecko_sdk//platform/radio/rail_lib/autogen/librail_release/librail_efr32xg12_gcc_release.a(rail_ble_rf_hal.o)
                0x0000000000008438                RAILINT_6bad1785a3589015506e2c42f8453d99
 .text.RAILINT_5f35beb025c47a589aa3ed9bbfc5d0b9
                0x0000000000008464       0x2c /home/lmh/SimplicityStudio/SDKs/gecko_sdk//platform/radio/rail_lib/autogen/librail_release/librail_efr32xg12_gcc_release.a(rail_ble_rf_hal.o)
                0x0000000000008464                RAILINT_5f35beb025c47a589aa3ed9bbfc5d0b9
 .text.RAILINT_87353ca7452e06f038af53dfba84b324
                0x0000000000008490       0x30 /home/lmh/SimplicityStudio/SDKs/gecko_sdk//platform/radio/rail_lib/autogen/librail_release/librail_efr32xg12_gcc_release.a(rail_ble_rf_hal.o)
                0x0000000000008490                RAILINT_87353ca7452e06f038af53dfba84b324
 .text          0x00000000000084c0       0x30 /home/lmh/SimplicityStudio_v5/developer/toolchains/gnu_arm/12.2.rel1_2023.7/bin/../lib/gcc/arm-none-eabi/12.2.1/thumb/v7e-m+fp/softfp/libgcc.a(_aeabi_uldivmod.o)
                0x00000000000084c0                __aeabi_uldivmod
 .text.__udivmoddi4
                0x00000000000084f0      0x2bc /home/lmh/SimplicityStudio_v5/developer/toolchains/gnu_arm/12.2.rel1_2023.7/bin/../lib/gcc/arm-none-eabi/12.2.1/thumb/v7e-m+fp/softfp/libgcc.a(_udivmoddi4.o)
                0x00000000000084f0                __udivmoddi4
 .text          0x00000000000087ac        0x4 /home/lmh/SimplicityStudio_v5/developer/toolchains/gnu_arm/12.2.rel1_2023.7/bin/../lib/gcc/arm-none-eabi/12.2.1/thumb/v7e-m+fp/softfp/libgcc.a(_dvmd_tls.o)
                0x00000000000087ac                __aeabi_ldiv0
                0x00000000000087ac                __aeabi_idiv0
 .text.exit     0x00000000000087b0       0x24 /home/lmh/SimplicityStudio_v5/developer/toolchains/gnu_arm/12.2.rel1_2023.7/bin/../lib/gcc/arm-none-eabi/12.2.1/../../../../arm-none-eabi/lib/thumb/v7e-m+fp/softfp/libc_nano.a(libc_a-exit.o)
                0x00000000000087b0                exit
 .text.__libc_init_array
                0x00000000000087d4       0x48 /home/lmh/SimplicityStudio_v5/developer/toolchains/gnu_arm/12.2.rel1_2023.7/bin/../lib/gcc/arm-none-eabi/12.2.1/../../../../arm-none-eabi/lib/thumb/v7e-m+fp/softfp/libc_nano.a(libc_a-init.o)
                0x00000000000087d4                __libc_init_array
 .text.vprintf  0x000000000000881c       0x14 /home/lmh/SimplicityStudio_v5/developer/toolchains/gnu_arm/12.2.rel1_2023.7/bin/../lib/gcc/arm-none-eabi/12.2.1/../../../../arm-none-eabi/lib/thumb/v7e-m+fp/softfp/libc_nano.a(libc_a-vprintf.o)
                0x000000000000881c                vprintf
                0x000000000000881c                viprintf