Archive member included to satisfy reference by file (symbol)

/home/lmh/SimplicityStudio_v5/developer/toolchains/gnu_arm/12.2.rel1_2023.7/bin/../lib/gcc/arm-none-eabi/12.2.1/thumb/v7e-m+fp/softfp/libgcc.a(_aeabi_uldivmod.o)
                              ./emlib/em_usart.o (__aeabi_uldivmod)
/home/lmh/SimplicityStudio_v5/developer/toolchains/gnu_arm/12.2.rel1_2023.7/bin/../lib/gcc/arm-none-eabi/12.2.1/thumb/v7e-m+fp/softfp/libgcc.a(_udivmoddi4.o)
                              /home/lmh/SimplicityStudio_v5/developer/toolchains/gnu_arm/12.2.rel1_2023.7/bin/../lib/gcc/arm-none-eabi/12.2.1/thumb/v7e-m+fp/softfp/libgcc.a(_aeabi_uldivmod.o) (__udivmoddi4)
/home/lmh/SimplicityStudio_v5/developer/toolchains/gnu_arm/12.2.rel1_2023.7/bin/../lib/gcc/arm-none-eabi/12.2.1/thumb/v7e-m+fp/softfp/libgcc.a(unwind-arm.o)
                              ./CMSIS/EFR32FG12P/startup_efr32fg12p.o (__aeabi_unwind_cpp_pr0)
/home/lmh/SimplicityStudio_v5/developer/toolchains/gnu_arm/12.2.rel1_2023.7/bin/../lib/gcc/arm-none-eabi/12.2.1/thumb/v7e-m+fp/softfp/libgcc.a(libunwind.o)
                              /home/lmh/SimplicityStudio_v5/developer/toolchains/gnu_arm/12.2.rel1_2023.7/bin/../lib/gcc/arm-none-eabi/12.2.1/thumb/v7e-m+fp/softfp/libgcc.a(unwind-arm.o) (restore_core_regs)
/home/lmh/SimplicityStudio_v5/developer/toolchains/gnu_arm/12.2.rel1_2023.7/bin/../lib/gcc/arm-none-eabi/12.2.1/thumb/v7e-m+fp/softfp/libgcc.a(pr-support.o)
                              /home/lmh/SimplicityStudio_v5/developer/toolchains/gnu_arm/12.2.rel1_2023.7/bin/../lib/gcc/arm-none-eabi/12.2.1/thumb/v7e-m+fp/softfp/libgcc.a(unwind-arm.o) (__gnu_unwind_execute)
/home/lmh/SimplicityStudio_v5/developer/toolchains/gnu_arm/12.2.rel1_2023.7/bin/../lib/gcc/arm-none-eabi/12.2.1/thumb/v7e-m+fp/softfp/libgcc.a(_dvmd_tls.o)
                              /home/lmh/SimplicityStudio_v5/developer/toolchains/gnu_arm/12.2.rel1_2023.7/bin/../lib/gcc/arm-none-eabi/12.2.1/thumb/v7e-m+fp/softfp/libgcc.a(_aeabi_uldivmod.o) (__aeabi_ldiv0)
/home/lmh/SimplicityStudio_v5/developer/toolchains/gnu_arm/12.2.rel1_2023.7/bin/../lib/gcc/arm-none-eabi/12.2.1/../../../../arm-none-eabi/lib/thumb/v7e-m+fp/softfp/libc_nano.a(libc_a-exit.o)
                              /home/lmh/SimplicityStudio_v5/developer/toolchains/gnu_arm/12.2.rel1_2023.7/bin/../lib/gcc/arm-none-eabi/12.2.1/../../../../arm-none-eabi/lib/thumb/v7e-m+fp/softfp/crt0.o (exit)
/home/lmh/SimplicityStudio_v5/developer/toolchains/gnu_arm/12.2.rel1_2023.7/bin/../lib/gcc/arm-none-eabi/12.2.1/../../../../arm-none-eabi/lib/thumb/v7e-m+fp/softfp/libc_nano.a(libc_a-init.o)
                              /home/lmh/SimplicityStudio_v5/developer/toolchains/gnu_arm/12.2.rel1_2023.7/bin/../lib/gcc/arm-none-eabi/12.2.1/../../../../arm-none-eabi/lib/thumb/v7e-m+fp/softfp/crt0.o (__libc_init_array)
/home/lmh/SimplicityStudio_v5/developer/toolchains/gnu_arm/12.2.rel1_2023.7/bin/../lib/gcc/arm-none-eabi/12.2.1/../../../../arm-none-eabi/lib/thumb/v7e-m+fp/softfp/libc_nano.a(libc_a-memcpy-stub.o)
                              /home/lmh/SimplicityStudio_v5/developer/toolchains/gnu_arm/12.2.rel1_2023.7/bin/../lib/gcc/arm-none-eabi/12.2.1/thumb/v7e-m+fp/softfp/libgcc.a(unwind-arm.o) (memcpy)
/home/lmh/SimplicityStudio_v5/developer/toolchains/gnu_arm/12.2.rel1_2023.7/bin/../lib/gcc/arm-none-eabi/12.2.1/../../../../arm-none-eabi/lib/thumb/v7e-m+fp/softfp/libc_nano.a(libc_a-abort.o)
                              /home/lmh/SimplicityStudio_v5/developer/toolchains/gnu_arm/12.2.rel1_2023.7/bin/../lib/gcc/arm-none-eabi/12.2.1/thumb/v7e-m+fp/softfp/libgcc.a(pr-support.o) (abort)
/home/lmh/SimplicityStudio_v5/developer/toolchains/gnu_arm/12.2.rel1_2023.7/bin/../lib/gcc/arm-none-eabi/12.2.1/../../../../arm-none-eabi/lib/thumb/v7e-m+fp/softfp/libc_nano.a(libc_a-findfp.o)
                              /home/lmh/SimplicityStudio_v5/developer/toolchains/gnu_arm/12.2.rel1_2023.7/bin/../lib/gcc/arm-none-eabi/12.2.1/../../../../arm-none-eabi/lib/thumb/v7e-m+fp/softfp/libc_nano.a(libc_a-exit.o) (__stdio_exit_handler)
/home/lmh/SimplicityStudio_v5/developer/toolchains/gnu_arm/12.2.rel1_2023.7/bin/../lib/gcc/arm-none-eabi/12.2.1/../../../../arm-none-eabi/lib/thumb/v7e-m+fp/softfp/libc_nano.a(libc_a-stdio.o)
                              /home/lmh/SimplicityStudio_v5/developer/toolchains/gnu_arm/12.2.rel1_2023.7/bin/../lib/gcc/arm-none-eabi/12.2.1/../../../../arm-none-eabi/lib/thumb/v7e-m+fp/softfp/libc_nano.a(libc_a-findfp.o) (__sread)
/home/lmh/SimplicityStudio_v5/developer/toolchains/gnu_arm/12.2.rel1_2023.7/bin/../lib/gcc/arm-none-eabi/12.2.1/../../../../arm-none-eabi/lib/thumb/v7e-m+fp/softfp/libc_nano.a(libc_a-writer.o)
                              /home/lmh/SimplicityStudio_v5/developer/toolchains/gnu_arm/12.2.rel1_2023.7/bin/../lib/gcc/arm-none-eabi/12.2.1/../../../../arm-none-eabi/lib/thumb/v7e-m+fp/softfp/libc_nano.a(libc_a-stdio.o) (_write_r)
[...]
Memory Configuration

Name             Origin             Length             Attributes
FLASH            0x0000000000000000 0x0000000000100000 xr
RAM              0x0000000020000000 0x0000000000040000 xrw
*default*        0x0000000000000000 0xffffffffffffffff

Linker script and memory map

LOAD /home/lmh/SimplicityStudio_v5/developer/toolchains/gnu_arm/12.2.rel1_2023.7/bin/../lib/gcc/arm-none-eabi/12.2.1/thumb/v7e-m+fp/softfp/crti.o
LOAD /home/lmh/SimplicityStudio_v5/developer/toolchains/gnu_arm/12.2.rel1_2023.7/bin/../lib/gcc/arm-none-eabi/12.2.1/thumb/v7e-m+fp/softfp/crtbegin.o
LOAD /home/lmh/SimplicityStudio_v5/developer/toolchains/gnu_arm/12.2.rel1_2023.7/bin/../lib/gcc/arm-none-eabi/12.2.1/../../../../arm-none-eabi/lib/thumb/v7e-m+fp/softfp/crt0.o
LOAD ./CMSIS/EFR32FG12P/startup_efr32fg12p.o
LOAD ./CMSIS/EFR32FG12P/system_efr32fg12p.o
LOAD ./emlib/em_cmu.o
LOAD ./emlib/em_core.o
LOAD ./emlib/em_emu.o
LOAD ./emlib/em_gpio.o
LOAD ./emlib/em_system.o
LOAD ./emlib/em_usart.o
LOAD ./src/main_s1_xg12.o
LOAD ./src/sl_syscalls.o
START GROUP
LOAD /home/lmh/SimplicityStudio_v5/developer/toolchains/gnu_arm/12.2.rel1_2023.7/bin/../lib/gcc/arm-none-eabi/12.2.1/thumb/v7e-m+fp/softfp/libgcc.a
LOAD /home/lmh/SimplicityStudio_v5/developer/toolchains/gnu_arm/12.2.rel1_2023.7/bin/../lib/gcc/arm-none-eabi/12.2.1/../../../../arm-none-eabi/lib/thumb/v7e-m+fp/softfp/libc_nano.a
LOAD /home/lmh/SimplicityStudio_v5/developer/toolchains/gnu_arm/12.2.rel1_2023.7/bin/../lib/gcc/arm-none-eabi/12.2.1/../../../../arm-none-eabi/lib/thumb/v7e-m+fp/softfp/libnosys.a
END GROUP
START GROUP
LOAD /home/lmh/SimplicityStudio_v5/developer/toolchains/gnu_arm/12.2.rel1_2023.7/bin/../lib/gcc/arm-none-eabi/12.2.1/thumb/v7e-m+fp/softfp/libgcc.a
LOAD /home/lmh/SimplicityStudio_v5/developer/toolchains/gnu_arm/12.2.rel1_2023.7/bin/../lib/gcc/arm-none-eabi/12.2.1/../../../../arm-none-eabi/lib/thumb/v7e-m+fp/softfp/libg_nano.a
LOAD /home/lmh/SimplicityStudio_v5/developer/toolchains/gnu_arm/12.2.rel1_2023.7/bin/../lib/gcc/arm-none-eabi/12.2.1/../../../../arm-none-eabi/lib/thumb/v7e-m+fp/softfp/libc_nano.a
END GROUP
START GROUP
LOAD /home/lmh/SimplicityStudio_v5/developer/toolchains/gnu_arm/12.2.rel1_2023.7/bin/../lib/gcc/arm-none-eabi/12.2.1/thumb/v7e-m+fp/softfp/libgcc.a
LOAD /home/lmh/SimplicityStudio_v5/developer/toolchains/gnu_arm/12.2.rel1_2023.7/bin/../lib/gcc/arm-none-eabi/12.2.1/../../../../arm-none-eabi/lib/thumb/v7e-m+fp/softfp/libc_nano.a
END GROUP
LOAD /home/lmh/SimplicityStudio_v5/developer/toolchains/gnu_arm/12.2.rel1_2023.7/bin/../lib/gcc/arm-none-eabi/12.2.1/thumb/v7e-m+fp/softfp/crtend.o
LOAD /home/lmh/SimplicityStudio_v5/developer/toolchains/gnu_arm/12.2.rel1_2023.7/bin/../lib/gcc/arm-none-eabi/12.2.1/thumb/v7e-m+fp/softfp/crtn.o

.text           0x0000000000000000     0x43cc
 *(.vectors)
 .vectors       0x0000000000000000      0x3c0 ./CMSIS/EFR32FG12P/startup_efr32fg12p.o
                0x0000000000000000                __Vectors
                0x00000000000003c0                __Vectors_End = .
                0x00000000000003c0                __Vectors_Size = (__Vectors_End - __Vectors)
                0x0000000020000068                __end__ = .
 *(.text*)
 .text.deregister_tm_clones
                0x00000000000003c0       0x1c /home/lmh/SimplicityStudio_v5/developer/toolchains/gnu_arm/12.2.rel1_2023.7/bin/../lib/gcc/arm-none-eabi/12.2.1/thumb/v7e-m+fp/softfp/crtbegin.o
 .text.register_tm_clones
                0x00000000000003dc       0x24 /home/lmh/SimplicityStudio_v5/developer/toolchains/gnu_arm/12.2.rel1_2023.7/bin/../lib/gcc/arm-none-eabi/12.2.1/thumb/v7e-m+fp/softfp/crtbegin.o
 .text.__do_global_dtors_aux
                0x0000000000000400       0x28 /home/lmh/SimplicityStudio_v5/developer/toolchains/gnu_arm/12.2.rel1_2023.7/bin/../lib/gcc/arm-none-eabi/12.2.1/thumb/v7e-m+fp/softfp/crtbegin.o
 .text.frame_dummy
                0x0000000000000428       0x24 /home/lmh/SimplicityStudio_v5/developer/toolchains/gnu_arm/12.2.rel1_2023.7/bin/../lib/gcc/arm-none-eabi/12.2.1/thumb/v7e-m+fp/softfp/crtbegin.o
 .text          0x000000000000044c       0x7c /home/lmh/SimplicityStudio_v5/developer/toolchains/gnu_arm/12.2.rel1_2023.7/bin/../lib/gcc/arm-none-eabi/12.2.1/../../../../arm-none-eabi/lib/thumb/v7e-m+fp/softfp/crt0.o
                0x000000000000044c                _stack_init
                0x0000000000000454                _mainCRTStartup
                0x0000000000000454                _start
 .text          0x00000000000004c8       0x54 ./CMSIS/EFR32FG12P/startup_efr32fg12p.o
                0x00000000000004c8                Reset_Handler
                0x0000000000000508                HardFault_Handler
                0x000000000000050a                DebugMon_Handler
                0x000000000000050a                USART0_TX_IRQHandler
                0x000000000000050a                I2C0_IRQHandler
                0x000000000000050a                SysTick_Handler
                0x000000000000050a                USART1_RX_IRQHandler
                0x000000000000050a                PendSV_Handler
                0x000000000000050a                NMI_Handler
                0x000000000000050a                SYNTH_IRQHandler
                0x000000000000050a                I2C1_IRQHandler
                0x000000000000050a                WTIMER0_IRQHandler
                0x000000000000050a                CRYPTO0_IRQHandler
                0x000000000000050a                WDOG0_IRQHandler
                0x000000000000050a                USART1_TX_IRQHandler
                0x000000000000050a                SMU_IRQHandler
                0x000000000000050a                MSC_IRQHandler
                0x000000000000050a                ADC0_IRQHandler
                0x000000000000050a                UsageFault_Handler
                0x000000000000050a                WDOG1_IRQHandler
                0x000000000000050a                LEUART0_IRQHandler
                0x000000000000050a                FPUEH_IRQHandler
                0x000000000000050a                WTIMER1_IRQHandler
                0x000000000000050a                GPIO_EVEN_IRQHandler
                0x000000000000050a                VDAC0_IRQHandler
                0x000000000000050a                LDMA_IRQHandler
                0x000000000000050a                CSEN_IRQHandler
                0x000000000000050a                CRYPTO1_IRQHandler
                0x000000000000050a                TIMER0_IRQHandler
                0x000000000000050a                PCNT2_IRQHandler
                0x000000000000050a                LETIMER0_IRQHandler
                0x000000000000050a                TIMER1_IRQHandler
                0x000000000000050a                TRNG0_IRQHandler
                0x000000000000050a                RFSENSE_IRQHandler
                0x000000000000050a                BUFC_IRQHandler
                0x000000000000050a                MODEM_IRQHandler
                0x000000000000050a                Default_Handler
                0x000000000000050a                RAC_SEQ_IRQHandler
                0x000000000000050a                FRC_PRI_IRQHandler
                0x000000000000050a                EMU_IRQHandler
                0x000000000000050a                FRC_IRQHandler
                0x000000000000050a                CRYOTIMER_IRQHandler
                0x000000000000050a                PCNT0_IRQHandler
                0x000000000000050a                AGC_IRQHandler
                0x000000000000050a                PCNT1_IRQHandler
                0x000000000000050a                ACMP0_IRQHandler
                0x000000000000050a                USART0_RX_IRQHandler
                0x000000000000050a                MemManage_Handler
                0x000000000000050a                SVC_Handler
                0x000000000000050a                USART3_RX_IRQHandler
                0x000000000000050a                RTCC_IRQHandler
                0x000000000000050a                CMU_IRQHandler
                0x000000000000050a                RAC_RSM_IRQHandler
                0x000000000000050a                LESENSE_IRQHandler
                0x000000000000050a                USART3_TX_IRQHandler
                0x000000000000050a                PROTIMER_IRQHandler
                0x000000000000050a                BusFault_Handler
                0x000000000000050a                USART2_TX_IRQHandler
                0x000000000000050a                IDAC0_IRQHandler
 .text.SystemCoreClockGet
                0x000000000000051c       0x40 ./CMSIS/EFR32FG12P/system_efr32fg12p.o
                0x000000000000051c                SystemCoreClockGet
 .text.SystemMaxCoreClockGet
                0x000000000000055c       0x14 ./CMSIS/EFR32FG12P/system_efr32fg12p.o
                0x000000000000055c                SystemMaxCoreClockGet
 .text.SystemHFClockGet
                0x0000000000000570       0x88 ./CMSIS/EFR32FG12P/system_efr32fg12p.o
                0x0000000000000570                SystemHFClockGet
 .text.SystemHFXOClockGet
                0x00000000000005f8       0x18 ./CMSIS/EFR32FG12P/system_efr32fg12p.o
                0x00000000000005f8                SystemHFXOClockGet
 .text.SystemInit
                0x0000000000000610       0x2c ./CMSIS/EFR32FG12P/system_efr32fg12p.o
                0x0000000000000610                SystemInit
 .text.SystemLFRCOClockGet
                0x000000000000063c       0x12 ./CMSIS/EFR32FG12P/system_efr32fg12p.o
                0x000000000000063c                SystemLFRCOClockGet
 .text.SystemULFRCOClockGet
                0x000000000000064e       0x12 ./CMSIS/EFR32FG12P/system_efr32fg12p.o
                0x000000000000064e                SystemULFRCOClockGet
 .text.SystemLFXOClockGet
                0x0000000000000660       0x18 ./CMSIS/EFR32FG12P/system_efr32fg12p.o
                0x0000000000000660                SystemLFXOClockGet
 .text.SL_Log2ToDiv
                0x0000000000000678       0x1c ./emlib/em_cmu.o
 .text.BUS_RegBitWrite
                0x0000000000000694       0x32 ./emlib/em_cmu.o
 .text.BUS_RegBitRead
                0x00000000000006c6       0x2e ./emlib/em_cmu.o
 .text.EMU_LDOStatusGet
                0x00000000000006f4       0x24 ./emlib/em_cmu.o
 .text.EMU_VScaleWait
                0x0000000000000718       0x30 ./emlib/em_cmu.o
 .text.EMU_VScaleGet
                0x0000000000000748       0x1c ./emlib/em_cmu.o
 .text.MSC_LockGetLocked
                0x0000000000000764       0x24 ./emlib/em_cmu.o
 .text.MSC_LockSetLocked
                0x0000000000000788       0x18 ./emlib/em_cmu.o
 .text.MSC_LockSetUnlocked
                0x00000000000007a0       0x1c ./emlib/em_cmu.o
 .text.MSC_ReadCTRLGet
                0x00000000000007bc       0x18 ./emlib/em_cmu.o
 .text.MSC_ReadCTRLSet
                0x00000000000007d4       0x20 ./emlib/em_cmu.o
 .text.setHfLeConfig
                0x00000000000007f4       0x64 ./emlib/em_cmu.o
 .text.auxClkGet
                0x0000000000000858       0x20 ./emlib/em_cmu.o
 .text.hfSrcClkGet
                0x0000000000000878       0x2c ./emlib/em_cmu.o
 .text.dbgClkGet
                0x00000000000008a4       0x40 ./emlib/em_cmu.o
 .text.adcAsyncClkGet
                0x00000000000008e4       0x80 ./emlib/em_cmu.o
 .text.flashWaitStateControl
                0x0000000000000964       0x8c ./emlib/em_cmu.o
 .text.flashWaitStateMax
                0x00000000000009f0       0x32 ./emlib/em_cmu.o
 .text.CMU_UpdateWaitStates
                0x0000000000000a22       0x30 ./emlib/em_cmu.o
                0x0000000000000a22                CMU_UpdateWaitStates
 .text.getRegIshUpperVal
                0x0000000000000a52       0x36 ./emlib/em_cmu.o
 .text.getHfxoTuningMode
                0x0000000000000a88       0x1c ./emlib/em_cmu.o
 .text.setHfxoTuningMode
                0x0000000000000aa4       0x2c ./emlib/em_cmu.o
 .text.lfClkGet
                0x0000000000000ad0      0x110 ./emlib/em_cmu.o
 .text.syncReg  0x0000000000000be0       0x38 ./emlib/em_cmu.o
 .text.hfperClkSafePrescaler
                0x0000000000000c18        0xe ./emlib/em_cmu.o
 .text.hfperClkOptimizedPrescaler
                0x0000000000000c26        0xe ./emlib/em_cmu.o
 .text.CMU_ClockDivGet
                0x0000000000000c34       0x1a ./emlib/em_cmu.o
                0x0000000000000c34                CMU_ClockDivGet
 *fill*         0x0000000000000c4e        0x2 
 .text.CMU_ClockEnable
                0x0000000000000c50       0xcc ./emlib/em_cmu.o
                0x0000000000000c50                CMU_ClockEnable
 .text.CMU_ClockFreqGet
                0x0000000000000d1c      0x284 ./emlib/em_cmu.o
                0x0000000000000d1c                CMU_ClockFreqGet
 .text.CMU_ClockPrescGet
                0x0000000000000fa0      0x198 ./emlib/em_cmu.o
                0x0000000000000fa0                CMU_ClockPrescGet
 .text.CMU_ClockSelectGet
                0x0000000000001138      0x1d0 ./emlib/em_cmu.o
                0x0000000000001138                CMU_ClockSelectGet
 .text.CMU_ClockSelectSet
                0x0000000000001308      0x2ec ./emlib/em_cmu.o
                0x0000000000001308                CMU_ClockSelectSet
 .text.CMU_HFRCOBandGet
                0x00000000000015f4       0x18 ./emlib/em_cmu.o
                0x00000000000015f4                CMU_HFRCOBandGet
 .text.CMU_HFXOInit
                0x000000000000160c       0xbc ./emlib/em_cmu.o
                0x000000000000160c                CMU_HFXOInit
 .text.CMU_OscillatorEnable
                0x00000000000016c8      0x1a0 ./emlib/em_cmu.o
                0x00000000000016c8                CMU_OscillatorEnable
 .text.CMU_OscillatorTuningGet
                0x0000000000001868       0x84 ./emlib/em_cmu.o
                0x0000000000001868                CMU_OscillatorTuningGet
 .text.CMU_OscillatorTuningSet
                0x00000000000018ec      0x140 ./emlib/em_cmu.o
                0x00000000000018ec                CMU_OscillatorTuningSet
 .text.CMU_OscillatorTuningWait
                0x0000000000001a2c       0x98 ./emlib/em_cmu.o
                0x0000000000001a2c                CMU_OscillatorTuningWait
 .text.CMU_OscillatorTuningOptimize
                0x0000000000001ac4       0x54 ./emlib/em_cmu.o
                0x0000000000001ac4                CMU_OscillatorTuningOptimize
 .text.CORE_EnterCritical
                0x0000000000001b18       0x22 ./emlib/em_core.o
                0x0000000000001b18                CORE_EnterCritical
 .text.CORE_ExitCritical
                0x0000000000001b3a       0x1e ./emlib/em_core.o
                0x0000000000001b3a                CORE_ExitCritical
 .text.BUS_RegBitWrite
                0x0000000000001b58       0x32 ./emlib/em_emu.o
 .text.BUS_RegBitRead
                0x0000000000001b8a       0x2e ./emlib/em_emu.o
 .text.EMU_LDOStatusGet
                0x0000000000001bb8       0x24 ./emlib/em_emu.o
 .text.EMU_VScaleWait
                0x0000000000001bdc       0x30 ./emlib/em_emu.o
 .text.EMU_VScaleGet
                0x0000000000001c0c       0x1c ./emlib/em_emu.o
 .text.EMU_IntClear
                0x0000000000001c28       0x20 ./emlib/em_emu.o
 .text.EMU_IntGet
                0x0000000000001c48       0x18 ./emlib/em_emu.o
 .text.EMU_PowerLock
                0x0000000000001c60       0x18 ./emlib/em_emu.o
 .text.EMU_PowerUnlock
                0x0000000000001c78       0x1c ./emlib/em_emu.o
 .text.vScaleEM01Cmd
                0x0000000000001c94       0x22 ./emlib/em_emu.o
 *fill*         0x0000000000001cb6        0x2 
 .text.EMU_VScaleEM01ByClock
                0x0000000000001cb8       0x84 ./emlib/em_emu.o
                0x0000000000001cb8                EMU_VScaleEM01ByClock
 .text.EMU_VScaleEM01
                0x0000000000001d3c       0x98 ./emlib/em_emu.o
                0x0000000000001d3c                EMU_VScaleEM01
 .text.dcdcConstCalibrationLoad
                0x0000000000001dd4       0x10 ./emlib/em_emu.o
 .text.dcdcValidatedConfigSet
                0x0000000000001de4       0x40 ./emlib/em_emu.o
 .text.currentLimitersUpdate
                0x0000000000001e24       0xe8 ./emlib/em_emu.o
 .text.userCurrentLimitsSet
                0x0000000000001f0c       0x30 ./emlib/em_emu.o
 .text.compCtrlSet
                0x0000000000001f3c       0x40 ./emlib/em_emu.o
 .text.lpCmpHystCalibrationLoad
                0x0000000000001f7c       0xd0 ./emlib/em_emu.o
 .text.lpGetDevinfoVrefLowHigh
                0x000000000000204c      0x18c ./emlib/em_emu.o
 .text.EMU_DCDCInit
                0x00000000000021d8      0x138 ./emlib/em_emu.o
                0x00000000000021d8                EMU_DCDCInit
 .text.EMU_DCDCModeSet
                0x0000000000002310      0x10c ./emlib/em_emu.o
                0x0000000000002310                EMU_DCDCModeSet
 .text.EMU_DCDCOutputVoltageSet
                0x000000000000241c      0x2ac ./emlib/em_emu.o
                0x000000000000241c                EMU_DCDCOutputVoltageSet
 .text.EMU_DCDCOptimizeSlice
                0x00000000000026c8       0xd8 ./emlib/em_emu.o
                0x00000000000026c8                EMU_DCDCOptimizeSlice
 .text.EMU_DCDCLnRcoBandSet
                0x00000000000027a0       0x54 ./emlib/em_emu.o
                0x00000000000027a0                EMU_DCDCLnRcoBandSet
 .text.BUS_RegBitWrite
                0x00000000000027f4       0x32 ./emlib/em_gpio.o
 .text.BUS_RegMaskedSet
                0x0000000000002826       0x24 ./emlib/em_gpio.o
 .text.BUS_RegMaskedClear
                0x000000000000284a       0x24 ./emlib/em_gpio.o
 .text.BUS_RegMaskedWrite
                0x000000000000286e       0x36 ./emlib/em_gpio.o
 .text.GPIO_IntClear
                0x00000000000028a4       0x20 ./emlib/em_gpio.o
 .text.GPIO_PinOutClear
                0x00000000000028c4       0x78 ./emlib/em_gpio.o
 .text.GPIO_PinOutSet
                0x000000000000293c       0x78 ./emlib/em_gpio.o
 .text.GPIO_ExtIntConfig
                0x00000000000029b4      0x140 ./emlib/em_gpio.o
                0x00000000000029b4                GPIO_ExtIntConfig
 .text.GPIO_PinModeSet
                0x0000000000002af4      0x108 ./emlib/em_gpio.o
                0x0000000000002af4                GPIO_PinModeSet
 .text.SYSTEM_GetProdRev
                0x0000000000002bfc       0x1c ./emlib/em_system.o
                0x0000000000002bfc                SYSTEM_GetProdRev
 .text.prsRxInput
                0x0000000000002c18       0x26 ./emlib/em_usart.o
 *fill*         0x0000000000002c3e        0x2 
 .text.USART_BaudrateSyncSet
                0x0000000000002c40       0x40 ./emlib/em_usart.o
                0x0000000000002c40                USART_BaudrateSyncSet
 .text.USART_Enable
                0x0000000000002c80       0x64 ./emlib/em_usart.o
                0x0000000000002c80                USART_Enable
 .text.USART_InitSync
                0x0000000000002ce4      0x114 ./emlib/em_usart.o
                0x0000000000002ce4                USART_InitSync
 .text.USART_Reset
                0x0000000000002df8       0xd0 ./emlib/em_usart.o
                0x0000000000002df8                USART_Reset
 .text.__NVIC_EnableIRQ
                0x0000000000002ec8       0x3c ./src/main_s1_xg12.o
 .text.__NVIC_ClearPendingIRQ
                0x0000000000002f04       0x3c ./src/main_s1_xg12.o
 .text.BUS_RegMaskedSet
                0x0000000000002f40       0x24 ./src/main_s1_xg12.o
 .text.BUS_RegMaskedClear
                0x0000000000002f64       0x24 ./src/main_s1_xg12.o
 .text.CHIP_Init
                0x0000000000002f88       0x80 ./src/main_s1_xg12.o
 .text.GPIO_IntClear
                0x0000000000003008       0x20 ./src/main_s1_xg12.o
 .text.GPIO_IntDisable
                0x0000000000003028       0x1c ./src/main_s1_xg12.o
 .text.GPIO_IntEnable
                0x0000000000003044       0x1c ./src/main_s1_xg12.o
 .text.GPIO_PinOutClear
                0x0000000000003060       0x78 ./src/main_s1_xg12.o
 .text.GPIO_PinOutSet
                0x00000000000030d8       0x78 ./src/main_s1_xg12.o
 .text.EMU_EnterEM1
                0x0000000000003150       0x20 ./src/main_s1_xg12.o
 .text.USART_IntDisable
                0x0000000000003170       0x24 ./src/main_s1_xg12.o
 .text.USART_IntEnable
                0x0000000000003194       0x22 ./src/main_s1_xg12.o
 *fill*         0x00000000000031b6        0x2 
 .text.initGPIO
                0x00000000000031b8       0x74 ./src/main_s1_xg12.o
                0x00000000000031b8                initGPIO
 .text.initUSART2
                0x000000000000322c       0x64 ./src/main_s1_xg12.o
                0x000000000000322c                initUSART2
 .text.GPIO_ODD_IRQHandler
                0x0000000000003290       0x10 ./src/main_s1_xg12.o
                0x0000000000003290                GPIO_ODD_IRQHandler
 .text.USART2_RX_IRQHandler
                0x00000000000032a0       0x50 ./src/main_s1_xg12.o
                0x00000000000032a0                USART2_RX_IRQHandler
 .text.main     0x00000000000032f0      0x11c ./src/main_s1_xg12.o
                0x00000000000032f0                main
 .text._exit    0x000000000000340c        0xc ./src/sl_syscalls.o
                0x000000000000340c                _exit
 .text.selfrel_offset31
                0x0000000000003418       0x14 /home/lmh/SimplicityStudio_v5/developer/toolchains/gnu_arm/12.2.rel1_2023.7/bin/../lib/gcc/arm-none-eabi/12.2.1/thumb/v7e-m+fp/softfp/libgcc.a(unwind-arm.o)
 .text.search_EIT_table
                0x000000000000342c       0x64 /home/lmh/SimplicityStudio_v5/developer/toolchains/gnu_arm/12.2.rel1_2023.7/bin/../lib/gcc/arm-none-eabi/12.2.1/thumb/v7e-m+fp/softfp/libgcc.a(unwind-arm.o)
 .text.__gnu_unwind_get_pr_addr
                0x0000000000003490       0x28 /home/lmh/SimplicityStudio_v5/developer/toolchains/gnu_arm/12.2.rel1_2023.7/bin/../lib/gcc/arm-none-eabi/12.2.1/thumb/v7e-m+fp/softfp/libgcc.a(unwind-arm.o)
 .text.get_eit_entry
                0x00000000000034b8       0x94 /home/lmh/SimplicityStudio_v5/developer/toolchains/gnu_arm/12.2.rel1_2023.7/bin/../lib/gcc/arm-none-eabi/12.2.1/thumb/v7e-m+fp/softfp/libgcc.a(unwind-arm.o)
 .text.restore_non_core_regs
                0x000000000000354c       0x58 /home/lmh/SimplicityStudio_v5/developer/toolchains/gnu_arm/12.2.rel1_2023.7/bin/../lib/gcc/arm-none-eabi/12.2.1/thumb/v7e-m+fp/softfp/libgcc.a(unwind-arm.o)
 .text._Unwind_decode_typeinfo_ptr.constprop.0
                0x00000000000035a4        0xc /home/lmh/SimplicityStudio_v5/developer/toolchains/gnu_arm/12.2.rel1_2023.7/bin/../lib/gcc/arm-none-eabi/12.2.1/thumb/v7e-m+fp/softfp/libgcc.a(unwind-arm.o)
 .text._Unwind_DebugHook
                0x00000000000035b0        0x4 /home/lmh/SimplicityStudio_v5/developer/toolchains/gnu_arm/12.2.rel1_2023.7/bin/../lib/gcc/arm-none-eabi/12.2.1/thumb/v7e-m+fp/softfp/libgcc.a(unwind-arm.o)
 .text.unwind_phase2
                0x00000000000035b4       0x38 /home/lmh/SimplicityStudio_v5/developer/toolchains/gnu_arm/12.2.rel1_2023.7/bin/../lib/gcc/arm-none-eabi/12.2.1/thumb/v7e-m+fp/softfp/libgcc.a(unwind-arm.o)
 .text.unwind_phase2_forced
                0x00000000000035ec       0xd4 /home/lmh/SimplicityStudio_v5/developer/toolchains/gnu_arm/12.2.rel1_2023.7/bin/../lib/gcc/arm-none-eabi/12.2.1/thumb/v7e-m+fp/softfp/libgcc.a(unwind-arm.o)
 .text.__gnu_Unwind_RaiseException
                0x00000000000036c0       0x68 /home/lmh/SimplicityStudio_v5/developer/toolchains/gnu_arm/12.2.rel1_2023.7/bin/../lib/gcc/arm-none-eabi/12.2.1/thumb/v7e-m+fp/softfp/libgcc.a(unwind-arm.o)
                0x00000000000036c0                __gnu_Unwind_RaiseException
 .text.__gnu_Unwind_ForcedUnwind
                0x0000000000003728       0x10 /home/lmh/SimplicityStudio_v5/developer/toolchains/gnu_arm/12.2.rel1_2023.7/bin/../lib/gcc/arm-none-eabi/12.2.1/thumb/v7e-m+fp/softfp/libgcc.a(unwind-arm.o)
                0x0000000000003728                __gnu_Unwind_ForcedUnwind
 .text.__gnu_Unwind_Resume
                0x0000000000003738       0x40 /home/lmh/SimplicityStudio_v5/developer/toolchains/gnu_arm/12.2.rel1_2023.7/bin/../lib/gcc/arm-none-eabi/12.2.1/thumb/v7e-m+fp/softfp/libgcc.a(unwind-arm.o)
                0x0000000000003738                __gnu_Unwind_Resume
 .text.__gnu_Unwind_Resume_or_Rethrow
                0x0000000000003778       0x14 /home/lmh/SimplicityStudio_v5/developer/toolchains/gnu_arm/12.2.rel1_2023.7/bin/../lib/gcc/arm-none-eabi/12.2.1/thumb/v7e-m+fp/softfp/libgcc.a(unwind-arm.o)
                0x0000000000003778                __gnu_Unwind_Resume_or_Rethrow
 .text._Unwind_VRS_Get
                0x000000000000378c       0x30 /home/lmh/SimplicityStudio_v5/developer/toolchains/gnu_arm/12.2.rel1_2023.7/bin/../lib/gcc/arm-none-eabi/12.2.1/thumb/v7e-m+fp/softfp/libgcc.a(unwind-arm.o)
                0x000000000000378c                _Unwind_VRS_Get
 .text._Unwind_GetGR
                0x00000000000037bc       0x1c /home/lmh/SimplicityStudio_v5/developer/toolchains/gnu_arm/12.2.rel1_2023.7/bin/../lib/gcc/arm-none-eabi/12.2.1/thumb/v7e-m+fp/softfp/libgcc.a(unwind-arm.o)
 .text._Unwind_VRS_Set
                0x00000000000037d8       0x30 /home/lmh/SimplicityStudio_v5/developer/toolchains/gnu_arm/12.2.rel1_2023.7/bin/../lib/gcc/arm-none-eabi/12.2.1/thumb/v7e-m+fp/softfp/libgcc.a(unwind-arm.o)
                0x00000000000037d8                _Unwind_VRS_Set
 .text._Unwind_SetGR
                0x0000000000003808       0x18 /home/lmh/SimplicityStudio_v5/developer/toolchains/gnu_arm/12.2.rel1_2023.7/bin/../lib/gcc/arm-none-eabi/12.2.1/thumb/v7e-m+fp/softfp/libgcc.a(unwind-arm.o)
 .text.__gnu_Unwind_Backtrace
                0x0000000000003820       0x84 /home/lmh/SimplicityStudio_v5/developer/toolchains/gnu_arm/12.2.rel1_2023.7/bin/../lib/gcc/arm-none-eabi/12.2.1/thumb/v7e-m+fp/softfp/libgcc.a(unwind-arm.o)
                0x0000000000003820                __gnu_Unwind_Backtrace
 .text.__gnu_unwind_pr_common
                0x00000000000038a4      0x290 /home/lmh/SimplicityStudio_v5/developer/toolchains/gnu_arm/12.2.rel1_2023.7/bin/../lib/gcc/arm-none-eabi/12.2.1/thumb/v7e-m+fp/softfp/libgcc.a(unwind-arm.o)
 .text.__aeabi_unwind_cpp_pr0
                0x0000000000003b34        0x8 /home/lmh/SimplicityStudio_v5/developer/toolchains/gnu_arm/12.2.rel1_2023.7/bin/../lib/gcc/arm-none-eabi/12.2.1/thumb/v7e-m+fp/softfp/libgcc.a(unwind-arm.o)
                0x0000000000003b34                __aeabi_unwind_cpp_pr0
 .text.__aeabi_unwind_cpp_pr1
                0x0000000000003b3c        0x8 /home/lmh/SimplicityStudio_v5/developer/toolchains/gnu_arm/12.2.rel1_2023.7/bin/../lib/gcc/arm-none-eabi/12.2.1/thumb/v7e-m+fp/softfp/libgcc.a(unwind-arm.o)
                0x0000000000003b3c                __aeabi_unwind_cpp_pr1
 .text.__aeabi_unwind_cpp_pr2
                0x0000000000003b44        0x8 /home/lmh/SimplicityStudio_v5/developer/toolchains/gnu_arm/12.2.rel1_2023.7/bin/../lib/gcc/arm-none-eabi/12.2.1/thumb/v7e-m+fp/softfp/libgcc.a(unwind-arm.o)
                0x0000000000003b44                __aeabi_unwind_cpp_pr2
 .text._Unwind_VRS_Pop
                0x0000000000003b4c      0x2a8 /home/lmh/SimplicityStudio_v5/developer/toolchains/gnu_arm/12.2.rel1_2023.7/bin/../lib/gcc/arm-none-eabi/12.2.1/thumb/v7e-m+fp/softfp/libgcc.a(unwind-arm.o)
                0x0000000000003b4c                _Unwind_VRS_Pop
 .text          0x0000000000003df4      0x1ac /home/lmh/SimplicityStudio_v5/developer/toolchains/gnu_arm/12.2.rel1_2023.7/bin/../lib/gcc/arm-none-eabi/12.2.1/thumb/v7e-m+fp/softfp/libgcc.a(libunwind.o)
                0x0000000000003df4                __restore_core_regs
                0x0000000000003df4                restore_core_regs
                0x0000000000003e0c                __gnu_Unwind_Restore_VFP
                0x0000000000003e14                __gnu_Unwind_Save_VFP
                0x0000000000003e1c                __gnu_Unwind_Restore_VFP_D
                0x0000000000003e24                __gnu_Unwind_Save_VFP_D
                0x0000000000003e2c                __gnu_Unwind_Restore_VFP_D_16_to_31
                0x0000000000003e34                __gnu_Unwind_Save_VFP_D_16_to_31
                0x0000000000003e3c                __gnu_Unwind_Restore_WMMXD
                0x0000000000003e80                __gnu_Unwind_Save_WMMXD
                0x0000000000003ec4                __gnu_Unwind_Restore_WMMXC
                0x0000000000003ed8                __gnu_Unwind_Save_WMMXC
                0x0000000000003eec                ___Unwind_RaiseException
                0x0000000000003eec                _Unwind_RaiseException
                0x0000000000003f10                ___Unwind_Resume
                0x0000000000003f10                _Unwind_Resume
                0x0000000000003f34                _Unwind_Resume_or_Rethrow
                0x0000000000003f34                ___Unwind_Resume_or_Rethrow
                0x0000000000003f58                ___Unwind_ForcedUnwind
                0x0000000000003f58                _Unwind_ForcedUnwind
                0x0000000000003f7c                _Unwind_Backtrace
                0x0000000000003f7c                ___Unwind_Backtrace
 .text.next_unwind_byte
                0x0000000000003fa0       0x38 /home/lmh/SimplicityStudio_v5/developer/toolchains/gnu_arm/12.2.rel1_2023.7/bin/../lib/gcc/arm-none-eabi/12.2.1/thumb/v7e-m+fp/softfp/libgcc.a(pr-support.o)
 .text.__gnu_unwind_execute
                0x0000000000003fd8      0x2d4 /home/lmh/SimplicityStudio_v5/developer/toolchains/gnu_arm/12.2.rel1_2023.7/bin/../lib/gcc/arm-none-eabi/12.2.1/thumb/v7e-m+fp/softfp/libgcc.a(pr-support.o)
                0x0000000000003fd8                __gnu_unwind_execute
 .text.exit     0x00000000000042ac       0x24 /home/lmh/SimplicityStudio_v5/developer/toolchains/gnu_arm/12.2.rel1_2023.7/bin/../lib/gcc/arm-none-eabi/12.2.1/../../../../arm-none-eabi/lib/thumb/v7e-m+fp/softfp/libc_nano.a(libc_a-exit.o)
                0x00000000000042ac                exit
 .text.__libc_init_array
                0x00000000000042d0       0x48 /home/lmh/SimplicityStudio_v5/developer/toolchains/gnu_arm/12.2.rel1_2023.7/bin/../lib/gcc/arm-none-eabi/12.2.1/../../../../arm-none-eabi/lib/thumb/v7e-m+fp/softfp/libc_nano.a(libc_a-init.o)
                0x00000000000042d0                __libc_init_array
 .text.memcpy   0x0000000000004318       0x1c /home/lmh/SimplicityStudio_v5/developer/toolchains/gnu_arm/12.2.rel1_2023.7/bin/../lib/gcc/arm-none-eabi/12.2.1/../../../../arm-none-eabi/lib/thumb/v7e-m+fp/softfp/libc_nano.a(libc_a-memcpy-stub.o)
                0x0000000000004318                memcpy
 .text.memset   0x0000000000004334       0x10 /home/lmh/SimplicityStudio_v5/developer/toolchains/gnu_arm/12.2.rel1_2023.7/bin/../lib/gcc/arm-none-eabi/12.2.1/../../../../arm-none-eabi/lib/thumb/v7e-m+fp/softfp/libc_nano.a(libc_a-memset.o)
                0x0000000000004334                memset
 *(.init)
 .init          0x0000000000004344        0x4 /home/lmh/SimplicityStudio_v5/developer/toolchains/gnu_arm/12.2.rel1_2023.7/bin/../lib/gcc/arm-none-eabi/12.2.1/thumb/v7e-m+fp/softfp/crti.o
                0x0000000000004344                _init
 .init          0x0000000000004348        0x8 /home/lmh/SimplicityStudio_v5/developer/toolchains/gnu_arm/12.2.rel1_2023.7/bin/../lib/gcc/arm-none-eabi/12.2.1/thumb/v7e-m+fp/softfp/crtn.o
 *(.fini)
 .fini          0x0000000000004350        0x4 /home/lmh/SimplicityStudio_v5/developer/toolchains/gnu_arm/12.2.rel1_2023.7/bin/../lib/gcc/arm-none-eabi/12.2.1/thumb/v7e-m+fp/softfp/crti.o
                0x0000000000004350                _fini
 .fini          0x0000000000004354        0x8 /home/lmh/SimplicityStudio_v5/developer/toolchains/gnu_arm/12.2.rel1_2023.7/bin/../lib/gcc/arm-none-eabi/12.2.1/thumb/v7e-m+fp/softfp/crtn.o
 *crtbegin.o(.ctors)
 *crtbegin?.o(.ctors)
 *(EXCLUDE_FILE(*crtend.o *crtend?.o) .ctors)
 *(SORT_BY_NAME(.ctors.*))
 *(.ctors)
 *crtbegin.o(.dtors)
 *crtbegin?.o(.dtors)
 *(EXCLUDE_FILE(*crtend.o *crtend?.o) .dtors)
 *(SORT_BY_NAME(.dtors.*))
 *(.dtors)
 *(.rodata*)
 .rodata.flashWsTable
                0x000000000000435c       0x28 ./emlib/em_cmu.o
 .rodata        0x0000000000004384        0x3 ./emlib/em_emu.o
 *fill*         0x0000000000004387        0x1 
 .rodata        0x0000000000004388       0x3e ./src/main_s1_xg12.o
 *(.eh_frame*)
 *fill*         0x00000000000043c6        0x2 
 .eh_frame      0x00000000000043c8        0x0 /home/lmh/SimplicityStudio_v5/developer/toolchains/gnu_arm/12.2.rel1_2023.7/bin/../lib/gcc/arm-none-eabi/12.2.1/thumb/v7e-m+fp/softfp/crtbegin.o
 .eh_frame      0x00000000000043c8        0x4 /home/lmh/SimplicityStudio_v5/developer/toolchains/gnu_arm/12.2.rel1_2023.7/bin/../lib/gcc/arm-none-eabi/12.2.1/thumb/v7e-m+fp/softfp/crtend.o

.glue_7         0x00000000000043cc        0x0
 .glue_7        0x00000000000043cc        0x0 linker stubs

.glue_7t        0x00000000000043cc        0x0
 .glue_7t       0x00000000000043cc        0x0 linker stubs

.vfp11_veneer   0x00000000000043cc        0x0
 .vfp11_veneer  0x00000000000043cc        0x0 linker stubs

.v4_bx          0x00000000000043cc        0x0
 .v4_bx         0x00000000000043cc        0x0 linker stubs

.iplt           0x00000000000043cc        0x0
 .iplt          0x00000000000043cc        0x0 /home/lmh/SimplicityStudio_v5/developer/toolchains/gnu_arm/12.2.rel1_2023.7/bin/../lib/gcc/arm-none-eabi/12.2.1/thumb/v7e-m+fp/softfp/crtbegin.o

.ARM.extab
 *(.ARM.extab* .gnu.linkonce.armextab.*)
                0x00000000000043cc                __exidx_start = .

.ARM.exidx      0x00000000000043cc       0x98
 *(.ARM.exidx* .gnu.linkonce.armexidx.*)
 .ARM.exidx     0x00000000000043cc        0x8 /home/lmh/SimplicityStudio_v5/developer/toolchains/gnu_arm/12.2.rel1_2023.7/bin/../lib/gcc/arm-none-eabi/12.2.1/../../../../arm-none-eabi/lib/thumb/v7e-m+fp/softfp/crt0.o
                                         0x10 (size before relaxing)
 .ARM.exidx     0x00000000000043d4       0x10 ./CMSIS/EFR32FG12P/startup_efr32fg12p.o
                                         0x18 (size before relaxing)
 .ARM.exidx.text.selfrel_offset31
                0x00000000000043e4        0x0 /home/lmh/SimplicityStudio_v5/developer/toolchains/gnu_arm/12.2.rel1_2023.7/bin/../lib/gcc/arm-none-eabi/12.2.1/thumb/v7e-m+fp/softfp/libgcc.a(unwind-arm.o)
                                          0x8 (size before relaxing)
 .ARM.exidx.text.search_EIT_table
                0x00000000000043e4        0x0 /home/lmh/SimplicityStudio_v5/developer/toolchains/gnu_arm/12.2.rel1_2023.7/bin/../lib/gcc/arm-none-eabi/12.2.1/thumb/v7e-m+fp/softfp/libgcc.a(unwind-arm.o)
                                          0x8 (size before relaxing)
 .ARM.exidx.text.__gnu_unwind_get_pr_addr
                0x00000000000043e4        0x0 /home/lmh/SimplicityStudio_v5/developer/toolchains/gnu_arm/12.2.rel1_2023.7/bin/../lib/gcc/arm-none-eabi/12.2.1/thumb/v7e-m+fp/softfp/libgcc.a(unwind-arm.o)
                                          0x8 (size before relaxing)
 .ARM.exidx.text.get_eit_entry
                0x00000000000043e4        0x8 /home/lmh/SimplicityStudio_v5/developer/toolchains/gnu_arm/12.2.rel1_2023.7/bin/../lib/gcc/arm-none-eabi/12.2.1/thumb/v7e-m+fp/softfp/libgcc.a(unwind-arm.o)
 .ARM.exidx.text.restore_non_core_regs
                0x00000000000043ec        0x8 /home/lmh/SimplicityStudio_v5/developer/toolchains/gnu_arm/12.2.rel1_2023.7/bin/../lib/gcc/arm-none-eabi/12.2.1/thumb/v7e-m+fp/softfp/libgcc.a(unwind-arm.o)
 .ARM.exidx.text._Unwind_decode_typeinfo_ptr.constprop.0
                0x00000000000043f4        0x8 /home/lmh/SimplicityStudio_v5/developer/toolchains/gnu_arm/12.2.rel1_2023.7/bin/../lib/gcc/arm-none-eabi/12.2.1/thumb/v7e-m+fp/softfp/libgcc.a(unwind-arm.o)
 .ARM.exidx.text._Unwind_DebugHook
                0x00000000000043fc        0x0 /home/lmh/SimplicityStudio_v5/developer/toolchains/gnu_arm/12.2.rel1_2023.7/bin/../lib/gcc/arm-none-eabi/12.2.1/thumb/v7e-m+fp/softfp/libgcc.a(unwind-arm.o)
                                          0x8 (size before relaxing)
 .ARM.exidx.text.unwind_phase2
                0x00000000000043fc        0x8 /home/lmh/SimplicityStudio_v5/developer/toolchains/gnu_arm/12.2.rel1_2023.7/bin/../lib/gcc/arm-none-eabi/12.2.1/thumb/v7e-m+fp/softfp/libgcc.a(unwind-arm.o)
 .ARM.exidx.text.unwind_phase2_forced
                0x0000000000004404        0x8 /home/lmh/SimplicityStudio_v5/developer/toolchains/gnu_arm/12.2.rel1_2023.7/bin/../lib/gcc/arm-none-eabi/12.2.1/thumb/v7e-m+fp/softfp/libgcc.a(unwind-arm.o)
 .ARM.exidx.text.__gnu_Unwind_RaiseException
                0x000000000000440c        0x8 /home/lmh/SimplicityStudio_v5/developer/toolchains/gnu_arm/12.2.rel1_2023.7/bin/../lib/gcc/arm-none-eabi/12.2.1/thumb/v7e-m+fp/softfp/libgcc.a(unwind-arm.o)
 .ARM.exidx.text.__gnu_Unwind_ForcedUnwind
                0x0000000000004414        0x8 /home/lmh/SimplicityStudio_v5/developer/toolchains/gnu_arm/12.2.rel1_2023.7/bin/../lib/gcc/arm-none-eabi/12.2.1/thumb/v7e-m+fp/softfp/libgcc.a(unwind-arm.o)
 .ARM.exidx.text.__gnu_Unwind_Resume
                0x000000000000441c        0x8 /home/lmh/SimplicityStudio_v5/developer/toolchains/gnu_arm/12.2.rel1_2023.7/bin/../lib/gcc/arm-none-eabi/12.2.1/thumb/v7e-m+fp/softfp/libgcc.a(unwind-arm.o)
 .ARM.exidx.text.__gnu_Unwind_Resume_or_Rethrow
                0x0000000000004424        0x8 /home/lmh/SimplicityStudio_v5/developer/toolchains/gnu_arm/12.2.rel1_2023.7/bin/../lib/gcc/arm-none-eabi/12.2.1/thumb/v7e-m+fp/softfp/libgcc.a(unwind-arm.o)
 .ARM.exidx.text._Unwind_VRS_Get
                0x000000000000442c        0x0 /home/lmh/SimplicityStudio_v5/developer/toolchains/gnu_arm/12.2.rel1_2023.7/bin/../lib/gcc/arm-none-eabi/12.2.1/thumb/v7e-m+fp/softfp/libgcc.a(unwind-arm.o)
                                          0x8 (size before relaxing)
 .ARM.exidx.text._Unwind_GetGR
                0x000000000000442c        0x0 /home/lmh/SimplicityStudio_v5/developer/toolchains/gnu_arm/12.2.rel1_2023.7/bin/../lib/gcc/arm-none-eabi/12.2.1/thumb/v7e-m+fp/softfp/libgcc.a(unwind-arm.o)
                                          0x8 (size before relaxing)
 .ARM.exidx.text._Unwind_VRS_Set
                0x000000000000442c        0x0 /home/lmh/SimplicityStudio_v5/developer/toolchains/gnu_arm/12.2.rel1_2023.7/bin/../lib/gcc/arm-none-eabi/12.2.1/thumb/v7e-m+fp/softfp/libgcc.a(unwind-arm.o)
                                          0x8 (size before relaxing)
 .ARM.exidx.text._Unwind_SetGR
                0x000000000000442c        0x0 /home/lmh/SimplicityStudio_v5/developer/toolchains/gnu_arm/12.2.rel1_2023.7/bin/../lib/gcc/arm-none-eabi/12.2.1/thumb/v7e-m+fp/softfp/libgcc.a(unwind-arm.o)
                                          0x8 (size before relaxing)
 .ARM.exidx.text.__gnu_Unwind_Backtrace
                0x000000000000442c        0x8 /home/lmh/SimplicityStudio_v5/developer/toolchains/gnu_arm/12.2.rel1_2023.7/bin/../lib/gcc/arm-none-eabi/12.2.1/thumb/v7e-m+fp/softfp/libgcc.a(unwind-arm.o)
 .ARM.exidx.text.__gnu_unwind_pr_common
                0x0000000000004434        0x8 /home/lmh/SimplicityStudio_v5/developer/toolchains/gnu_arm/12.2.rel1_2023.7/bin/../lib/gcc/arm-none-eabi/12.2.1/thumb/v7e-m+fp/softfp/libgcc.a(unwind-arm.o)
 .ARM.exidx.text.__aeabi_unwind_cpp_pr0
                0x000000000000443c        0x8 /home/lmh/SimplicityStudio_v5/developer/toolchains/gnu_arm/12.2.rel1_2023.7/bin/../lib/gcc/arm-none-eabi/12.2.1/thumb/v7e-m+fp/softfp/libgcc.a(unwind-arm.o)
 .ARM.exidx.text.__aeabi_unwind_cpp_pr1
                0x0000000000004444        0x0 /home/lmh/SimplicityStudio_v5/developer/toolchains/gnu_arm/12.2.rel1_2023.7/bin/../lib/gcc/arm-none-eabi/12.2.1/thumb/v7e-m+fp/softfp/libgcc.a(unwind-arm.o)
                                          0x8 (size before relaxing)
 .ARM.exidx.text.__aeabi_unwind_cpp_pr2
                0x0000000000004444        0x0 /home/lmh/SimplicityStudio_v5/developer/toolchains/gnu_arm/12.2.rel1_2023.7/bin/../lib/gcc/arm-none-eabi/12.2.1/thumb/v7e-m+fp/softfp/libgcc.a(unwind-arm.o)
                                          0x8 (size before relaxing)
 .ARM.exidx.text._Unwind_VRS_Pop
                0x0000000000004444       0x10 /home/lmh/SimplicityStudio_v5/developer/toolchains/gnu_arm/12.2.rel1_2023.7/bin/../lib/gcc/arm-none-eabi/12.2.1/thumb/v7e-m+fp/softfp/libgcc.a(unwind-arm.o)
                                          0x8 (size before relaxing)
 .ARM.exidx.text.next_unwind_byte
                0x0000000000004454        0x0 /home/lmh/SimplicityStudio_v5/developer/toolchains/gnu_arm/12.2.rel1_2023.7/bin/../lib/gcc/arm-none-eabi/12.2.1/thumb/v7e-m+fp/softfp/libgcc.a(pr-support.o)
                                          0x8 (size before relaxing)
 .ARM.exidx.text.__gnu_unwind_execute
                0x0000000000004454       0x10 /home/lmh/SimplicityStudio_v5/developer/toolchains/gnu_arm/12.2.rel1_2023.7/bin/../lib/gcc/arm-none-eabi/12.2.1/thumb/v7e-m+fp/softfp/libgcc.a(pr-support.o)
                                          0x8 (size before relaxing)
                0x0000000000004464                __exidx_end = .

.rel.dyn        0x0000000000004464        0x0
 .rel.iplt      0x0000000000004464        0x0 /home/lmh/SimplicityStudio_v5/developer/toolchains/gnu_arm/12.2.rel1_2023.7/bin/../lib/gcc/arm-none-eabi/12.2.1/thumb/v7e-m+fp/softfp/crtbegin.o

.copy.table     0x0000000000004464        0xc
                0x0000000000004464                . = ALIGN (0x4)
                0x0000000000004464                __copy_table_start__ = .
                0x0000000000004464        0x4 LONG 0x4470 __etext
                0x0000000000004468        0x4 LONG 0x20000000 __data_start__
                0x000000000000446c        0x4 LONG 0x7 ((__data_end__ - __data_start__) / 0x4)
                0x0000000000004470                __copy_table_end__ = .

.zero.table     0x0000000000004470        0x0
                0x0000000000004470                . = ALIGN (0x4)
                0x0000000000004470                __zero_table_start__ = .
                0x0000000000004470                __zero_table_end__ = .
                0x0000000000004470                __etext = .

.data           0x0000000020000000       0x1c load address 0x0000000000004470
                0x0000000020000000                __data_start__ = .
 *(vtable)
 *(.data*)
 .data.SystemHFXOClock
                0x0000000020000000        0x4 ./CMSIS/EFR32FG12P/system_efr32fg12p.o
 .data.SystemLFXOClock
                0x0000000020000004        0x4 ./CMSIS/EFR32FG12P/system_efr32fg12p.o
 .data.SystemCoreClock
                0x0000000020000008        0x4 ./CMSIS/EFR32FG12P/system_efr32fg12p.o
                0x0000000020000008                SystemCoreClock
 .data.SystemHfrcoFreq
                0x000000002000000c        0x4 ./CMSIS/EFR32FG12P/system_efr32fg12p.o
                0x000000002000000c                SystemHfrcoFreq
 .data.auxHfrcoFreq
                0x0000000020000010        0x4 ./emlib/em_cmu.o
                0x0000000020000014                . = ALIGN (0x4)
                [!provide]                        PROVIDE (__ram_func_section_start = .)
 *(.ram)
                [!provide]                        PROVIDE (__ram_func_section_end = .)
                0x0000000020000014                . = ALIGN (0x4)
                0x0000000020000014                PROVIDE (__preinit_array_start = .)
 *(.preinit_array)
                0x0000000020000014                PROVIDE (__preinit_array_end = .)
                0x0000000020000014                . = ALIGN (0x4)
                0x0000000020000014                PROVIDE (__init_array_start = .)
 *(SORT_BY_NAME(.init_array.*))
 *(.init_array)
 .init_array    0x0000000020000014        0x4 /home/lmh/SimplicityStudio_v5/developer/toolchains/gnu_arm/12.2.rel1_2023.7/bin/../lib/gcc/arm-none-eabi/12.2.1/thumb/v7e-m+fp/softfp/crtbegin.o
                0x0000000020000018                PROVIDE (__init_array_end = .)
                0x0000000020000018                . = ALIGN (0x4)
                [!provide]                        PROVIDE (__fini_array_start = .)
 *(SORT_BY_NAME(.fini_array.*))
 *(.fini_array)
 .fini_array    0x0000000020000018        0x4 /home/lmh/SimplicityStudio_v5/developer/toolchains/gnu_arm/12.2.rel1_2023.7/bin/../lib/gcc/arm-none-eabi/12.2.1/thumb/v7e-m+fp/softfp/crtbegin.o
                [!provide]                        PROVIDE (__fini_array_end = .)
 *(.jcr*)
                0x000000002000001c                . = ALIGN (0x4)
                0x000000002000001c                __data_end__ = .

.tm_clone_table
                0x000000002000001c        0x0 load address 0x000000000000448c
 .tm_clone_table
                0x000000002000001c        0x0 /home/lmh/SimplicityStudio_v5/developer/toolchains/gnu_arm/12.2.rel1_2023.7/bin/../lib/gcc/arm-none-eabi/12.2.1/thumb/v7e-m+fp/softfp/crtbegin.o
 .tm_clone_table
                0x000000002000001c        0x0 /home/lmh/SimplicityStudio_v5/developer/toolchains/gnu_arm/12.2.rel1_2023.7/bin/../lib/gcc/arm-none-eabi/12.2.1/thumb/v7e-m+fp/softfp/crtend.o

.igot.plt       0x000000002000001c        0x0 load address 0x000000000000448c
 .igot.plt      0x000000002000001c        0x0 /home/lmh/SimplicityStudio_v5/developer/toolchains/gnu_arm/12.2.rel1_2023.7/bin/../lib/gcc/arm-none-eabi/12.2.1/thumb/v7e-m+fp/softfp/crtbegin.o

.bss            0x000000002000001c       0x48 load address 0x000000000000448c
                0x000000002000001c                . = ALIGN (0x4)
                0x000000002000001c                __bss_start__ = .
 *(.bss*)
 .bss.completed.1
                0x000000002000001c        0x1 /home/lmh/SimplicityStudio_v5/developer/toolchains/gnu_arm/12.2.rel1_2023.7/bin/../lib/gcc/arm-none-eabi/12.2.1/thumb/v7e-m+fp/softfp/crtbegin.o
 *fill*         0x000000002000001d        0x3 
 .bss.object.0  0x0000000020000020       0x18 /home/lmh/SimplicityStudio_v5/developer/toolchains/gnu_arm/12.2.rel1_2023.7/bin/../lib/gcc/arm-none-eabi/12.2.1/thumb/v7e-m+fp/softfp/crtbegin.o
 .bss.dcdcMaxCurrent_mA
                0x0000000020000038        0x2 ./emlib/em_emu.o
 .bss.dcdcEm01LoadCurrent_mA
                0x000000002000003a        0x2 ./emlib/em_emu.o
 .bss.dcdcReverseCurrentControl
                0x000000002000003c        0x2 ./emlib/em_emu.o
 *fill*         0x000000002000003e        0x2 
 .bss.vScaleEM01Config
                0x0000000020000040        0x1 ./emlib/em_emu.o
 *fill*         0x0000000020000041        0x3 
 .bss.outbuf    0x0000000020000044        0xa ./src/main_s1_xg12.o
                0x0000000020000044                outbuf
 *fill*         0x000000002000004e        0x2 
 .bss.inbuf     0x0000000020000050        0xa ./src/main_s1_xg12.o
                0x0000000020000050                inbuf
 *fill*         0x000000002000005a        0x2 
 .bss.bufpos    0x000000002000005c        0x4 ./src/main_s1_xg12.o
                0x000000002000005c                bufpos
 .bss.__stdio_exit_handler
                0x0000000020000060        0x4 /home/lmh/SimplicityStudio_v5/developer/toolchains/gnu_arm/12.2.rel1_2023.7/bin/../lib/gcc/arm-none-eabi/12.2.1/../../../../arm-none-eabi/lib/thumb/v7e-m+fp/softfp/libc_nano.a(libc_a-findfp.o)
                0x0000000020000060                __stdio_exit_handler
 *(COMMON)
                0x0000000020000064                . = ALIGN (0x4)
                0x0000000020000064                __bss_end__ = .

.heap           0x0000000020000068      0xc00
                0x0000000020000068                __HeapBase = .
                0x0000000020000068                __end__ = .
                0x0000000020000068                end = __end__
                0x0000000020000068                _end = __end__
 *(.heap*)
 .heap          0x0000000020000068      0xc00 ./CMSIS/EFR32FG12P/startup_efr32fg12p.o
                0x0000000020000c68                __HeapLimit = .

.stack_dummy    0x0000000020000068      0x400
 *(.stack*)
 .stack         0x0000000020000068      0x400 ./CMSIS/EFR32FG12P/startup_efr32fg12p.o
                0x0000000020040000                __StackTop = (ORIGIN (RAM) + LENGTH (RAM))
                0x000000002003fc00                __StackLimit = (__StackTop - SIZEOF (.stack_dummy))
                0x0000000020040000                PROVIDE (__stack = __StackTop)
                0x0000000000000001                ASSERT ((__StackLimit >= __HeapLimit), region RAM overflowed with stack)
                0x0000000000000001                ASSERT ((LENGTH (FLASH) >= (__etext + SIZEOF (.data))), FLASH memory overflowed !)
OUTPUT(BRD4253A_EFR32FG12_spi_slave_interrupt.axf elf32-littlearm)
LOAD linker stubs

.ARM.attributes
                0x0000000000000000       0x2e
 .ARM.attributes
                0x0000000000000000       0x22 /home/lmh/SimplicityStudio_v5/developer/toolchains/gnu_arm/12.2.rel1_2023.7/bin/../lib/gcc/arm-none-eabi/12.2.1/thumb/v7e-m+fp/softfp/crti.o
 .ARM.attributes
                0x0000000000000022       0x32 /home/lmh/SimplicityStudio_v5/developer/toolchains/gnu_arm/12.2.rel1_2023.7/bin/../lib/gcc/arm-none-eabi/12.2.1/thumb/v7e-m+fp/softfp/crtbegin.o
 .ARM.attributes
                0x0000000000000054       0x20 /home/lmh/SimplicityStudio_v5/developer/toolchains/gnu_arm/12.2.rel1_2023.7/bin/../lib/gcc/arm-none-eabi/12.2.1/../../../../arm-none-eabi/lib/thumb/v7e-m+fp/softfp/crt0.o
 .ARM.attributes
                0x0000000000000074       0x20 ./CMSIS/EFR32FG12P/startup_efr32fg12p.o
 .ARM.attributes
                0x0000000000000094       0x32 ./CMSIS/EFR32FG12P/system_efr32fg12p.o
 .ARM.attributes
                0x00000000000000c6       0x32 ./emlib/em_cmu.o
 .ARM.attributes
                0x00000000000000f8       0x32 ./emlib/em_core.o
 .ARM.attributes
                0x000000000000012a       0x32 ./emlib/em_emu.o
 .ARM.attributes
                0x000000000000015c       0x32 ./emlib/em_gpio.o
 .ARM.attributes
                0x000000000000018e       0x32 ./emlib/em_system.o
 .ARM.attributes
                0x00000000000001c0       0x32 ./emlib/em_usart.o
 .ARM.attributes
                0x00000000000001f2       0x32 ./src/main_s1_xg12.o
 .ARM.attributes
                0x0000000000000224       0x32 ./src/sl_syscalls.o
 .ARM.attributes
                0x0000000000000256       0x32 /home/lmh/SimplicityStudio_v5/developer/toolchains/gnu_arm/12.2.rel1_2023.7/bin/../lib/gcc/arm-none-eabi/12.2.1/thumb/v7e-m+fp/softfp/libgcc.a(unwind-arm.o)
 .ARM.attributes
                0x0000000000000288       0x22 /home/lmh/SimplicityStudio_v5/developer/toolchains/gnu_arm/12.2.rel1_2023.7/bin/../lib/gcc/arm-none-eabi/12.2.1/thumb/v7e-m+fp/softfp/libgcc.a(libunwind.o)
 .ARM.attributes
                0x00000000000002aa       0x32 /home/lmh/SimplicityStudio_v5/developer/toolchains/gnu_arm/12.2.rel1_2023.7/bin/../lib/gcc/arm-none-eabi/12.2.1/thumb/v7e-m+fp/softfp/libgcc.a(pr-support.o)
 .ARM.attributes
                0x00000000000002dc       0x32 /home/lmh/SimplicityStudio_v5/developer/toolchains/gnu_arm/12.2.rel1_2023.7/bin/../lib/gcc/arm-none-eabi/12.2.1/../../../../arm-none-eabi/lib/thumb/v7e-m+fp/softfp/libc_nano.a(libc_a-exit.o)
 .ARM.attributes
                0x000000000000030e       0x32 /home/lmh/SimplicityStudio_v5/developer/toolchains/gnu_arm/12.2.rel1_2023.7/bin/../lib/gcc/arm-none-eabi/12.2.1/../../../../arm-none-eabi/lib/thumb/v7e-m+fp/softfp/libc_nano.a(libc_a-init.o)
 .ARM.attributes
                0x0000000000000340       0x32 /home/lmh/SimplicityStudio_v5/developer/toolchains/gnu_arm/12.2.rel1_2023.7/bin/../lib/gcc/arm-none-eabi/12.2.1/../../../../arm-none-eabi/lib/thumb/v7e-m+fp/softfp/libc_nano.a(libc_a-memcpy-stub.o)
 .ARM.attributes
                0x0000000000000372       0x32 /home/lmh/SimplicityStudio_v5/developer/toolchains/gnu_arm/12.2.rel1_2023.7/bin/../lib/gcc/arm-none-eabi/12.2.1/../../../../arm-none-eabi/lib/thumb/v7e-m+fp/softfp/libc_nano.a(libc_a-findfp.o)
 .ARM.attributes
                0x00000000000003a4       0x32 /home/lmh/SimplicityStudio_v5/developer/toolchains/gnu_arm/12.2.rel1_2023.7/bin/../lib/gcc/arm-none-eabi/12.2.1/../../../../arm-none-eabi/lib/thumb/v7e-m+fp/softfp/libc_nano.a(libc_a-memset.o)
 .ARM.attributes
                0x00000000000003d6       0x32 /home/lmh/SimplicityStudio_v5/developer/toolchains/gnu_arm/12.2.rel1_2023.7/bin/../lib/gcc/arm-none-eabi/12.2.1/thumb/v7e-m+fp/softfp/crtend.o
 .ARM.attributes
                0x0000000000000408       0x22 /home/lmh/SimplicityStudio_v5/developer/toolchains/gnu_arm/12.2.rel1_2023.7/bin/../lib/gcc/arm-none-eabi/12.2.1/thumb/v7e-m+fp/softfp/crtn.o

.comment        0x0000000000000000       0x45
 .comment       0x0000000000000000       0x45 ./CMSIS/EFR32FG12P/system_efr32fg12p.o
                                         0x46 (size before relaxing)
 .comment       0x0000000000000045       0x46 ./emlib/em_cmu.o
 .comment       0x0000000000000045       0x46 ./emlib/em_core.o
 .comment       0x0000000000000045       0x46 ./emlib/em_emu.o
 .comment       0x0000000000000045       0x46 ./emlib/em_gpio.o
 .comment       0x0000000000000045       0x46 ./emlib/em_system.o
 .comment       0x0000000000000045       0x46 ./emlib/em_usart.o
 .comment       0x0000000000000045       0x46 ./src/main_s1_xg12.o
 .comment       0x0000000000000045       0x46 ./src/sl_syscalls.o

.debug_line_str
                0x0000000000000000      0x1a6
 .debug_line_str
                0x0000000000000000       0xde /home/lmh/SimplicityStudio_v5/developer/toolchains/gnu_arm/12.2.rel1_2023.7/bin/../lib/gcc/arm-none-eabi/12.2.1/../../../../arm-none-eabi/lib/thumb/v7e-m+fp/softfp/crt0.o
 .debug_line_str
                0x00000000000000de       0xc8 /home/lmh/SimplicityStudio_v5/developer/toolchains/gnu_arm/12.2.rel1_2023.7/bin/../lib/gcc/arm-none-eabi/12.2.1/thumb/v7e-m+fp/softfp/libgcc.a(libunwind.o)

.debug_line     0x0000000000000000     0x5ae8
 .debug_line    0x0000000000000000       0xcd ./CMSIS/EFR32FG12P/startup_efr32fg12p.o
 .debug_line    0x00000000000000cd      0x3b3 ./CMSIS/EFR32FG12P/system_efr32fg12p.o
 .debug_line    0x0000000000000480     0x19e8 ./emlib/em_cmu.o
 .debug_line    0x0000000000001e68      0x810 ./emlib/em_core.o
 .debug_line    0x0000000000002678     0x182e ./emlib/em_emu.o
 .debug_line    0x0000000000003ea6      0x702 ./emlib/em_gpio.o
 .debug_line    0x00000000000045a8      0x41d ./emlib/em_system.o
 .debug_line    0x00000000000049c5      0x93c ./emlib/em_usart.o
 .debug_line    0x0000000000005301      0x68d ./src/main_s1_xg12.o
 .debug_line    0x000000000000598e      0x15a ./src/sl_syscalls.o

.debug_info     0x0000000000000000     0xb89c
 .debug_info    0x0000000000000000      0x37d ./CMSIS/EFR32FG12P/startup_efr32fg12p.o
 .debug_info    0x000000000000037d      0x998 ./CMSIS/EFR32FG12P/system_efr32fg12p.o
 .debug_info    0x0000000000000d15     0x29e6 ./emlib/em_cmu.o
 .debug_info    0x00000000000036fb      0xdf1 ./emlib/em_core.o
 .debug_info    0x00000000000044ec     0x2b9d ./emlib/em_emu.o
 .debug_info    0x0000000000007089      0xb3c ./emlib/em_gpio.o
 .debug_info    0x0000000000007bc5      0xbd5 ./emlib/em_system.o
 .debug_info    0x000000000000879a     0x10fd ./emlib/em_usart.o
 .debug_info    0x0000000000009897     0x1d1b ./src/main_s1_xg12.o
 .debug_info    0x000000000000b5b2      0x2ea ./src/sl_syscalls.o

.debug_abbrev   0x0000000000000000     0x172c
 .debug_abbrev  0x0000000000000000       0x21 ./CMSIS/EFR32FG12P/startup_efr32fg12p.o
 .debug_abbrev  0x0000000000000021      0x1fe ./CMSIS/EFR32FG12P/system_efr32fg12p.o
 .debug_abbrev  0x000000000000021f      0x3f5 ./emlib/em_cmu.o
 .debug_abbrev  0x0000000000000614      0x27d ./emlib/em_core.o
 .debug_abbrev  0x0000000000000891      0x411 ./emlib/em_emu.o
 .debug_abbrev  0x0000000000000ca2      0x251 ./emlib/em_gpio.o
 .debug_abbrev  0x0000000000000ef3      0x1e5 ./emlib/em_system.o
 .debug_abbrev  0x00000000000010d8      0x25e ./emlib/em_usart.o
 .debug_abbrev  0x0000000000001336      0x31d ./src/main_s1_xg12.o
 .debug_abbrev  0x0000000000001653       0xd9 ./src/sl_syscalls.o

.debug_aranges  0x0000000000000000      0x8c8
 .debug_aranges
                0x0000000000000000       0x20 ./CMSIS/EFR32FG12P/startup_efr32fg12p.o
 .debug_aranges
                0x0000000000000020       0x68 ./CMSIS/EFR32FG12P/system_efr32fg12p.o
 .debug_aranges
                0x0000000000000088      0x258 ./emlib/em_cmu.o
 .debug_aranges
                0x00000000000002e0       0xe8 ./emlib/em_core.o
 .debug_aranges
                0x00000000000003c8      0x218 ./emlib/em_emu.o
 .debug_aranges
                0x00000000000005e0       0x90 ./emlib/em_gpio.o
 .debug_aranges
                0x0000000000000670       0x78 ./emlib/em_system.o
 .debug_aranges
                0x00000000000006e8       0xd0 ./emlib/em_usart.o
 .debug_aranges
                0x00000000000007b8       0xa8 ./src/main_s1_xg12.o
 .debug_aranges
                0x0000000000000860       0x68 ./src/sl_syscalls.o

.debug_str      0x0000000000000000     0x506d
 .debug_str     0x0000000000000000      0x4f6 ./CMSIS/EFR32FG12P/startup_efr32fg12p.o
                                        0x51a (size before relaxing)
 .debug_str     0x00000000000004f6      0x5de ./CMSIS/EFR32FG12P/system_efr32fg12p.o
                                        0x6b5 (size before relaxing)
 .debug_str     0x0000000000000ad4     0x172f ./emlib/em_cmu.o
                                       0x1d12 (size before relaxing)
 .debug_str     0x0000000000002203      0x670 ./emlib/em_core.o
                                        0x92c (size before relaxing)
 .debug_str     0x0000000000002873     0x111a ./emlib/em_emu.o
                                       0x20ea (size before relaxing)
 .debug_str     0x000000000000398d      0x36e ./emlib/em_gpio.o
                                        0x855 (size before relaxing)
 .debug_str     0x0000000000003cfb      0x8ed ./emlib/em_system.o
                                        0xea2 (size before relaxing)
 .debug_str     0x00000000000045e8      0x89f ./emlib/em_usart.o
                                        0xdf7 (size before relaxing)
 .debug_str     0x0000000000004e87      0x131 ./src/main_s1_xg12.o
                                       0x1843 (size before relaxing)
 .debug_str     0x0000000000004fb8       0xb5 ./src/sl_syscalls.o
                                        0x282 (size before relaxing)

.debug_loc      0x0000000000000000     0x4d7c
 .debug_loc     0x0000000000000000      0x2e4 ./CMSIS/EFR32FG12P/system_efr32fg12p.o
 .debug_loc     0x00000000000002e4     0x15cc ./emlib/em_cmu.o
 .debug_loc     0x00000000000018b0      0x88c ./emlib/em_core.o
 .debug_loc     0x000000000000213c     0x12ca ./emlib/em_emu.o
 .debug_loc     0x0000000000003406      0x504 ./emlib/em_gpio.o
 .debug_loc     0x000000000000390a      0x3c0 ./emlib/em_system.o
 .debug_loc     0x0000000000003cca      0x7da ./emlib/em_usart.o
 .debug_loc     0x00000000000044a4      0x57c ./src/main_s1_xg12.o
 .debug_loc     0x0000000000004a20      0x35c ./src/sl_syscalls.o

.debug_ranges   0x0000000000000000      0x818
 .debug_ranges  0x0000000000000000       0x58 ./CMSIS/EFR32FG12P/system_efr32fg12p.o
 .debug_ranges  0x0000000000000058      0x248 ./emlib/em_cmu.o
 .debug_ranges  0x00000000000002a0       0xd8 ./emlib/em_core.o
 .debug_ranges  0x0000000000000378      0x208 ./emlib/em_emu.o
 .debug_ranges  0x0000000000000580       0x80 ./emlib/em_gpio.o
 .debug_ranges  0x0000000000000600       0x68 ./emlib/em_system.o
 .debug_ranges  0x0000000000000668       0xc0 ./emlib/em_usart.o
 .debug_ranges  0x0000000000000728       0x98 ./src/main_s1_xg12.o
 .debug_ranges  0x00000000000007c0       0x58 ./src/sl_syscalls.o

.debug_frame    0x0000000000000000     0x29d0
 .debug_frame   0x0000000000000000      0x164 ./CMSIS/EFR32FG12P/system_efr32fg12p.o
 .debug_frame   0x0000000000000164      0xa38 ./emlib/em_cmu.o
 .debug_frame   0x0000000000000b9c      0x3dc ./emlib/em_core.o
 .debug_frame   0x0000000000000f78      0x8dc ./emlib/em_emu.o
 .debug_frame   0x0000000000001854      0x248 ./emlib/em_gpio.o
 .debug_frame   0x0000000000001a9c      0x1cc ./emlib/em_system.o
 .debug_frame   0x0000000000001c68      0x390 ./emlib/em_usart.o
 .debug_frame   0x0000000000001ff8      0x2a4 ./src/main_s1_xg12.o
 .debug_frame   0x000000000000229c      0x18c ./src/sl_syscalls.o
 .debug_frame   0x0000000000002428      0x2c4 /home/lmh/SimplicityStudio_v5/developer/toolchains/gnu_arm/12.2.rel1_2023.7/bin/../lib/gcc/arm-none-eabi/12.2.1/thumb/v7e-m+fp/softfp/libgcc.a(unwind-arm.o)
 .debug_frame   0x00000000000026ec      0x104 /home/lmh/SimplicityStudio_v5/developer/toolchains/gnu_arm/12.2.rel1_2023.7/bin/../lib/gcc/arm-none-eabi/12.2.1/thumb/v7e-m+fp/softfp/libgcc.a(pr-support.o)
 .debug_frame   0x00000000000027f0       0x28 /home/lmh/SimplicityStudio_v5/developer/toolchains/gnu_arm/12.2.rel1_2023.7/bin/../lib/gcc/arm-none-eabi/12.2.1/../../../../arm-none-eabi/lib/thumb/v7e-m+fp/softfp/libc_nano.a(libc_a-exit.o)
 .debug_frame   0x0000000000002818       0x2c /home/lmh/SimplicityStudio_v5/developer/toolchains/gnu_arm/12.2.rel1_2023.7/bin/../lib/gcc/arm-none-eabi/12.2.1/../../../../arm-none-eabi/lib/thumb/v7e-m+fp/softfp/libc_nano.a(libc_a-init.o)
 .debug_frame   0x0000000000002844       0x28 /home/lmh/SimplicityStudio_v5/developer/toolchains/gnu_arm/12.2.rel1_2023.7/bin/../lib/gcc/arm-none-eabi/12.2.1/../../../../arm-none-eabi/lib/thumb/v7e-m+fp/softfp/libc_nano.a(libc_a-memcpy-stub.o)
 .debug_frame   0x000000000000286c      0x144 /home/lmh/SimplicityStudio_v5/developer/toolchains/gnu_arm/12.2.rel1_2023.7/bin/../lib/gcc/arm-none-eabi/12.2.1/../../../../arm-none-eabi/lib/thumb/v7e-m+fp/softfp/libc_nano.a(libc_a-findfp.o)
 .debug_frame   0x00000000000029b0       0x20 /home/lmh/SimplicityStudio_v5/developer/toolchains/gnu_arm/12.2.rel1_2023.7/bin/../lib/gcc/arm-none-eabi/12.2.1/../../../../arm-none-eabi/lib/thumb/v7e-m+fp/softfp/libc_nano.a(libc_a-memset.o)
